../Core/Src/main.c:816:6:StartDefaultTask	32	static
../Core/Src/main.c:840:6:Display	32	static
../Core/Src/main.c:865:6:LeftMotor	128	static
../Core/Src/main.c:1637:6:GyroFunc	88	static
../Core/Src/main.c:149:6:delay	0	static
../Core/Src/main.c:155:6:HAL_TIM_IC_CaptureCallback	24	static
../Core/Src/main.c:205:6:HCSR04_Read	8	static
../Core/Src/main.c:1756:6:sonic_sensor	32	static
../Core/Src/main.c:327:6:SystemClock_Config	88	static,ignoring_inline_asm
../Core/Src/main.c:219:5:main	128	static,ignoring_inline_asm
../Core/Src/main.c:801:9:is_right	0	static
../Core/Src/main.c:1775:6:Error_Handler	0	static,ignoring_inline_asm
