Archive member included to satisfy reference by file (symbol)

C:/ST/STM32CubeIDE_1.14.1/STM32CubeIDE/plugins/com.st.stm32cube.ide.mcu.externaltools.gnu-tools-for-stm32.11.3.rel1.win32_1.1.100.202309141235/tools/bin/../lib/gcc/arm-none-eabi/11.3.1/../../../../arm-none-eabi/lib/thumb/v7e-m+fp/hard\libc_nano.a(libc_a-exit.o)
                              C:/ST/STM32CubeIDE_1.14.1/STM32CubeIDE/plugins/com.st.stm32cube.ide.mcu.externaltools.gnu-tools-for-stm32.11.3.rel1.win32_1.1.100.202309141235/tools/bin/../lib/gcc/arm-none-eabi/11.3.1/../../../../arm-none-eabi/lib/thumb/v7e-m+fp/hard/crt0.o (exit)
C:/ST/STM32CubeIDE_1.14.1/STM32CubeIDE/plugins/com.st.stm32cube.ide.mcu.externaltools.gnu-tools-for-stm32.11.3.rel1.win32_1.1.100.202309141235/tools/bin/../lib/gcc/arm-none-eabi/11.3.1/../../../../arm-none-eabi/lib/thumb/v7e-m+fp/hard\libc_nano.a(libc_a-findfp.o)
                              C:/ST/STM32CubeIDE_1.14.1/STM32CubeIDE/plugins/com.st.stm32cube.ide.mcu.externaltools.gnu-tools-for-stm32.11.3.rel1.win32_1.1.100.202309141235/tools/bin/../lib/gcc/arm-none-eabi/11.3.1/../../../../arm-none-eabi/lib/thumb/v7e-m+fp/hard\libc_nano.a(libc_a-exit.o) (__stdio_exit_handler)
C:/ST/STM32CubeIDE_1.14.1/STM32CubeIDE/plugins/com.st.stm32cube.ide.mcu.externaltools.gnu-tools-for-stm32.11.3.rel1.win32_1.1.100.202309141235/tools/bin/../lib/gcc/arm-none-eabi/11.3.1/../../../../arm-none-eabi/lib/thumb/v7e-m+fp/hard\libc_nano.a(libc_a-fwalk.o)
                              C:/ST/STM32CubeIDE_1.14.1/STM32CubeIDE/plugins/com.st.stm32cube.ide.mcu.externaltools.gnu-tools-for-stm32.11.3.rel1.win32_1.1.100.202309141235/tools/bin/../lib/gcc/arm-none-eabi/11.3.1/../../../../arm-none-eabi/lib/thumb/v7e-m+fp/hard\libc_nano.a(libc_a-findfp.o) (_fwalk_sglue)
C:/ST/STM32CubeIDE_1.14.1/STM32CubeIDE/plugins/com.st.stm32cube.ide.mcu.externaltools.gnu-tools-for-stm32.11.3.rel1.win32_1.1.100.202309141235/tools/bin/../lib/gcc/arm-none-eabi/11.3.1/../../../../arm-none-eabi/lib/thumb/v7e-m+fp/hard\libc_nano.a(libc_a-sprintf.o)
                              ./Core/Src/IMU.o (sprintf)
C:/ST/STM32CubeIDE_1.14.1/STM32CubeIDE/plugins/com.st.stm32cube.ide.mcu.externaltools.gnu-tools-for-stm32.11.3.rel1.win32_1.1.100.202309141235/tools/bin/../lib/gcc/arm-none-eabi/11.3.1/../../../../arm-none-eabi/lib/thumb/v7e-m+fp/hard\libc_nano.a(libc_a-stdio.o)
                              C:/ST/STM32CubeIDE_1.14.1/STM32CubeIDE/plugins/com.st.stm32cube.ide.mcu.externaltools.gnu-tools-for-stm32.11.3.rel1.win32_1.1.100.202309141235/tools/bin/../lib/gcc/arm-none-eabi/11.3.1/../../../../arm-none-eabi/lib/thumb/v7e-m+fp/hard\libc_nano.a(libc_a-findfp.o) (__sread)
C:/ST/STM32CubeIDE_1.14.1/STM32CubeIDE/plugins/com.st.stm32cube.ide.mcu.externaltools.gnu-tools-for-stm32.11.3.rel1.win32_1.1.100.202309141235/tools/bin/../lib/gcc/arm-none-eabi/11.3.1/../../../../arm-none-eabi/lib/thumb/v7e-m+fp/hard\libc_nano.a(libc_a-memset.o)
                              C:/ST/STM32CubeIDE_1.14.1/STM32CubeIDE/plugins/com.st.stm32cube.ide.mcu.externaltools.gnu-tools-for-stm32.11.3.rel1.win32_1.1.100.202309141235/tools/bin/../lib/gcc/arm-none-eabi/11.3.1/../../../../arm-none-eabi/lib/thumb/v7e-m+fp/hard/crt0.o (memset)
C:/ST/STM32CubeIDE_1.14.1/STM32CubeIDE/plugins/com.st.stm32cube.ide.mcu.externaltools.gnu-tools-for-stm32.11.3.rel1.win32_1.1.100.202309141235/tools/bin/../lib/gcc/arm-none-eabi/11.3.1/../../../../arm-none-eabi/lib/thumb/v7e-m+fp/hard\libc_nano.a(libc_a-closer.o)
                              C:/ST/STM32CubeIDE_1.14.1/STM32CubeIDE/plugins/com.st.stm32cube.ide.mcu.externaltools.gnu-tools-for-stm32.11.3.rel1.win32_1.1.100.202309141235/tools/bin/../lib/gcc/arm-none-eabi/11.3.1/../../../../arm-none-eabi/lib/thumb/v7e-m+fp/hard\libc_nano.a(libc_a-stdio.o) (_close_r)
C:/ST/STM32CubeIDE_1.14.1/STM32CubeIDE/plugins/com.st.stm32cube.ide.mcu.externaltools.gnu-tools-for-stm32.11.3.rel1.win32_1.1.100.202309141235/tools/bin/../lib/gcc/arm-none-eabi/11.3.1/../../../../arm-none-eabi/lib/thumb/v7e-m+fp/hard\libc_nano.a(libc_a-reent.o)
                              C:/ST/STM32CubeIDE_1.14.1/STM32CubeIDE/plugins/com.st.stm32cube.ide.mcu.externaltools.gnu-tools-for-stm32.11.3.rel1.win32_1.1.100.202309141235/tools/bin/../lib/gcc/arm-none-eabi/11.3.1/../../../../arm-none-eabi/lib/thumb/v7e-m+fp/hard\libc_nano.a(libc_a-closer.o) (errno)
C:/ST/STM32CubeIDE_1.14.1/STM32CubeIDE/plugins/com.st.stm32cube.ide.mcu.externaltools.gnu-tools-for-stm32.11.3.rel1.win32_1.1.100.202309141235/tools/bin/../lib/gcc/arm-none-eabi/11.3.1/../../../../arm-none-eabi/lib/thumb/v7e-m+fp/hard\libc_nano.a(libc_a-impure.o)
                              C:/ST/STM32CubeIDE_1.14.1/STM32CubeIDE/plugins/com.st.stm32cube.ide.mcu.externaltools.gnu-tools-for-stm32.11.3.rel1.win32_1.1.100.202309141235/tools/bin/../lib/gcc/arm-none-eabi/11.3.1/../../../../arm-none-eabi/lib/thumb/v7e-m+fp/hard\libc_nano.a(libc_a-sprintf.o) (_impure_ptr)
[...]
Memory Configuration

Name             Origin             Length             Attributes
CCMRAM           0x0000000010000000 0x0000000000010000 xrw
RAM              0x0000000020000000 0x0000000000020000 xrw
FLASH            0x0000000008000000 0x0000000000080000 xr
*default*        0x0000000000000000 0xffffffffffffffff

Linker script and memory map

LOAD C:/ST/STM32CubeIDE_1.14.1/STM32CubeIDE/plugins/com.st.stm32cube.ide.mcu.externaltools.gnu-tools-for-stm32.11.3.rel1.win32_1.1.100.202309141235/tools/bin/../lib/gcc/arm-none-eabi/11.3.1/thumb/v7e-m+fp/hard/crti.o
LOAD C:/ST/STM32CubeIDE_1.14.1/STM32CubeIDE/plugins/com.st.stm32cube.ide.mcu.externaltools.gnu-tools-for-stm32.11.3.rel1.win32_1.1.100.202309141235/tools/bin/../lib/gcc/arm-none-eabi/11.3.1/thumb/v7e-m+fp/hard/crtbegin.o
LOAD C:/ST/STM32CubeIDE_1.14.1/STM32CubeIDE/plugins/com.st.stm32cube.ide.mcu.externaltools.gnu-tools-for-stm32.11.3.rel1.win32_1.1.100.202309141235/tools/bin/../lib/gcc/arm-none-eabi/11.3.1/../../../../arm-none-eabi/lib/thumb/v7e-m+fp/hard/crt0.o
LOAD ./Core/Src/IMU.o
LOAD ./Core/Src/freertos.o
LOAD ./Core/Src/main.o
LOAD ./Core/Src/oled_SC2104.o
LOAD ./Core/Src/pid.o
LOAD ./Core/Src/stm32f4xx_hal_msp.o
LOAD ./Core/Src/stm32f4xx_it.o
LOAD ./Core/Src/syscalls.o
LOAD ./Core/Src/sysmem.o
LOAD ./Core/Src/system_stm32f4xx.o
LOAD ./Core/Startup/startup_stm32f407vetx.o
LOAD ./Drivers/STM32F4xx_HAL_Driver/Src/stm32f4xx_hal.o
LOAD ./Drivers/STM32F4xx_HAL_Driver/Src/stm32f4xx_hal_cortex.o
LOAD ./Drivers/STM32F4xx_HAL_Driver/Src/stm32f4xx_hal_dma.o
LOAD ./Drivers/STM32F4xx_HAL_Driver/Src/stm32f4xx_hal_dma_ex.o
LOAD ./Drivers/STM32F4xx_HAL_Driver/Src/stm32f4xx_hal_exti.o
LOAD ./Drivers/STM32F4xx_HAL_Driver/Src/stm32f4xx_hal_flash.o
LOAD ./Drivers/STM32F4xx_HAL_Driver/Src/stm32f4xx_hal_flash_ex.o
LOAD ./Drivers/STM32F4xx_HAL_Driver/Src/stm32f4xx_hal_flash_ramfunc.o
LOAD ./Drivers/STM32F4xx_HAL_Driver/Src/stm32f4xx_hal_gpio.o
LOAD ./Drivers/STM32F4xx_HAL_Driver/Src/stm32f4xx_hal_i2c.o
LOAD ./Drivers/STM32F4xx_HAL_Driver/Src/stm32f4xx_hal_i2c_ex.o
LOAD ./Drivers/STM32F4xx_HAL_Driver/Src/stm32f4xx_hal_pwr.o
LOAD ./Drivers/STM32F4xx_HAL_Driver/Src/stm32f4xx_hal_pwr_ex.o
LOAD ./Drivers/STM32F4xx_HAL_Driver/Src/stm32f4xx_hal_rcc.o
LOAD ./Drivers/STM32F4xx_HAL_Driver/Src/stm32f4xx_hal_rcc_ex.o
LOAD ./Drivers/STM32F4xx_HAL_Driver/Src/stm32f4xx_hal_tim.o
LOAD ./Drivers/STM32F4xx_HAL_Driver/Src/stm32f4xx_hal_tim_ex.o
LOAD ./Drivers/STM32F4xx_HAL_Driver/Src/stm32f4xx_hal_uart.o
LOAD ./Middlewares/Third_Party/FreeRTOS/Source/CMSIS_RTOS_V2/cmsis_os2.o
LOAD ./Middlewares/Third_Party/FreeRTOS/Source/croutine.o
LOAD ./Middlewares/Third_Party/FreeRTOS/Source/event_groups.o
LOAD ./Middlewares/Third_Party/FreeRTOS/Source/list.o
LOAD ./Middlewares/Third_Party/FreeRTOS/Source/queue.o
LOAD ./Middlewares/Third_Party/FreeRTOS/Source/stream_buffer.o
LOAD ./Middlewares/Third_Party/FreeRTOS/Source/tasks.o
LOAD ./Middlewares/Third_Party/FreeRTOS/Source/timers.o
LOAD ./Middlewares/Third_Party/FreeRTOS/Source/portable/GCC/ARM_CM4F/port.o
LOAD ./Middlewares/Third_Party/FreeRTOS/Source/portable/MemMang/heap_4.o
START GROUP
LOAD C:/ST/STM32CubeIDE_1.14.1/STM32CubeIDE/plugins/com.st.stm32cube.ide.mcu.externaltools.gnu-tools-for-stm32.11.3.rel1.win32_1.1.100.202309141235/tools/bin/../lib/gcc/arm-none-eabi/11.3.1/../../../../arm-none-eabi/lib/thumb/v7e-m+fp/hard\libc_nano.a
LOAD C:/ST/STM32CubeIDE_1.14.1/STM32CubeIDE/plugins/com.st.stm32cube.ide.mcu.externaltools.gnu-tools-for-stm32.11.3.rel1.win32_1.1.100.202309141235/tools/bin/../lib/gcc/arm-none-eabi/11.3.1/../../../../arm-none-eabi/lib/thumb/v7e-m+fp/hard\libm.a
END GROUP
START GROUP
LOAD C:/ST/STM32CubeIDE_1.14.1/STM32CubeIDE/plugins/com.st.stm32cube.ide.mcu.externaltools.gnu-tools-for-stm32.11.3.rel1.win32_1.1.100.202309141235/tools/bin/../lib/gcc/arm-none-eabi/11.3.1/thumb/v7e-m+fp/hard\libgcc.a
LOAD C:/ST/STM32CubeIDE_1.14.1/STM32CubeIDE/plugins/com.st.stm32cube.ide.mcu.externaltools.gnu-tools-for-stm32.11.3.rel1.win32_1.1.100.202309141235/tools/bin/../lib/gcc/arm-none-eabi/11.3.1/../../../../arm-none-eabi/lib/thumb/v7e-m+fp/hard\libc_nano.a
END GROUP
START GROUP
LOAD C:/ST/STM32CubeIDE_1.14.1/STM32CubeIDE/plugins/com.st.stm32cube.ide.mcu.externaltools.gnu-tools-for-stm32.11.3.rel1.win32_1.1.100.202309141235/tools/bin/../lib/gcc/arm-none-eabi/11.3.1/thumb/v7e-m+fp/hard\libgcc.a
LOAD C:/ST/STM32CubeIDE_1.14.1/STM32CubeIDE/plugins/com.st.stm32cube.ide.mcu.externaltools.gnu-tools-for-stm32.11.3.rel1.win32_1.1.100.202309141235/tools/bin/../lib/gcc/arm-none-eabi/11.3.1/../../../../arm-none-eabi/lib/thumb/v7e-m+fp/hard\libc_nano.a
LOAD C:/ST/STM32CubeIDE_1.14.1/STM32CubeIDE/plugins/com.st.stm32cube.ide.mcu.externaltools.gnu-tools-for-stm32.11.3.rel1.win32_1.1.100.202309141235/tools/bin/../lib/gcc/arm-none-eabi/11.3.1/../../../../arm-none-eabi/lib/thumb/v7e-m+fp/hard\libnosys.a
END GROUP
START GROUP
LOAD C:/ST/STM32CubeIDE_1.14.1/STM32CubeIDE/plugins/com.st.stm32cube.ide.mcu.externaltools.gnu-tools-for-stm32.11.3.rel1.win32_1.1.100.202309141235/tools/bin/../lib/gcc/arm-none-eabi/11.3.1/thumb/v7e-m+fp/hard\libgcc.a
LOAD C:/ST/STM32CubeIDE_1.14.1/STM32CubeIDE/plugins/com.st.stm32cube.ide.mcu.externaltools.gnu-tools-for-stm32.11.3.rel1.win32_1.1.100.202309141235/tools/bin/../lib/gcc/arm-none-eabi/11.3.1/../../../../arm-none-eabi/lib/thumb/v7e-m+fp/hard\libc_nano.a
LOAD C:/ST/STM32CubeIDE_1.14.1/STM32CubeIDE/plugins/com.st.stm32cube.ide.mcu.externaltools.gnu-tools-for-stm32.11.3.rel1.win32_1.1.100.202309141235/tools/bin/../lib/gcc/arm-none-eabi/11.3.1/../../../../arm-none-eabi/lib/thumb/v7e-m+fp/hard\libnosys.a
END GROUP
LOAD C:/ST/STM32CubeIDE_1.14.1/STM32CubeIDE/plugins/com.st.stm32cube.ide.mcu.externaltools.gnu-tools-for-stm32.11.3.rel1.win32_1.1.100.202309141235/tools/bin/../lib/gcc/arm-none-eabi/11.3.1/thumb/v7e-m+fp/hard/crtend.o
LOAD C:/ST/STM32CubeIDE_1.14.1/STM32CubeIDE/plugins/com.st.stm32cube.ide.mcu.externaltools.gnu-tools-for-stm32.11.3.rel1.win32_1.1.100.202309141235/tools/bin/../lib/gcc/arm-none-eabi/11.3.1/thumb/v7e-m+fp/hard/crtn.o
                0x0000000020020000                _estack = (ORIGIN (RAM) + LENGTH (RAM))
                0x0000000000000200                _Min_Heap_Size = 0x200
                0x0000000000000400                _Min_Stack_Size = 0x400

.isr_vector     0x0000000008000000      0x188
                0x0000000008000000                . = ALIGN (0x4)
 *(.isr_vector)
 .isr_vector    0x0000000008000000      0x188 ./Core/Startup/startup_stm32f407vetx.o
                0x0000000008000000                g_pfnVectors
                0x0000000008000188                . = ALIGN (0x4)

.text           0x0000000008000190     0xd59c
                0x0000000008000190                . = ALIGN (0x4)
 *(.text)
 .text          0x0000000008000190       0x40 C:/ST/STM32CubeIDE_1.14.1/STM32CubeIDE/plugins/com.st.stm32cube.ide.mcu.externaltools.gnu-tools-for-stm32.11.3.rel1.win32_1.1.100.202309141235/tools/bin/../lib/gcc/arm-none-eabi/11.3.1/thumb/v7e-m+fp/hard/crtbegin.o
 .text          0x00000000080001d0       0x10 C:/ST/STM32CubeIDE_1.14.1/STM32CubeIDE/plugins/com.st.stm32cube.ide.mcu.externaltools.gnu-tools-for-stm32.11.3.rel1.win32_1.1.100.202309141235/tools/bin/../lib/gcc/arm-none-eabi/11.3.1/../../../../arm-none-eabi/lib/thumb/v7e-m+fp/hard\libc_nano.a(libc_a-strlen.o)
                0x00000000080001d0                strlen
 .text          0x00000000080001e0       0xa0 C:/ST/STM32CubeIDE_1.14.1/STM32CubeIDE/plugins/com.st.stm32cube.ide.mcu.externaltools.gnu-tools-for-stm32.11.3.rel1.win32_1.1.100.202309141235/tools/bin/../lib/gcc/arm-none-eabi/11.3.1/../../../../arm-none-eabi/lib/thumb/v7e-m+fp/hard\libc_nano.a(libc_a-memchr.o)
                0x00000000080001e0                memchr
 .text          0x0000000008000280      0x378 C:/ST/STM32CubeIDE_1.14.1/STM32CubeIDE/plugins/com.st.stm32cube.ide.mcu.externaltools.gnu-tools-for-stm32.11.3.rel1.win32_1.1.100.202309141235/tools/bin/../lib/gcc/arm-none-eabi/11.3.1/thumb/v7e-m+fp/hard\libgcc.a(_arm_addsubdf3.o)
                0x0000000008000280                __aeabi_drsub
                0x0000000008000288                __aeabi_dsub
                0x0000000008000288                __subdf3
                0x000000000800028c                __aeabi_dadd
                0x000000000800028c                __adddf3
                0x0000000008000504                __floatunsidf
                0x0000000008000504                __aeabi_ui2d
                0x0000000008000524                __floatsidf
                0x0000000008000524                __aeabi_i2d
                0x0000000008000548                __aeabi_f2d
                0x0000000008000548                __extendsfdf2
                0x000000000800058c                __floatundidf
                0x000000000800058c                __aeabi_ul2d
                0x000000000800059c                __floatdidf
                0x000000000800059c                __aeabi_l2d
 .text          0x00000000080005f8      0x424 C:/ST/STM32CubeIDE_1.14.1/STM32CubeIDE/plugins/com.st.stm32cube.ide.mcu.externaltools.gnu-tools-for-stm32.11.3.rel1.win32_1.1.100.202309141235/tools/bin/../lib/gcc/arm-none-eabi/11.3.1/thumb/v7e-m+fp/hard\libgcc.a(_arm_muldivdf3.o)
                0x00000000080005f8                __aeabi_dmul
                0x00000000080005f8                __muldf3
                0x000000000800084c                __divdf3
                0x000000000800084c                __aeabi_ddiv
 .text          0x0000000008000a1c      0x110 C:/ST/STM32CubeIDE_1.14.1/STM32CubeIDE/plugins/com.st.stm32cube.ide.mcu.externaltools.gnu-tools-for-stm32.11.3.rel1.win32_1.1.100.202309141235/tools/bin/../lib/gcc/arm-none-eabi/11.3.1/thumb/v7e-m+fp/hard\libgcc.a(_arm_cmpdf2.o)
                0x0000000008000a1c                __gtdf2
                0x0000000008000a1c                __gedf2
                0x0000000008000a24                __ltdf2
                0x0000000008000a24                __ledf2
                0x0000000008000a2c                __nedf2
                0x0000000008000a2c                __eqdf2
                0x0000000008000a2c                __cmpdf2
                0x0000000008000aa8                __aeabi_cdrcmple
                0x0000000008000ab8                __aeabi_cdcmpeq
                0x0000000008000ab8                __aeabi_cdcmple
                0x0000000008000ac8                __aeabi_dcmpeq
                0x0000000008000adc                __aeabi_dcmplt
                0x0000000008000af0                __aeabi_dcmple
                0x0000000008000b04                __aeabi_dcmpge
                0x0000000008000b18                __aeabi_dcmpgt
 .text          0x0000000008000b2c       0x50 C:/ST/STM32CubeIDE_1.14.1/STM32CubeIDE/plugins/com.st.stm32cube.ide.mcu.externaltools.gnu-tools-for-stm32.11.3.rel1.win32_1.1.100.202309141235/tools/bin/../lib/gcc/arm-none-eabi/11.3.1/thumb/v7e-m+fp/hard\libgcc.a(_arm_fixdfsi.o)
                0x0000000008000b2c                __aeabi_d2iz
                0x0000000008000b2c                __fixdfsi
 .text          0x0000000008000b7c       0x40 C:/ST/STM32CubeIDE_1.14.1/STM32CubeIDE/plugins/com.st.stm32cube.ide.mcu.externaltools.gnu-tools-for-stm32.11.3.rel1.win32_1.1.100.202309141235/tools/bin/../lib/gcc/arm-none-eabi/11.3.1/thumb/v7e-m+fp/hard\libgcc.a(_arm_fixunsdfsi.o)
                0x0000000008000b7c                __aeabi_d2uiz
                0x0000000008000b7c                __fixunsdfsi
 .text          0x0000000008000bbc       0xa0 C:/ST/STM32CubeIDE_1.14.1/STM32CubeIDE/plugins/com.st.stm32cube.ide.mcu.externaltools.gnu-tools-for-stm32.11.3.rel1.win32_1.1.100.202309141235/tools/bin/../lib/gcc/arm-none-eabi/11.3.1/thumb/v7e-m+fp/hard\libgcc.a(_arm_truncdfsf2.o)
                0x0000000008000bbc                __truncdfsf2
                0x0000000008000bbc                __aeabi_d2f
 .text          0x0000000008000c5c       0x30 C:/ST/STM32CubeIDE_1.14.1/STM32CubeIDE/plugins/com.st.stm32cube.ide.mcu.externaltools.gnu-tools-for-stm32.11.3.rel1.win32_1.1.100.202309141235/tools/bin/../lib/gcc/arm-none-eabi/11.3.1/thumb/v7e-m+fp/hard\libgcc.a(_aeabi_uldivmod.o)
                0x0000000008000c5c                __aeabi_uldivmod
 .text          0x0000000008000c8c      0x2c8 C:/ST/STM32CubeIDE_1.14.1/STM32CubeIDE/plugins/com.st.stm32cube.ide.mcu.externaltools.gnu-tools-for-stm32.11.3.rel1.win32_1.1.100.202309141235/tools/bin/../lib/gcc/arm-none-eabi/11.3.1/thumb/v7e-m+fp/hard\libgcc.a(_udivmoddi4.o)
                0x0000000008000c8c                __udivmoddi4
 .text          0x0000000008000f54        0x4 C:/ST/STM32CubeIDE_1.14.1/STM32CubeIDE/plugins/com.st.stm32cube.ide.mcu.externaltools.gnu-tools-for-stm32.11.3.rel1.win32_1.1.100.202309141235/tools/bin/../lib/gcc/arm-none-eabi/11.3.1/thumb/v7e-m+fp/hard\libgcc.a(_dvmd_tls.o)
                0x0000000008000f54                __aeabi_idiv0
                0x0000000008000f54                __aeabi_ldiv0
 *(.text*)
 .text.IMU_Initialise
                0x0000000008000f58      0x3b0 ./Core/Src/IMU.o
                0x0000000008000f58                IMU_Initialise
 .text.IMU_WriteOneByte
                0x0000000008001308       0x40 ./Core/Src/IMU.o
                0x0000000008001308                IMU_WriteOneByte
 .text.IMU_ReadOneByte
                0x0000000008001348       0x48 ./Core/Src/IMU.o
                0x0000000008001348                IMU_ReadOneByte
 .text.IMU_GyroReadHeading
                0x0000000008001390      0x2ac ./Core/Src/IMU.o
                0x0000000008001390                IMU_GyroReadHeading
 .text.Gyro_calibrateHeading
                0x000000000800163c       0x80 ./Core/Src/IMU.o
                0x000000000800163c                Gyro_calibrateHeading
 .text.delay    0x00000000080016bc       0x34 ./Core/Src/main.o
                0x00000000080016bc                delay
 .text.HAL_TIM_IC_CaptureCallback
                0x00000000080016f0      0x23c ./Core/Src/main.o
                0x00000000080016f0                HAL_TIM_IC_CaptureCallback
 .text.HCSR04_Read
                0x000000000800192c       0x3c ./Core/Src/main.o
                0x000000000800192c                HCSR04_Read
 .text.main     0x0000000008001968      0x120 ./Core/Src/main.o
                0x0000000008001968                main
 .text.SystemClock_Config
                0x0000000008001a88       0xbc ./Core/Src/main.o
                0x0000000008001a88                SystemClock_Config
 .text.MX_I2C1_Init
                0x0000000008001b44       0x5c ./Core/Src/main.o
 .text.MX_TIM1_Init
                0x0000000008001ba0      0x138 ./Core/Src/main.o
 .text.MX_TIM2_Init
                0x0000000008001cd8       0xa8 ./Core/Src/main.o
 .text.MX_TIM3_Init
                0x0000000008001d80       0xa8 ./Core/Src/main.o
 .text.MX_TIM4_Init
                0x0000000008001e28       0xa8 ./Core/Src/main.o
 .text.MX_TIM8_Init
                0x0000000008001ed0      0x154 ./Core/Src/main.o
 .text.MX_USART3_UART_Init
                0x0000000008002024       0x54 ./Core/Src/main.o
 .text.MX_DMA_Init
                0x0000000008002078       0x40 ./Core/Src/main.o
 .text.MX_GPIO_Init
                0x00000000080020b8      0x168 ./Core/Src/main.o
 .text.StartDefaultTask
                0x0000000008002220       0x44 ./Core/Src/main.o
                0x0000000008002220                StartDefaultTask
 .text.Display  0x0000000008002264       0x34 ./Core/Src/main.o
                0x0000000008002264                Display
 .text.LeftMotor
                0x0000000008002298     0x15a0 ./Core/Src/main.o
                0x0000000008002298                LeftMotor
 .text.GyroFunc
                0x0000000008003838      0x2c0 ./Core/Src/main.o
                0x0000000008003838                GyroFunc
 .text.sonic_sensor
                0x0000000008003af8       0x3c ./Core/Src/main.o
                0x0000000008003af8                sonic_sensor
 .text.Error_Handler
                0x0000000008003b34        0xa ./Core/Src/main.o
                0x0000000008003b34                Error_Handler
 *fill*         0x0000000008003b3e        0x2 
 .text.OLED_WR_Byte
                0x0000000008003b40       0x94 ./Core/Src/oled_SC2104.o
                0x0000000008003b40                OLED_WR_Byte
 .text.OLED_Refresh_Gram
                0x0000000008003bd4       0x70 ./Core/Src/oled_SC2104.o
                0x0000000008003bd4                OLED_Refresh_Gram
 .text.OLED_Clear
                0x0000000008003c44       0x4c ./Core/Src/oled_SC2104.o
                0x0000000008003c44                OLED_Clear
 .text.OLED_DrawPoint
                0x0000000008003c90       0xb4 ./Core/Src/oled_SC2104.o
                0x0000000008003c90                OLED_DrawPoint
 .text.OLED_ShowChar
                0x0000000008003d44       0xe4 ./Core/Src/oled_SC2104.o
                0x0000000008003d44                OLED_ShowChar
 .text.OLED_ShowString
                0x0000000008003e28       0x64 ./Core/Src/oled_SC2104.o
                0x0000000008003e28                OLED_ShowString
 .text.OLED_Init
                0x0000000008003e8c      0x118 ./Core/Src/oled_SC2104.o
                0x0000000008003e8c                OLED_Init
 .text.PID_Init
                0x0000000008003fa4       0x74 ./Core/Src/pid.o
                0x0000000008003fa4                PID_Init
 .text.PID      0x0000000008004018       0x98 ./Core/Src/pid.o
                0x0000000008004018                PID
 .text.PID_Compute
                0x00000000080040b0      0x1d4 ./Core/Src/pid.o
                0x00000000080040b0                PID_Compute
 .text.PID_SetMode
                0x0000000008004284       0x3c ./Core/Src/pid.o
                0x0000000008004284                PID_SetMode
 .text.PID_SetOutputLimits
                0x00000000080042c0       0xdc ./Core/Src/pid.o
                0x00000000080042c0                PID_SetOutputLimits
 .text.PID_SetTunings2
                0x000000000800439c      0x150 ./Core/Src/pid.o
                0x000000000800439c                PID_SetTunings2
 .text.PID_SetControllerDirection
                0x00000000080044ec       0x80 ./Core/Src/pid.o
                0x00000000080044ec                PID_SetControllerDirection
 .text.PID_SetSampleTime
                0x000000000800456c       0x76 ./Core/Src/pid.o
                0x000000000800456c                PID_SetSampleTime
 *fill*         0x00000000080045e2        0x2 
 .text.HAL_MspInit
                0x00000000080045e4       0x58 ./Core/Src/stm32f4xx_hal_msp.o
                0x00000000080045e4                HAL_MspInit
 .text.HAL_I2C_MspInit
                0x000000000800463c       0x90 ./Core/Src/stm32f4xx_hal_msp.o
                0x000000000800463c                HAL_I2C_MspInit
 .text.HAL_TIM_Base_MspInit
                0x00000000080046cc       0xfc ./Core/Src/stm32f4xx_hal_msp.o
                0x00000000080046cc                HAL_TIM_Base_MspInit
 .text.HAL_TIM_Encoder_MspInit
                0x00000000080047c8      0x134 ./Core/Src/stm32f4xx_hal_msp.o
                0x00000000080047c8                HAL_TIM_Encoder_MspInit
 .text.HAL_TIM_IC_MspInit
                0x00000000080048fc       0xa0 ./Core/Src/stm32f4xx_hal_msp.o
                0x00000000080048fc                HAL_TIM_IC_MspInit
 .text.HAL_UART_MspInit
                0x000000000800499c      0x108 ./Core/Src/stm32f4xx_hal_msp.o
                0x000000000800499c                HAL_UART_MspInit
 .text.NMI_Handler
                0x0000000008004aa4        0x6 ./Core/Src/stm32f4xx_it.o
                0x0000000008004aa4                NMI_Handler
 .text.HardFault_Handler
                0x0000000008004aaa        0x6 ./Core/Src/stm32f4xx_it.o
                0x0000000008004aaa                HardFault_Handler
 .text.MemManage_Handler
                0x0000000008004ab0        0x6 ./Core/Src/stm32f4xx_it.o
                0x0000000008004ab0                MemManage_Handler
 .text.BusFault_Handler
                0x0000000008004ab6        0x6 ./Core/Src/stm32f4xx_it.o
                0x0000000008004ab6                BusFault_Handler
 .text.UsageFault_Handler
                0x0000000008004abc        0x6 ./Core/Src/stm32f4xx_it.o
                0x0000000008004abc                UsageFault_Handler
 .text.DebugMon_Handler
                0x0000000008004ac2        0xe ./Core/Src/stm32f4xx_it.o
                0x0000000008004ac2                DebugMon_Handler
 .text.SysTick_Handler
                0x0000000008004ad0       0x1a ./Core/Src/stm32f4xx_it.o
                0x0000000008004ad0                SysTick_Handler
 *fill*         0x0000000008004aea        0x2 
 .text.DMA1_Stream1_IRQHandler
                0x0000000008004aec       0x14 ./Core/Src/stm32f4xx_it.o
                0x0000000008004aec                DMA1_Stream1_IRQHandler
 .text.TIM4_IRQHandler
                0x0000000008004b00       0x14 ./Core/Src/stm32f4xx_it.o
                0x0000000008004b00                TIM4_IRQHandler
 .text.USART3_IRQHandler
                0x0000000008004b14       0x14 ./Core/Src/stm32f4xx_it.o
                0x0000000008004b14                USART3_IRQHandler
 .text._sbrk    0x0000000008004b28       0x6c ./Core/Src/sysmem.o
                0x0000000008004b28                _sbrk
 .text.SystemInit
                0x0000000008004b94       0x24 ./Core/Src/system_stm32f4xx.o
                0x0000000008004b94                SystemInit
 .text.Reset_Handler
                0x0000000008004bb8       0x50 ./Core/Startup/startup_stm32f407vetx.o
                0x0000000008004bb8                Reset_Handler
 .text.Default_Handler
                0x0000000008004c08        0x2 ./Core/Startup/startup_stm32f407vetx.o
                0x0000000008004c08                RTC_Alarm_IRQHandler
                0x0000000008004c08                HASH_RNG_IRQHandler
                0x0000000008004c08                EXTI2_IRQHandler
                0x0000000008004c08                TIM8_CC_IRQHandler
                0x0000000008004c08                TIM1_CC_IRQHandler
                0x0000000008004c08                DMA2_Stream5_IRQHandler
                0x0000000008004c08                DMA1_Stream5_IRQHandler
                0x0000000008004c08                PVD_IRQHandler
                0x0000000008004c08                SDIO_IRQHandler
                0x0000000008004c08                TAMP_STAMP_IRQHandler
                0x0000000008004c08                CAN2_RX1_IRQHandler
                0x0000000008004c08                EXTI3_IRQHandler
                0x0000000008004c08                TIM8_TRG_COM_TIM14_IRQHandler
                0x0000000008004c08                TIM1_UP_TIM10_IRQHandler
                0x0000000008004c08                TIM8_UP_TIM13_IRQHandler
                0x0000000008004c08                I2C3_ER_IRQHandler
                0x0000000008004c08                EXTI0_IRQHandler
                0x0000000008004c08                I2C2_EV_IRQHandler
                0x0000000008004c08                DMA1_Stream2_IRQHandler
                0x0000000008004c08                CAN1_RX0_IRQHandler
                0x0000000008004c08                FPU_IRQHandler
                0x0000000008004c08                OTG_HS_WKUP_IRQHandler
                0x0000000008004c08                CAN2_SCE_IRQHandler
                0x0000000008004c08                DMA2_Stream2_IRQHandler
                0x0000000008004c08                SPI1_IRQHandler
                0x0000000008004c08                TIM6_DAC_IRQHandler
                0x0000000008004c08                TIM1_BRK_TIM9_IRQHandler
                0x0000000008004c08                DCMI_IRQHandler
                0x0000000008004c08                CAN2_RX0_IRQHandler
                0x0000000008004c08                DMA2_Stream3_IRQHandler
                0x0000000008004c08                USART6_IRQHandler
                0x0000000008004c08                CAN1_RX1_IRQHandler
                0x0000000008004c08                UART5_IRQHandler
                0x0000000008004c08                DMA2_Stream0_IRQHandler
                0x0000000008004c08                I2C1_EV_IRQHandler
                0x0000000008004c08                DMA1_Stream6_IRQHandler
                0x0000000008004c08                UART4_IRQHandler
                0x0000000008004c08                TIM3_IRQHandler
                0x0000000008004c08                RCC_IRQHandler
                0x0000000008004c08                TIM8_BRK_TIM12_IRQHandler
                0x0000000008004c08                Default_Handler
                0x0000000008004c08                EXTI15_10_IRQHandler
                0x0000000008004c08                ADC_IRQHandler
                0x0000000008004c08                DMA1_Stream7_IRQHandler
                0x0000000008004c08                TIM7_IRQHandler
                0x0000000008004c08                CAN2_TX_IRQHandler
                0x0000000008004c08                TIM5_IRQHandler
                0x0000000008004c08                DMA2_Stream7_IRQHandler
                0x0000000008004c08                I2C3_EV_IRQHandler
                0x0000000008004c08                EXTI9_5_IRQHandler
                0x0000000008004c08                RTC_WKUP_IRQHandler
                0x0000000008004c08                ETH_WKUP_IRQHandler
                0x0000000008004c08                SPI2_IRQHandler
                0x0000000008004c08                OTG_HS_EP1_IN_IRQHandler
                0x0000000008004c08                DMA1_Stream0_IRQHandler
                0x0000000008004c08                CAN1_TX_IRQHandler
                0x0000000008004c08                EXTI4_IRQHandler
                0x0000000008004c08                FSMC_IRQHandler
                0x0000000008004c08                ETH_IRQHandler
                0x0000000008004c08                OTG_HS_EP1_OUT_IRQHandler
                0x0000000008004c08                WWDG_IRQHandler
                0x0000000008004c08                TIM2_IRQHandler
                0x0000000008004c08                OTG_FS_WKUP_IRQHandler
                0x0000000008004c08                TIM1_TRG_COM_TIM11_IRQHandler
                0x0000000008004c08                OTG_HS_IRQHandler
                0x0000000008004c08                EXTI1_IRQHandler
                0x0000000008004c08                USART2_IRQHandler
                0x0000000008004c08                I2C2_ER_IRQHandler
                0x0000000008004c08                DMA2_Stream1_IRQHandler
                0x0000000008004c08                CAN1_SCE_IRQHandler
                0x0000000008004c08                FLASH_IRQHandler
                0x0000000008004c08                DMA2_Stream4_IRQHandler
                0x0000000008004c08                USART1_IRQHandler
                0x0000000008004c08                OTG_FS_IRQHandler
                0x0000000008004c08                SPI3_IRQHandler
                0x0000000008004c08                DMA1_Stream4_IRQHandler
                0x0000000008004c08                I2C1_ER_IRQHandler
                0x0000000008004c08                DMA2_Stream6_IRQHandler
                0x0000000008004c08                DMA1_Stream3_IRQHandler
 *fill*         0x0000000008004c0a        0x2 
 .text.HAL_Init
                0x0000000008004c0c       0x44 ./Drivers/STM32F4xx_HAL_Driver/Src/stm32f4xx_hal.o
                0x0000000008004c0c                HAL_Init
 .text.HAL_InitTick
                0x0000000008004c50       0x60 ./Drivers/STM32F4xx_HAL_Driver/Src/stm32f4xx_hal.o
                0x0000000008004c50                HAL_InitTick
 .text.HAL_IncTick
                0x0000000008004cb0       0x28 ./Drivers/STM32F4xx_HAL_Driver/Src/stm32f4xx_hal.o
                0x0000000008004cb0                HAL_IncTick
 .text.HAL_GetTick
                0x0000000008004cd8       0x18 ./Drivers/STM32F4xx_HAL_Driver/Src/stm32f4xx_hal.o
                0x0000000008004cd8                HAL_GetTick
 .text.HAL_Delay
                0x0000000008004cf0       0x48 ./Drivers/STM32F4xx_HAL_Driver/Src/stm32f4xx_hal.o
                0x0000000008004cf0                HAL_Delay
 .text.__NVIC_SetPriorityGrouping
                0x0000000008004d38       0x48 ./Drivers/STM32F4xx_HAL_Driver/Src/stm32f4xx_hal_cortex.o
 .text.__NVIC_GetPriorityGrouping
                0x0000000008004d80       0x1c ./Drivers/STM32F4xx_HAL_Driver/Src/stm32f4xx_hal_cortex.o
 .text.__NVIC_EnableIRQ
                0x0000000008004d9c       0x3c ./Drivers/STM32F4xx_HAL_Driver/Src/stm32f4xx_hal_cortex.o
 .text.__NVIC_SetPriority
                0x0000000008004dd8       0x54 ./Drivers/STM32F4xx_HAL_Driver/Src/stm32f4xx_hal_cortex.o
 .text.NVIC_EncodePriority
                0x0000000008004e2c       0x66 ./Drivers/STM32F4xx_HAL_Driver/Src/stm32f4xx_hal_cortex.o
 *fill*         0x0000000008004e92        0x2 
 .text.SysTick_Config
                0x0000000008004e94       0x44 ./Drivers/STM32F4xx_HAL_Driver/Src/stm32f4xx_hal_cortex.o
 .text.HAL_NVIC_SetPriorityGrouping
                0x0000000008004ed8       0x16 ./Drivers/STM32F4xx_HAL_Driver/Src/stm32f4xx_hal_cortex.o
                0x0000000008004ed8                HAL_NVIC_SetPriorityGrouping
 .text.HAL_NVIC_SetPriority
                0x0000000008004eee       0x38 ./Drivers/STM32F4xx_HAL_Driver/Src/stm32f4xx_hal_cortex.o
                0x0000000008004eee                HAL_NVIC_SetPriority
 .text.HAL_NVIC_EnableIRQ
                0x0000000008004f26       0x1c ./Drivers/STM32F4xx_HAL_Driver/Src/stm32f4xx_hal_cortex.o
                0x0000000008004f26                HAL_NVIC_EnableIRQ
 .text.HAL_SYSTICK_Config
                0x0000000008004f42       0x18 ./Drivers/STM32F4xx_HAL_Driver/Src/stm32f4xx_hal_cortex.o
                0x0000000008004f42                HAL_SYSTICK_Config
 *fill*         0x0000000008004f5a        0x2 
 .text.HAL_DMA_Init
                0x0000000008004f5c      0x15c ./Drivers/STM32F4xx_HAL_Driver/Src/stm32f4xx_hal_dma.o
                0x0000000008004f5c                HAL_DMA_Init
 .text.HAL_DMA_Start_IT
                0x00000000080050b8       0xb0 ./Drivers/STM32F4xx_HAL_Driver/Src/stm32f4xx_hal_dma.o
                0x00000000080050b8                HAL_DMA_Start_IT
 .text.HAL_DMA_Abort
                0x0000000008005168       0xe0 ./Drivers/STM32F4xx_HAL_Driver/Src/stm32f4xx_hal_dma.o
                0x0000000008005168                HAL_DMA_Abort
 .text.HAL_DMA_Abort_IT
                0x0000000008005248       0x44 ./Drivers/STM32F4xx_HAL_Driver/Src/stm32f4xx_hal_dma.o
                0x0000000008005248                HAL_DMA_Abort_IT
 .text.HAL_DMA_IRQHandler
                0x000000000800528c      0x314 ./Drivers/STM32F4xx_HAL_Driver/Src/stm32f4xx_hal_dma.o
                0x000000000800528c                HAL_DMA_IRQHandler
 .text.DMA_SetConfig
                0x00000000080055a0       0x5c ./Drivers/STM32F4xx_HAL_Driver/Src/stm32f4xx_hal_dma.o
 .text.DMA_CalcBaseAndBitshift
                0x00000000080055fc       0x6c ./Drivers/STM32F4xx_HAL_Driver/Src/stm32f4xx_hal_dma.o
 .text.DMA_CheckFifoParam
                0x0000000008005668       0xf8 ./Drivers/STM32F4xx_HAL_Driver/Src/stm32f4xx_hal_dma.o
 .text.HAL_GPIO_Init
                0x0000000008005760      0x338 ./Drivers/STM32F4xx_HAL_Driver/Src/stm32f4xx_hal_gpio.o
                0x0000000008005760                HAL_GPIO_Init
 .text.HAL_GPIO_ReadPin
                0x0000000008005a98       0x30 ./Drivers/STM32F4xx_HAL_Driver/Src/stm32f4xx_hal_gpio.o
                0x0000000008005a98                HAL_GPIO_ReadPin
 .text.HAL_GPIO_WritePin
                0x0000000008005ac8       0x32 ./Drivers/STM32F4xx_HAL_Driver/Src/stm32f4xx_hal_gpio.o
                0x0000000008005ac8                HAL_GPIO_WritePin
 .text.HAL_GPIO_TogglePin
                0x0000000008005afa       0x34 ./Drivers/STM32F4xx_HAL_Driver/Src/stm32f4xx_hal_gpio.o
                0x0000000008005afa                HAL_GPIO_TogglePin
 *fill*         0x0000000008005b2e        0x2 
 .text.HAL_I2C_Init
                0x0000000008005b30      0x288 ./Drivers/STM32F4xx_HAL_Driver/Src/stm32f4xx_hal_i2c.o
                0x0000000008005b30                HAL_I2C_Init
 .text.HAL_I2C_Mem_Write
                0x0000000008005db8      0x1f4 ./Drivers/STM32F4xx_HAL_Driver/Src/stm32f4xx_hal_i2c.o
                0x0000000008005db8                HAL_I2C_Mem_Write
 .text.HAL_I2C_Mem_Read
                0x0000000008005fac      0x44c ./Drivers/STM32F4xx_HAL_Driver/Src/stm32f4xx_hal_i2c.o
                0x0000000008005fac                HAL_I2C_Mem_Read
 .text.I2C_RequestMemoryWrite
                0x00000000080063f8      0x12c ./Drivers/STM32F4xx_HAL_Driver/Src/stm32f4xx_hal_i2c.o
 .text.I2C_RequestMemoryRead
                0x0000000008006524      0x1d0 ./Drivers/STM32F4xx_HAL_Driver/Src/stm32f4xx_hal_i2c.o
 .text.I2C_WaitOnFlagUntilTimeout
                0x00000000080066f4       0xae ./Drivers/STM32F4xx_HAL_Driver/Src/stm32f4xx_hal_i2c.o
 .text.I2C_WaitOnMasterAddressFlagUntilTimeout
                0x00000000080067a2       0xfe ./Drivers/STM32F4xx_HAL_Driver/Src/stm32f4xx_hal_i2c.o
 .text.I2C_WaitOnTXEFlagUntilTimeout
                0x00000000080068a0       0x82 ./Drivers/STM32F4xx_HAL_Driver/Src/stm32f4xx_hal_i2c.o
 .text.I2C_WaitOnBTFFlagUntilTimeout
                0x0000000008006922       0x82 ./Drivers/STM32F4xx_HAL_Driver/Src/stm32f4xx_hal_i2c.o
 .text.I2C_WaitOnRXNEFlagUntilTimeout
                0x00000000080069a4       0xac ./Drivers/STM32F4xx_HAL_Driver/Src/stm32f4xx_hal_i2c.o
 .text.I2C_IsAcknowledgeFailed
                0x0000000008006a50       0x5e ./Drivers/STM32F4xx_HAL_Driver/Src/stm32f4xx_hal_i2c.o
 *fill*         0x0000000008006aae        0x2 
 .text.HAL_PWR_EnableBkUpAccess
                0x0000000008006ab0       0x28 ./Drivers/STM32F4xx_HAL_Driver/Src/stm32f4xx_hal_pwr.o
                0x0000000008006ab0                HAL_PWR_EnableBkUpAccess
 .text.HAL_PWR_DisableBkUpAccess
                0x0000000008006ad8       0x28 ./Drivers/STM32F4xx_HAL_Driver/Src/stm32f4xx_hal_pwr.o
                0x0000000008006ad8                HAL_PWR_DisableBkUpAccess
 .text.HAL_RCC_OscConfig
                0x0000000008006b00      0x4f0 ./Drivers/STM32F4xx_HAL_Driver/Src/stm32f4xx_hal_rcc.o
                0x0000000008006b00                HAL_RCC_OscConfig
 .text.HAL_RCC_ClockConfig
                0x0000000008006ff0      0x1cc ./Drivers/STM32F4xx_HAL_Driver/Src/stm32f4xx_hal_rcc.o
                0x0000000008006ff0                HAL_RCC_ClockConfig
 .text.HAL_RCC_GetSysClockFreq
                0x00000000080071bc      0x18c ./Drivers/STM32F4xx_HAL_Driver/Src/stm32f4xx_hal_rcc.o
                0x00000000080071bc                HAL_RCC_GetSysClockFreq
 .text.HAL_RCC_GetHCLKFreq
                0x0000000008007348       0x18 ./Drivers/STM32F4xx_HAL_Driver/Src/stm32f4xx_hal_rcc.o
                0x0000000008007348                HAL_RCC_GetHCLKFreq
 .text.HAL_RCC_GetPCLK1Freq
                0x0000000008007360       0x28 ./Drivers/STM32F4xx_HAL_Driver/Src/stm32f4xx_hal_rcc.o
                0x0000000008007360                HAL_RCC_GetPCLK1Freq
 .text.HAL_RCC_GetPCLK2Freq
                0x0000000008007388       0x28 ./Drivers/STM32F4xx_HAL_Driver/Src/stm32f4xx_hal_rcc.o
                0x0000000008007388                HAL_RCC_GetPCLK2Freq
 .text.HAL_TIM_Base_Init
                0x00000000080073b0       0x9e ./Drivers/STM32F4xx_HAL_Driver/Src/stm32f4xx_hal_tim.o
                0x00000000080073b0                HAL_TIM_Base_Init
 .text.HAL_TIM_PWM_Init
                0x000000000800744e       0x9e ./Drivers/STM32F4xx_HAL_Driver/Src/stm32f4xx_hal_tim.o
                0x000000000800744e                HAL_TIM_PWM_Init
 .text.HAL_TIM_PWM_MspInit
                0x00000000080074ec       0x14 ./Drivers/STM32F4xx_HAL_Driver/Src/stm32f4xx_hal_tim.o
                0x00000000080074ec                HAL_TIM_PWM_MspInit
 .text.HAL_TIM_PWM_Start
                0x0000000008007500      0x190 ./Drivers/STM32F4xx_HAL_Driver/Src/stm32f4xx_hal_tim.o
                0x0000000008007500                HAL_TIM_PWM_Start
 .text.HAL_TIM_IC_Init
                0x0000000008007690       0x9e ./Drivers/STM32F4xx_HAL_Driver/Src/stm32f4xx_hal_tim.o
                0x0000000008007690                HAL_TIM_IC_Init
 *fill*         0x000000000800772e        0x2 
 .text.HAL_TIM_IC_Start_IT
                0x0000000008007730      0x250 ./Drivers/STM32F4xx_HAL_Driver/Src/stm32f4xx_hal_tim.o
                0x0000000008007730                HAL_TIM_IC_Start_IT
 .text.HAL_TIM_Encoder_Init
                0x0000000008007980      0x14c ./Drivers/STM32F4xx_HAL_Driver/Src/stm32f4xx_hal_tim.o
                0x0000000008007980                HAL_TIM_Encoder_Init
 .text.HAL_TIM_Encoder_Start
                0x0000000008007acc      0x11c ./Drivers/STM32F4xx_HAL_Driver/Src/stm32f4xx_hal_tim.o
                0x0000000008007acc                HAL_TIM_Encoder_Start
 .text.HAL_TIM_IRQHandler
                0x0000000008007be8      0x210 ./Drivers/STM32F4xx_HAL_Driver/Src/stm32f4xx_hal_tim.o
                0x0000000008007be8                HAL_TIM_IRQHandler
 .text.HAL_TIM_IC_ConfigChannel
                0x0000000008007df8      0x138 ./Drivers/STM32F4xx_HAL_Driver/Src/stm32f4xx_hal_tim.o
                0x0000000008007df8                HAL_TIM_IC_ConfigChannel
 .text.HAL_TIM_PWM_ConfigChannel
                0x0000000008007f30      0x184 ./Drivers/STM32F4xx_HAL_Driver/Src/stm32f4xx_hal_tim.o
                0x0000000008007f30                HAL_TIM_PWM_ConfigChannel
 .text.HAL_TIM_ConfigClockSource
                0x00000000080080b4      0x18e ./Drivers/STM32F4xx_HAL_Driver/Src/stm32f4xx_hal_tim.o
                0x00000000080080b4                HAL_TIM_ConfigClockSource
 *fill*         0x0000000008008242        0x2 
 .text.HAL_TIM_ReadCapturedValue
                0x0000000008008244       0x88 ./Drivers/STM32F4xx_HAL_Driver/Src/stm32f4xx_hal_tim.o
                0x0000000008008244                HAL_TIM_ReadCapturedValue
 .text.HAL_TIM_PeriodElapsedCallback
                0x00000000080082cc       0x14 ./Drivers/STM32F4xx_HAL_Driver/Src/stm32f4xx_hal_tim.o
                0x00000000080082cc                HAL_TIM_PeriodElapsedCallback
 .text.HAL_TIM_OC_DelayElapsedCallback
                0x00000000080082e0       0x14 ./Drivers/STM32F4xx_HAL_Driver/Src/stm32f4xx_hal_tim.o
                0x00000000080082e0                HAL_TIM_OC_DelayElapsedCallback
 .text.HAL_TIM_PWM_PulseFinishedCallback
                0x00000000080082f4       0x14 ./Drivers/STM32F4xx_HAL_Driver/Src/stm32f4xx_hal_tim.o
                0x00000000080082f4                HAL_TIM_PWM_PulseFinishedCallback
 .text.HAL_TIM_TriggerCallback
                0x0000000008008308       0x14 ./Drivers/STM32F4xx_HAL_Driver/Src/stm32f4xx_hal_tim.o
                0x0000000008008308                HAL_TIM_TriggerCallback
 .text.TIM_Base_SetConfig
                0x000000000800831c      0x140 ./Drivers/STM32F4xx_HAL_Driver/Src/stm32f4xx_hal_tim.o
                0x000000000800831c                TIM_Base_SetConfig
 .text.TIM_OC1_SetConfig
                0x000000000800845c       0xe0 ./Drivers/STM32F4xx_HAL_Driver/Src/stm32f4xx_hal_tim.o
 .text.TIM_OC2_SetConfig
                0x000000000800853c       0xec ./Drivers/STM32F4xx_HAL_Driver/Src/stm32f4xx_hal_tim.o
                0x000000000800853c                TIM_OC2_SetConfig
 .text.TIM_OC3_SetConfig
                0x0000000008008628       0xe8 ./Drivers/STM32F4xx_HAL_Driver/Src/stm32f4xx_hal_tim.o
 .text.TIM_OC4_SetConfig
                0x0000000008008710       0xac ./Drivers/STM32F4xx_HAL_Driver/Src/stm32f4xx_hal_tim.o
 .text.TIM_TI1_SetConfig
                0x00000000080087bc       0xe8 ./Drivers/STM32F4xx_HAL_Driver/Src/stm32f4xx_hal_tim.o
                0x00000000080087bc                TIM_TI1_SetConfig
 .text.TIM_TI1_ConfigInputStage
                0x00000000080088a4       0x5e ./Drivers/STM32F4xx_HAL_Driver/Src/stm32f4xx_hal_tim.o
 .text.TIM_TI2_SetConfig
                0x0000000008008902       0x7a ./Drivers/STM32F4xx_HAL_Driver/Src/stm32f4xx_hal_tim.o
 .text.TIM_TI2_ConfigInputStage
                0x000000000800897c       0x60 ./Drivers/STM32F4xx_HAL_Driver/Src/stm32f4xx_hal_tim.o
 .text.TIM_TI3_SetConfig
                0x00000000080089dc       0x78 ./Drivers/STM32F4xx_HAL_Driver/Src/stm32f4xx_hal_tim.o
 .text.TIM_TI4_SetConfig
                0x0000000008008a54       0x7a ./Drivers/STM32F4xx_HAL_Driver/Src/stm32f4xx_hal_tim.o
 .text.TIM_ITRx_SetConfig
                0x0000000008008ace       0x36 ./Drivers/STM32F4xx_HAL_Driver/Src/stm32f4xx_hal_tim.o
 .text.TIM_ETR_SetConfig
                0x0000000008008b04       0x40 ./Drivers/STM32F4xx_HAL_Driver/Src/stm32f4xx_hal_tim.o
                0x0000000008008b04                TIM_ETR_SetConfig
 .text.TIM_CCxChannelCmd
                0x0000000008008b44       0x4a ./Drivers/STM32F4xx_HAL_Driver/Src/stm32f4xx_hal_tim.o
                0x0000000008008b44                TIM_CCxChannelCmd
 *fill*         0x0000000008008b8e        0x2 
 .text.HAL_TIMEx_MasterConfigSynchronization
                0x0000000008008b90       0xf8 ./Drivers/STM32F4xx_HAL_Driver/Src/stm32f4xx_hal_tim_ex.o
                0x0000000008008b90                HAL_TIMEx_MasterConfigSynchronization
 .text.HAL_TIMEx_ConfigBreakDeadTime
                0x0000000008008c88       0xa4 ./Drivers/STM32F4xx_HAL_Driver/Src/stm32f4xx_hal_tim_ex.o
                0x0000000008008c88                HAL_TIMEx_ConfigBreakDeadTime
 .text.HAL_TIMEx_CommutCallback
                0x0000000008008d2c       0x14 ./Drivers/STM32F4xx_HAL_Driver/Src/stm32f4xx_hal_tim_ex.o
                0x0000000008008d2c                HAL_TIMEx_CommutCallback
 .text.HAL_TIMEx_BreakCallback
                0x0000000008008d40       0x14 ./Drivers/STM32F4xx_HAL_Driver/Src/stm32f4xx_hal_tim_ex.o
                0x0000000008008d40                HAL_TIMEx_BreakCallback
 .text.HAL_UART_Init
                0x0000000008008d54       0x9a ./Drivers/STM32F4xx_HAL_Driver/Src/stm32f4xx_hal_uart.o
                0x0000000008008d54                HAL_UART_Init
 .text.HAL_UART_Transmit
                0x0000000008008dee      0x124 ./Drivers/STM32F4xx_HAL_Driver/Src/stm32f4xx_hal_uart.o
                0x0000000008008dee                HAL_UART_Transmit
 .text.HAL_UART_Receive_DMA
                0x0000000008008f12       0x60 ./Drivers/STM32F4xx_HAL_Driver/Src/stm32f4xx_hal_uart.o
                0x0000000008008f12                HAL_UART_Receive_DMA
 *fill*         0x0000000008008f72        0x2 
 .text.HAL_UART_IRQHandler
                0x0000000008008f74      0x51c ./Drivers/STM32F4xx_HAL_Driver/Src/stm32f4xx_hal_uart.o
                0x0000000008008f74                HAL_UART_IRQHandler
 .text.HAL_UART_TxCpltCallback
                0x0000000008009490       0x14 ./Drivers/STM32F4xx_HAL_Driver/Src/stm32f4xx_hal_uart.o
                0x0000000008009490                HAL_UART_TxCpltCallback
 .text.HAL_UART_RxCpltCallback
                0x00000000080094a4       0x14 ./Drivers/STM32F4xx_HAL_Driver/Src/stm32f4xx_hal_uart.o
                0x00000000080094a4                HAL_UART_RxCpltCallback
 .text.HAL_UART_RxHalfCpltCallback
                0x00000000080094b8       0x14 ./Drivers/STM32F4xx_HAL_Driver/Src/stm32f4xx_hal_uart.o
                0x00000000080094b8                HAL_UART_RxHalfCpltCallback
 .text.HAL_UART_ErrorCallback
                0x00000000080094cc       0x14 ./Drivers/STM32F4xx_HAL_Driver/Src/stm32f4xx_hal_uart.o
                0x00000000080094cc                HAL_UART_ErrorCallback
 .text.HAL_UARTEx_RxEventCallback
                0x00000000080094e0       0x18 ./Drivers/STM32F4xx_HAL_Driver/Src/stm32f4xx_hal_uart.o
                0x00000000080094e0                HAL_UARTEx_RxEventCallback
 .text.UART_DMAReceiveCplt
                0x00000000080094f8      0x126 ./Drivers/STM32F4xx_HAL_Driver/Src/stm32f4xx_hal_uart.o
 .text.UART_DMARxHalfCplt
                0x000000000800961e       0x36 ./Drivers/STM32F4xx_HAL_Driver/Src/stm32f4xx_hal_uart.o
 .text.UART_DMAError
                0x0000000008009654       0x94 ./Drivers/STM32F4xx_HAL_Driver/Src/stm32f4xx_hal_uart.o
 .text.UART_WaitOnFlagUntilTimeout
                0x00000000080096e8       0xdc ./Drivers/STM32F4xx_HAL_Driver/Src/stm32f4xx_hal_uart.o
 .text.UART_Start_Receive_DMA
                0x00000000080097c4      0x134 ./Drivers/STM32F4xx_HAL_Driver/Src/stm32f4xx_hal_uart.o
                0x00000000080097c4                UART_Start_Receive_DMA
 .text.UART_EndTxTransfer
                0x00000000080098f8       0x50 ./Drivers/STM32F4xx_HAL_Driver/Src/stm32f4xx_hal_uart.o
 .text.UART_EndRxTransfer
                0x0000000008009948       0xc6 ./Drivers/STM32F4xx_HAL_Driver/Src/stm32f4xx_hal_uart.o
 .text.UART_DMAAbortOnError
                0x0000000008009a0e       0x28 ./Drivers/STM32F4xx_HAL_Driver/Src/stm32f4xx_hal_uart.o
 .text.UART_Transmit_IT
                0x0000000008009a36       0xa0 ./Drivers/STM32F4xx_HAL_Driver/Src/stm32f4xx_hal_uart.o
 .text.UART_EndTransmit_IT
                0x0000000008009ad6       0x30 ./Drivers/STM32F4xx_HAL_Driver/Src/stm32f4xx_hal_uart.o
 .text.UART_Receive_IT
                0x0000000008009b06      0x176 ./Drivers/STM32F4xx_HAL_Driver/Src/stm32f4xx_hal_uart.o
 .text.UART_SetConfig
                0x0000000008009c7c      0x4e8 ./Drivers/STM32F4xx_HAL_Driver/Src/stm32f4xx_hal_uart.o
 .text.__NVIC_SetPriority
                0x000000000800a164       0x54 ./Middlewares/Third_Party/FreeRTOS/Source/CMSIS_RTOS_V2/cmsis_os2.o
 .text.SVC_Setup
                0x000000000800a1b8       0x12 ./Middlewares/Third_Party/FreeRTOS/Source/CMSIS_RTOS_V2/cmsis_os2.o
 *fill*         0x000000000800a1ca        0x2 
 .text.osKernelInitialize
                0x000000000800a1cc       0x48 ./Middlewares/Third_Party/FreeRTOS/Source/CMSIS_RTOS_V2/cmsis_os2.o
                0x000000000800a1cc                osKernelInitialize
 .text.osKernelStart
                0x000000000800a214       0x4c ./Middlewares/Third_Party/FreeRTOS/Source/CMSIS_RTOS_V2/cmsis_os2.o
                0x000000000800a214                osKernelStart
 .text.osThreadNew
                0x000000000800a260      0x124 ./Middlewares/Third_Party/FreeRTOS/Source/CMSIS_RTOS_V2/cmsis_os2.o
                0x000000000800a260                osThreadNew
 .text.osDelay  0x000000000800a384       0x36 ./Middlewares/Third_Party/FreeRTOS/Source/CMSIS_RTOS_V2/cmsis_os2.o
                0x000000000800a384                osDelay
 .text.osDelayUntil
                0x000000000800a3ba       0x5a ./Middlewares/Third_Party/FreeRTOS/Source/CMSIS_RTOS_V2/cmsis_os2.o
                0x000000000800a3ba                osDelayUntil
 .text.vApplicationGetIdleTaskMemory
                0x000000000800a414       0x34 ./Middlewares/Third_Party/FreeRTOS/Source/CMSIS_RTOS_V2/cmsis_os2.o
                0x000000000800a414                vApplicationGetIdleTaskMemory
 .text.vApplicationGetTimerTaskMemory
                0x000000000800a448       0x34 ./Middlewares/Third_Party/FreeRTOS/Source/CMSIS_RTOS_V2/cmsis_os2.o
                0x000000000800a448                vApplicationGetTimerTaskMemory
 .text.vListInitialise
                0x000000000800a47c       0x40 ./Middlewares/Third_Party/FreeRTOS/Source/list.o
                0x000000000800a47c                vListInitialise
 .text.vListInitialiseItem
                0x000000000800a4bc       0x1a ./Middlewares/Third_Party/FreeRTOS/Source/list.o
                0x000000000800a4bc                vListInitialiseItem
 .text.vListInsertEnd
                0x000000000800a4d6       0x48 ./Middlewares/Third_Party/FreeRTOS/Source/list.o
                0x000000000800a4d6                vListInsertEnd
 .text.vListInsert
                0x000000000800a51e       0x72 ./Middlewares/Third_Party/FreeRTOS/Source/list.o
                0x000000000800a51e                vListInsert
 .text.uxListRemove
                0x000000000800a590       0x54 ./Middlewares/Third_Party/FreeRTOS/Source/list.o
                0x000000000800a590                uxListRemove
 .text.xQueueGenericReset
                0x000000000800a5e4       0xd0 ./Middlewares/Third_Party/FreeRTOS/Source/queue.o
                0x000000000800a5e4                xQueueGenericReset
 .text.xQueueGenericCreateStatic
                0x000000000800a6b4       0xf0 ./Middlewares/Third_Party/FreeRTOS/Source/queue.o
                0x000000000800a6b4                xQueueGenericCreateStatic
 .text.prvInitialiseNewQueue
                0x000000000800a7a4       0x46 ./Middlewares/Third_Party/FreeRTOS/Source/queue.o
 *fill*         0x000000000800a7ea        0x2 
 .text.xQueueGenericSend
                0x000000000800a7ec      0x1fc ./Middlewares/Third_Party/FreeRTOS/Source/queue.o
                0x000000000800a7ec                xQueueGenericSend
 .text.xQueueGenericSendFromISR
                0x000000000800a9e8      0x136 ./Middlewares/Third_Party/FreeRTOS/Source/queue.o
                0x000000000800a9e8                xQueueGenericSendFromISR
 *fill*         0x000000000800ab1e        0x2 
 .text.xQueueReceive
                0x000000000800ab20      0x1c0 ./Middlewares/Third_Party/FreeRTOS/Source/queue.o
                0x000000000800ab20                xQueueReceive
 .text.prvCopyDataToQueue
                0x000000000800ace0       0xd4 ./Middlewares/Third_Party/FreeRTOS/Source/queue.o
 .text.prvCopyDataFromQueue
                0x000000000800adb4       0x4c ./Middlewares/Third_Party/FreeRTOS/Source/queue.o
 .text.prvUnlockQueue
                0x000000000800ae00       0xa4 ./Middlewares/Third_Party/FreeRTOS/Source/queue.o
 .text.prvIsQueueEmpty
                0x000000000800aea4       0x2c ./Middlewares/Third_Party/FreeRTOS/Source/queue.o
 .text.prvIsQueueFull
                0x000000000800aed0       0x30 ./Middlewares/Third_Party/FreeRTOS/Source/queue.o
 .text.vQueueAddToRegistry
                0x000000000800af00       0x54 ./Middlewares/Third_Party/FreeRTOS/Source/queue.o
                0x000000000800af00                vQueueAddToRegistry
 .text.vQueueWaitForMessageRestricted
                0x000000000800af54       0x68 ./Middlewares/Third_Party/FreeRTOS/Source/queue.o
                0x000000000800af54                vQueueWaitForMessageRestricted
 .text.xTaskCreateStatic
                0x000000000800afbc       0xba ./Middlewares/Third_Party/FreeRTOS/Source/tasks.o
                0x000000000800afbc                xTaskCreateStatic
 .text.xTaskCreate
                0x000000000800b076       0x8a ./Middlewares/Third_Party/FreeRTOS/Source/tasks.o
                0x000000000800b076                xTaskCreate
 .text.prvInitialiseNewTask
                0x000000000800b100      0x11e ./Middlewares/Third_Party/FreeRTOS/Source/tasks.o
 *fill*         0x000000000800b21e        0x2 
 .text.prvAddNewTaskToReadyList
                0x000000000800b220       0xe0 ./Middlewares/Third_Party/FreeRTOS/Source/tasks.o
 .text.vTaskDelayUntil
                0x000000000800b300       0xfc ./Middlewares/Third_Party/FreeRTOS/Source/tasks.o
                0x000000000800b300                vTaskDelayUntil
 .text.vTaskDelay
                0x000000000800b3fc       0x68 ./Middlewares/Third_Party/FreeRTOS/Source/tasks.o
                0x000000000800b3fc                vTaskDelay
 .text.vTaskStartScheduler
                0x000000000800b464       0xcc ./Middlewares/Third_Party/FreeRTOS/Source/tasks.o
                0x000000000800b464                vTaskStartScheduler
 .text.vTaskSuspendAll
                0x000000000800b530       0x1c ./Middlewares/Third_Party/FreeRTOS/Source/tasks.o
                0x000000000800b530                vTaskSuspendAll
 .text.xTaskResumeAll
                0x000000000800b54c      0x13c ./Middlewares/Third_Party/FreeRTOS/Source/tasks.o
                0x000000000800b54c                xTaskResumeAll
 .text.xTaskGetTickCount
                0x000000000800b688       0x20 ./Middlewares/Third_Party/FreeRTOS/Source/tasks.o
                0x000000000800b688                xTaskGetTickCount
 .text.xTaskIncrementTick
                0x000000000800b6a8      0x174 ./Middlewares/Third_Party/FreeRTOS/Source/tasks.o
                0x000000000800b6a8                xTaskIncrementTick
 .text.vTaskSwitchContext
                0x000000000800b81c       0xbc ./Middlewares/Third_Party/FreeRTOS/Source/tasks.o
                0x000000000800b81c                vTaskSwitchContext
 .text.vTaskPlaceOnEventList
                0x000000000800b8d8       0x48 ./Middlewares/Third_Party/FreeRTOS/Source/tasks.o
                0x000000000800b8d8                vTaskPlaceOnEventList
 .text.vTaskPlaceOnEventListRestricted
                0x000000000800b920       0x58 ./Middlewares/Third_Party/FreeRTOS/Source/tasks.o
                0x000000000800b920                vTaskPlaceOnEventListRestricted
 .text.xTaskRemoveFromEventList
                0x000000000800b978       0xc8 ./Middlewares/Third_Party/FreeRTOS/Source/tasks.o
                0x000000000800b978                xTaskRemoveFromEventList
 .text.vTaskInternalSetTimeOutState
                0x000000000800ba40       0x2c ./Middlewares/Third_Party/FreeRTOS/Source/tasks.o
                0x000000000800ba40                vTaskInternalSetTimeOutState
 .text.xTaskCheckForTimeOut
                0x000000000800ba6c       0xc4 ./Middlewares/Third_Party/FreeRTOS/Source/tasks.o
                0x000000000800ba6c                xTaskCheckForTimeOut
 .text.vTaskMissedYield
                0x000000000800bb30       0x18 ./Middlewares/Third_Party/FreeRTOS/Source/tasks.o
                0x000000000800bb30                vTaskMissedYield
 .text.prvIdleTask
                0x000000000800bb48       0x30 ./Middlewares/Third_Party/FreeRTOS/Source/tasks.o
 .text.prvInitialiseTaskLists
                0x000000000800bb78       0x80 ./Middlewares/Third_Party/FreeRTOS/Source/tasks.o
 .text.prvCheckTasksWaitingTermination
                0x000000000800bbf8       0x5c ./Middlewares/Third_Party/FreeRTOS/Source/tasks.o
 .text.prvDeleteTCB
                0x000000000800bc54       0x5e ./Middlewares/Third_Party/FreeRTOS/Source/tasks.o
 *fill*         0x000000000800bcb2        0x2 
 .text.prvResetNextTaskUnblockTime
                0x000000000800bcb4       0x40 ./Middlewares/Third_Party/FreeRTOS/Source/tasks.o
 .text.xTaskGetSchedulerState
                0x000000000800bcf4       0x3c ./Middlewares/Third_Party/FreeRTOS/Source/tasks.o
                0x000000000800bcf4                xTaskGetSchedulerState
 .text.xTaskPriorityDisinherit
                0x000000000800bd30       0xdc ./Middlewares/Third_Party/FreeRTOS/Source/tasks.o
                0x000000000800bd30                xTaskPriorityDisinherit
 .text.prvAddCurrentTaskToDelayedList
                0x000000000800be0c       0xa8 ./Middlewares/Third_Party/FreeRTOS/Source/tasks.o
 .text.xTimerCreateTimerTask
                0x000000000800beb4       0x90 ./Middlewares/Third_Party/FreeRTOS/Source/timers.o
                0x000000000800beb4                xTimerCreateTimerTask
 .text.xTimerGenericCommand
                0x000000000800bf44       0x9c ./Middlewares/Third_Party/FreeRTOS/Source/timers.o
                0x000000000800bf44                xTimerGenericCommand
 .text.prvProcessExpiredTimer
                0x000000000800bfe0       0x98 ./Middlewares/Third_Party/FreeRTOS/Source/timers.o
 .text.prvTimerTask
                0x000000000800c078       0x24 ./Middlewares/Third_Party/FreeRTOS/Source/timers.o
 .text.prvProcessTimerOrBlockTask
                0x000000000800c09c       0x9c ./Middlewares/Third_Party/FreeRTOS/Source/timers.o
 .text.prvGetNextExpireTime
                0x000000000800c138       0x48 ./Middlewares/Third_Party/FreeRTOS/Source/timers.o
 .text.prvSampleTimeNow
                0x000000000800c180       0x40 ./Middlewares/Third_Party/FreeRTOS/Source/timers.o
 .text.prvInsertTimerInActiveList
                0x000000000800c1c0       0x84 ./Middlewares/Third_Party/FreeRTOS/Source/timers.o
 .text.prvProcessReceivedCommands
                0x000000000800c244      0x1c4 ./Middlewares/Third_Party/FreeRTOS/Source/timers.o
 .text.prvSwitchTimerLists
                0x000000000800c408       0xc8 ./Middlewares/Third_Party/FreeRTOS/Source/timers.o
 .text.prvCheckForValidListAndQueue
                0x000000000800c4d0       0x80 ./Middlewares/Third_Party/FreeRTOS/Source/timers.o
 .text.pxPortInitialiseStack
                0x000000000800c550       0x68 ./Middlewares/Third_Party/FreeRTOS/Source/portable/GCC/ARM_CM4F/port.o
                0x000000000800c550                pxPortInitialiseStack
 .text.prvTaskExitError
                0x000000000800c5b8       0x58 ./Middlewares/Third_Party/FreeRTOS/Source/portable/GCC/ARM_CM4F/port.o
 .text.SVC_Handler
                0x000000000800c610       0x28 ./Middlewares/Third_Party/FreeRTOS/Source/portable/GCC/ARM_CM4F/port.o
                0x000000000800c610                SVC_Handler
 .text.prvPortStartFirstTask
                0x000000000800c638       0x28 ./Middlewares/Third_Party/FreeRTOS/Source/portable/GCC/ARM_CM4F/port.o
 .text.xPortStartScheduler
                0x000000000800c660      0x144 ./Middlewares/Third_Party/FreeRTOS/Source/portable/GCC/ARM_CM4F/port.o
                0x000000000800c660                xPortStartScheduler
 .text.vPortEnterCritical
                0x000000000800c7a4       0x60 ./Middlewares/Third_Party/FreeRTOS/Source/portable/GCC/ARM_CM4F/port.o
                0x000000000800c7a4                vPortEnterCritical
 .text.vPortExitCritical
                0x000000000800c804       0x54 ./Middlewares/Third_Party/FreeRTOS/Source/portable/GCC/ARM_CM4F/port.o
                0x000000000800c804                vPortExitCritical
 *fill*         0x000000000800c858        0x8 
 .text.PendSV_Handler
                0x000000000800c860       0x68 ./Middlewares/Third_Party/FreeRTOS/Source/portable/GCC/ARM_CM4F/port.o
                0x000000000800c860                PendSV_Handler
 .text.xPortSysTickHandler
                0x000000000800c8c8       0x44 ./Middlewares/Third_Party/FreeRTOS/Source/portable/GCC/ARM_CM4F/port.o
                0x000000000800c8c8                xPortSysTickHandler
 .text.vPortSetupTimerInterrupt
                0x000000000800c90c       0x48 ./Middlewares/Third_Party/FreeRTOS/Source/portable/GCC/ARM_CM4F/port.o
                0x000000000800c90c                vPortSetupTimerInterrupt
 .text.vPortEnableVFP
                0x000000000800c954       0x14 ./Middlewares/Third_Party/FreeRTOS/Source/portable/GCC/ARM_CM4F/port.o
 .text.vPortValidateInterruptPriority
                0x000000000800c968       0x80 ./Middlewares/Third_Party/FreeRTOS/Source/portable/GCC/ARM_CM4F/port.o
                0x000000000800c968                vPortValidateInterruptPriority
 .text.pvPortMalloc
                0x000000000800c9e8      0x198 ./Middlewares/Third_Party/FreeRTOS/Source/portable/MemMang/heap_4.o
                0x000000000800c9e8                pvPortMalloc
 .text.vPortFree
                0x000000000800cb80       0xc4 ./Middlewares/Third_Party/FreeRTOS/Source/portable/MemMang/heap_4.o
                0x000000000800cb80                vPortFree
 .text.prvHeapInit
                0x000000000800cc44       0xc4 ./Middlewares/Third_Party/FreeRTOS/Source/portable/MemMang/heap_4.o
 .text.prvInsertBlockIntoFreeList
                0x000000000800cd08       0xb4 ./Middlewares/Third_Party/FreeRTOS/Source/portable/MemMang/heap_4.o
 .text.sprintf  0x000000000800cdbc       0x40 C:/ST/STM32CubeIDE_1.14.1/STM32CubeIDE/plugins/com.st.stm32cube.ide.mcu.externaltools.gnu-tools-for-stm32.11.3.rel1.win32_1.1.100.202309141235/tools/bin/../lib/gcc/arm-none-eabi/11.3.1/../../../../arm-none-eabi/lib/thumb/v7e-m+fp/hard\libc_nano.a(libc_a-sprintf.o)
                0x000000000800cdbc                siprintf
                0x000000000800cdbc                sprintf
 .text.memset   0x000000000800cdfc       0x10 C:/ST/STM32CubeIDE_1.14.1/STM32CubeIDE/plugins/com.st.stm32cube.ide.mcu.externaltools.gnu-tools-for-stm32.11.3.rel1.win32_1.1.100.202309141235/tools/bin/../lib/gcc/arm-none-eabi/11.3.1/../../../../arm-none-eabi/lib/thumb/v7e-m+fp/hard\libc_nano.a(libc_a-memset.o)
                0x000000000800cdfc                memset
 .text.__errno  0x000000000800ce0c        0xc C:/ST/STM32CubeIDE_1.14.1/STM32CubeIDE/plugins/com.st.stm32cube.ide.mcu.externaltools.gnu-tools-for-stm32.11.3.rel1.win32_1.1.100.202309141235/tools/bin/../lib/gcc/arm-none-eabi/11.3.1/../../../../arm-none-eabi/lib/thumb/v7e-m+fp/hard\libc_nano.a(libc_a-errno.o)
                0x000000000800ce0c                __errno
 .text.__libc_init_array
                0x000000000800ce18       0x48 C:/ST/STM32CubeIDE_1.14.1/STM32CubeIDE/plugins/com.st.stm32cube.ide.mcu.externaltools.gnu-tools-for-stm32.11.3.rel1.win32_1.1.100.202309141235/tools/bin/../lib/gcc/arm-none-eabi/11.3.1/../../../../arm-none-eabi/lib/thumb/v7e-m+fp/hard\libc_nano.a(libc_a-init.o)
                0x000000000800ce18                __libc_init_array
 .text.__retarget_lock_acquire_recursive
                0x000000000800ce60        0x2 C:/ST/STM32CubeIDE_1.14.1/STM32CubeIDE/plugins/com.st.stm32cube.ide.mcu.externaltools.gnu-tools-for-stm32.11.3.rel1.win32_1.1.100.202309141235/tools/bin/../lib/gcc/arm-none-eabi/11.3.1/../../../../arm-none-eabi/lib/thumb/v7e-m+fp/hard\libc_nano.a(libc_a-lock.o)
                0x000000000800ce60                __retarget_lock_acquire_recursive
 .text.__retarget_lock_release_recursive
                0x000000000800ce62        0x2 C:/ST/STM32CubeIDE_1.14.1/STM32CubeIDE/plugins/com.st.stm32cube.ide.mcu.externaltools.gnu-tools-for-stm32.11.3.rel1.win32_1.1.100.202309141235/tools/bin/../lib/gcc/arm-none-eabi/11.3.1/../../../../arm-none-eabi/lib/thumb/v7e-m+fp/hard\libc_nano.a(libc_a-lock.o)
                0x000000000800ce62                __retarget_lock_release_recursive
 .text.strcpy   0x000000000800ce64       0x10 C:/ST/STM32CubeIDE_1.14.1/STM32CubeIDE/plugins/com.st.stm32cube.ide.mcu.externaltools.gnu-tools-for-stm32.11.3.rel1.win32_1.1.100.202309141235/tools/bin/../lib/gcc/arm-none-eabi/11.3.1/../../../../arm-none-eabi/lib/thumb/v7e-m+fp/hard\libc_nano.a(libc_a-strcpy.o)
                0x000000000800ce64                strcpy
 .text.memcpy   0x000000000800ce74       0x1c C:/ST/STM32CubeIDE_1.14.1/STM32CubeIDE/plugins/com.st.stm32cube.ide.mcu.externaltools.gnu-tools-for-stm32.11.3.rel1.win32_1.1.100.202309141235/tools/bin/../lib/gcc/arm-none-eabi/11.3.1/../../../../arm-none-eabi/lib/thumb/v7e-m+fp/hard\libc_nano.a(libc_a-memcpy-stub.o)
                0x000000000800ce74                memcpy
 .text._free_r  0x000000000800ce90       0x98 C:/ST/STM32CubeIDE_1.14.1/STM32CubeIDE/plugins/com.st.stm32cube.ide.mcu.externaltools.gnu-tools-for-stm32.11.3.rel1.win32_1.1.100.202309141235/tools/bin/../lib/gcc/arm-none-eabi/11.3.1/../../../../arm-none-eabi/lib/thumb/v7e-m+fp/hard\libc_nano.a(libc_a-freer.o)
                0x000000000800ce90                _free_r
 .text.sbrk_aligned
                0x000000000800cf28       0x40 C:/ST/STM32CubeIDE_1.14.1/STM32CubeIDE/plugins/com.st.stm32cube.ide.mcu.externaltools.gnu-tools-for-stm32.11.3.rel1.win32_1.1.100.202309141235/tools/bin/../lib/gcc/arm-none-eabi/11.3.1/../../../../arm-none-eabi/lib/thumb/v7e-m+fp/hard\libc_nano.a(libc_a-mallocr.o)
 .text._malloc_r
                0x000000000800cf68      0x100 C:/ST/STM32CubeIDE_1.14.1/STM32CubeIDE/plugins/com.st.stm32cube.ide.mcu.externaltools.gnu-tools-for-stm32.11.3.rel1.win32_1.1.100.202309141235/tools/bin/../lib/gcc/arm-none-eabi/11.3.1/../../../../arm-none-eabi/lib/thumb/v7e-m+fp/hard\libc_nano.a(libc_a-mallocr.o)
                0x000000000800cf68                _malloc_r
 .text.__malloc_lock
                0x000000000800d068        0xc C:/ST/STM32CubeIDE_1.14.1/STM32CubeIDE/plugins/com.st.stm32cube.ide.mcu.externaltools.gnu-tools-for-stm32.11.3.rel1.win32_1.1.100.202309141235/tools/bin/../lib/gcc/arm-none-eabi/11.3.1/../../../../arm-none-eabi/lib/thumb/v7e-m+fp/hard\libc_nano.a(libc_a-mlock.o)
                0x000000000800d068                __malloc_lock
 .text.__malloc_unlock
                0x000000000800d074        0xc C:/ST/STM32CubeIDE_1.14.1/STM32CubeIDE/plugins/com.st.stm32cube.ide.mcu.externaltools.gnu-tools-for-stm32.11.3.rel1.win32_1.1.100.202309141235/tools/bin/../lib/gcc/arm-none-eabi/11.3.1/../../../../arm-none-eabi/lib/thumb/v7e-m+fp/hard\libc_nano.a(libc_a-mlock.o)
                0x000000000800d074                __malloc_unlock
 .text.__ssputs_r
                0x000000000800d080       0xb4 C:/ST/STM32CubeIDE_1.14.1/STM32CubeIDE/plugins/com.st.stm32cube.ide.mcu.externaltools.gnu-tools-for-stm32.11.3.rel1.win32_1.1.100.202309141235/tools/bin/../lib/gcc/arm-none-eabi/11.3.1/../../../../arm-none-eabi/lib/thumb/v7e-m+fp/hard\libc_nano.a(libc_a-nano-svfprintf.o)
                0x000000000800d080                __ssputs_r
 .text._svfprintf_r
                0x000000000800d134      0x1fc C:/ST/STM32CubeIDE_1.14.1/STM32CubeIDE/plugins/com.st.stm32cube.ide.mcu.externaltools.gnu-tools-for-stm32.11.3.rel1.win32_1.1.100.202309141235/tools/bin/../lib/gcc/arm-none-eabi/11.3.1/../../../../arm-none-eabi/lib/thumb/v7e-m+fp/hard\libc_nano.a(libc_a-nano-svfprintf.o)
                0x000000000800d134                _svfiprintf_r
                0x000000000800d134                _svfprintf_r
 .text._printf_common
                0x000000000800d330       0xda C:/ST/STM32CubeIDE_1.14.1/STM32CubeIDE/plugins/com.st.stm32cube.ide.mcu.externaltools.gnu-tools-for-stm32.11.3.rel1.win32_1.1.100.202309141235/tools/bin/../lib/gcc/arm-none-eabi/11.3.1/../../../../arm-none-eabi/lib/thumb/v7e-m+fp/hard\libc_nano.a(libc_a-nano-vfprintf_i.o)
                0x000000000800d330                _printf_common
 *fill*         0x000000000800d40a        0x2 
 .text._printf_i
                0x000000000800d40c      0x244 C:/ST/STM32CubeIDE_1.14.1/STM32CubeIDE/plugins/com.st.stm32cube.ide.mcu.externaltools.gnu-tools-for-stm32.11.3.rel1.win32_1.1.100.202309141235/tools/bin/../lib/gcc/arm-none-eabi/11.3.1/../../../../arm-none-eabi/lib/thumb/v7e-m+fp/hard\libc_nano.a(libc_a-nano-vfprintf_i.o)
                0x000000000800d40c                _printf_i
 .text.memmove  0x000000000800d650       0x34 C:/ST/STM32CubeIDE_1.14.1/STM32CubeIDE/plugins/com.st.stm32cube.ide.mcu.externaltools.gnu-tools-for-stm32.11.3.rel1.win32_1.1.100.202309141235/tools/bin/../lib/gcc/arm-none-eabi/11.3.1/../../../../arm-none-eabi/lib/thumb/v7e-m+fp/hard\libc_nano.a(libc_a-memmove.o)
                0x000000000800d650                memmove
 .text._sbrk_r  0x000000000800d684       0x20 C:/ST/STM32CubeIDE_1.14.1/STM32CubeIDE/plugins/com.st.stm32cube.ide.mcu.externaltools.gnu-tools-for-stm32.11.3.rel1.win32_1.1.100.202309141235/tools/bin/../lib/gcc/arm-none-eabi/11.3.1/../../../../arm-none-eabi/lib/thumb/v7e-m+fp/hard\libc_nano.a(libc_a-sbrkr.o)
                0x000000000800d684                _sbrk_r
 .text._realloc_r
                0x000000000800d6a4       0x5e C:/ST/STM32CubeIDE_1.14.1/STM32CubeIDE/plugins/com.st.stm32cube.ide.mcu.externaltools.gnu-tools-for-stm32.11.3.rel1.win32_1.1.100.202309141235/tools/bin/../lib/gcc/arm-none-eabi/11.3.1/../../../../arm-none-eabi/lib/thumb/v7e-m+fp/hard\libc_nano.a(libc_a-reallocr.o)
                0x000000000800d6a4                _realloc_r
 .text._malloc_usable_size_r
                0x000000000800d702       0x10 C:/ST/STM32CubeIDE_1.14.1/STM32CubeIDE/plugins/com.st.stm32cube.ide.mcu.externaltools.gnu-tools-for-stm32.11.3.rel1.win32_1.1.100.202309141235/tools/bin/../lib/gcc/arm-none-eabi/11.3.1/../../../../arm-none-eabi/lib/thumb/v7e-m+fp/hard\libc_nano.a(libc_a-msizer.o)
                0x000000000800d702                _malloc_usable_size_r
 *(.glue_7)
 .glue_7        0x000000000800d712        0x0 linker stubs
 *(.glue_7t)
 .glue_7t       0x000000000800d712        0x0 linker stubs
 *(.eh_frame)
 *fill*         0x000000000800d712        0x2 
 .eh_frame      0x000000000800d714        0x0 C:/ST/STM32CubeIDE_1.14.1/STM32CubeIDE/plugins/com.st.stm32cube.ide.mcu.externaltools.gnu-tools-for-stm32.11.3.rel1.win32_1.1.100.202309141235/tools/bin/../lib/gcc/arm-none-eabi/11.3.1/thumb/v7e-m+fp/hard/crtbegin.o
 *(.init)
 .init          0x000000000800d714        0x4 C:/ST/STM32CubeIDE_1.14.1/STM32CubeIDE/plugins/com.st.stm32cube.ide.mcu.externaltools.gnu-tools-for-stm32.11.3.rel1.win32_1.1.100.202309141235/tools/bin/../lib/gcc/arm-none-eabi/11.3.1/thumb/v7e-m+fp/hard/crti.o
                0x000000000800d714                _init
 .init          0x000000000800d718        0x8 C:/ST/STM32CubeIDE_1.14.1/STM32CubeIDE/plugins/com.st.stm32cube.ide.mcu.externaltools.gnu-tools-for-stm32.11.3.rel1.win32_1.1.100.202309141235/tools/bin/../lib/gcc/arm-none-eabi/11.3.1/thumb/v7e-m+fp/hard/crtn.o
 *(.fini)
 .fini          0x000000000800d720        0x4 C:/ST/STM32CubeIDE_1.14.1/STM32CubeIDE/plugins/com.st.stm32cube.ide.mcu.externaltools.gnu-tools-for-stm32.11.3.rel1.win32_1.1.100.202309141235/tools/bin/../lib/gcc/arm-none-eabi/11.3.1/thumb/v7e-m+fp/hard/crti.o
                0x000000000800d720                _fini
 .fini          0x000000000800d724        0x8 C:/ST/STM32CubeIDE_1.14.1/STM32CubeIDE/plugins/com.st.stm32cube.ide.mcu.externaltools.gnu-tools-for-stm32.11.3.rel1.win32_1.1.100.202309141235/tools/bin/../lib/gcc/arm-none-eabi/11.3.1/thumb/v7e-m+fp/hard/crtn.o
                0x000000000800d72c                . = ALIGN (0x4)
                0x000000000800d72c                _etext = .

.vfp11_veneer   0x000000000800d72c        0x0
 .vfp11_veneer  0x000000000800d72c        0x0 linker stubs

.v4_bx          0x000000000800d72c        0x0
 .v4_bx         0x000000000800d72c        0x0 linker stubs

.iplt           0x000000000800d72c        0x0
 .iplt          0x000000000800d72c        0x0 C:/ST/STM32CubeIDE_1.14.1/STM32CubeIDE/plugins/com.st.stm32cube.ide.mcu.externaltools.gnu-tools-for-stm32.11.3.rel1.win32_1.1.100.202309141235/tools/bin/../lib/gcc/arm-none-eabi/11.3.1/thumb/v7e-m+fp/hard/crtbegin.o

.rodata         0x000000000800d72c      0xcc4
                0x000000000800d72c                . = ALIGN (0x4)
 *(.rodata)
 .rodata        0x000000000800d72c       0xb4 ./Core/Src/IMU.o
 .rodata        0x000000000800d7e0       0x8a ./Core/Src/main.o
 *fill*         0x000000000800d86a        0x2 
 .rodata        0x000000000800d86c        0x5 ./Middlewares/Third_Party/FreeRTOS/Source/tasks.o
 *fill*         0x000000000800d871        0x3 
 .rodata        0x000000000800d874        0xd ./Middlewares/Third_Party/FreeRTOS/Source/timers.o
 *(.rodata*)
 *fill*         0x000000000800d881        0x3 
 .rodata.defaultTask_attributes
                0x000000000800d884       0x24 ./Core/Src/main.o
                0x000000000800d884                defaultTask_attributes
 .rodata.DisplayTask_attributes
                0x000000000800d8a8       0x24 ./Core/Src/main.o
                0x000000000800d8a8                DisplayTask_attributes
 .rodata.Motor_L_attributes
                0x000000000800d8cc       0x24 ./Core/Src/main.o
                0x000000000800d8cc                Motor_L_attributes
 .rodata.GyroTask_attributes
                0x000000000800d8f0       0x24 ./Core/Src/main.o
                0x000000000800d8f0                GyroTask_attributes
 .rodata.Ultrasonic_attributes
                0x000000000800d914       0x24 ./Core/Src/main.o
                0x000000000800d914                Ultrasonic_attributes
 .rodata.oled_asc2_1206
                0x000000000800d938      0x474 ./Core/Src/oled_SC2104.o
                0x000000000800d938                oled_asc2_1206
 .rodata.oled_asc2_1608
                0x000000000800ddac      0x5f0 ./Core/Src/oled_SC2104.o
                0x000000000800ddac                oled_asc2_1608
 .rodata.AHBPrescTable
                0x000000000800e39c       0x10 ./Core/Src/system_stm32f4xx.o
                0x000000000800e39c                AHBPrescTable
 .rodata.APBPrescTable
                0x000000000800e3ac        0x8 ./Core/Src/system_stm32f4xx.o
                0x000000000800e3ac                APBPrescTable
 .rodata.flagBitshiftOffset.0
                0x000000000800e3b4        0x8 ./Drivers/STM32F4xx_HAL_Driver/Src/stm32f4xx_hal_dma.o
 .rodata._svfprintf_r.str1.1
                0x000000000800e3bc       0x11 C:/ST/STM32CubeIDE_1.14.1/STM32CubeIDE/plugins/com.st.stm32cube.ide.mcu.externaltools.gnu-tools-for-stm32.11.3.rel1.win32_1.1.100.202309141235/tools/bin/../lib/gcc/arm-none-eabi/11.3.1/../../../../arm-none-eabi/lib/thumb/v7e-m+fp/hard\libc_nano.a(libc_a-nano-svfprintf.o)
 .rodata._printf_i.str1.1
                0x000000000800e3cd       0x22 C:/ST/STM32CubeIDE_1.14.1/STM32CubeIDE/plugins/com.st.stm32cube.ide.mcu.externaltools.gnu-tools-for-stm32.11.3.rel1.win32_1.1.100.202309141235/tools/bin/../lib/gcc/arm-none-eabi/11.3.1/../../../../arm-none-eabi/lib/thumb/v7e-m+fp/hard\libc_nano.a(libc_a-nano-vfprintf_i.o)
                0x000000000800e3f0                . = ALIGN (0x4)
 *fill*         0x000000000800e3ef        0x1 

.ARM.extab      0x000000000800e3f0        0x0
                0x000000000800e3f0                . = ALIGN (0x4)
 *(.ARM.extab* .gnu.linkonce.armextab.*)
                0x000000000800e3f0                . = ALIGN (0x4)

.ARM            0x000000000800e3f0        0x8
                0x000000000800e3f0                . = ALIGN (0x4)
                0x000000000800e3f0                __exidx_start = .
 *(.ARM.exidx*)
 .ARM.exidx     0x000000000800e3f0        0x8 C:/ST/STM32CubeIDE_1.14.1/STM32CubeIDE/plugins/com.st.stm32cube.ide.mcu.externaltools.gnu-tools-for-stm32.11.3.rel1.win32_1.1.100.202309141235/tools/bin/../lib/gcc/arm-none-eabi/11.3.1/thumb/v7e-m+fp/hard\libgcc.a(_udivmoddi4.o)
                0x000000000800e3f8                __exidx_end = .
                0x000000000800e3f8                . = ALIGN (0x4)

.rel.dyn        0x000000000800e3f8        0x0
 .rel.iplt      0x000000000800e3f8        0x0 C:/ST/STM32CubeIDE_1.14.1/STM32CubeIDE/plugins/com.st.stm32cube.ide.mcu.externaltools.gnu-tools-for-stm32.11.3.rel1.win32_1.1.100.202309141235/tools/bin/../lib/gcc/arm-none-eabi/11.3.1/thumb/v7e-m+fp/hard/crtbegin.o

.preinit_array  0x000000000800e3f8        0x0
                0x000000000800e3f8                . = ALIGN (0x4)
                0x000000000800e3f8                PROVIDE (__preinit_array_start = .)
 *(.preinit_array*)
                0x000000000800e3f8                PROVIDE (__preinit_array_end = .)
                0x000000000800e3f8                . = ALIGN (0x4)

.init_array     0x000000000800e3f8        0x4
                0x000000000800e3f8                . = ALIGN (0x4)
                0x000000000800e3f8                PROVIDE (__init_array_start = .)
 *(SORT_BY_NAME(.init_array.*))
 *(.init_array*)
 .init_array    0x000000000800e3f8        0x4 C:/ST/STM32CubeIDE_1.14.1/STM32CubeIDE/plugins/com.st.stm32cube.ide.mcu.externaltools.gnu-tools-for-stm32.11.3.rel1.win32_1.1.100.202309141235/tools/bin/../lib/gcc/arm-none-eabi/11.3.1/thumb/v7e-m+fp/hard/crtbegin.o
                0x000000000800e3fc                PROVIDE (__init_array_end = .)
                0x000000000800e3fc                . = ALIGN (0x4)

.fini_array     0x000000000800e3fc        0x4
                0x000000000800e3fc                . = ALIGN (0x4)
                [!provide]                        PROVIDE (__fini_array_start = .)
 *(SORT_BY_NAME(.fini_array.*))
 *(.fini_array*)
 .fini_array    0x000000000800e3fc        0x4 C:/ST/STM32CubeIDE_1.14.1/STM32CubeIDE/plugins/com.st.stm32cube.ide.mcu.externaltools.gnu-tools-for-stm32.11.3.rel1.win32_1.1.100.202309141235/tools/bin/../lib/gcc/arm-none-eabi/11.3.1/thumb/v7e-m+fp/hard/crtbegin.o
                [!provide]                        PROVIDE (__fini_array_end = .)
                0x000000000800e400                . = ALIGN (0x4)
                0x000000000800e400                _sidata = LOADADDR (.data)

.data           0x0000000020000000       0x94 load address 0x000000000800e400
                0x0000000020000000                . = ALIGN (0x4)
                0x0000000020000000                _sdata = .
 *(.data)
 *(.data*)
 .data.right_ratio
                0x0000000020000000        0x8 ./Core/Src/main.o
                0x0000000020000000                right_ratio
 .data.left_ratio
                0x0000000020000008        0x8 ./Core/Src/main.o
                0x0000000020000008                left_ratio
 .data.pwmVal   0x0000000020000010        0x2 ./Core/Src/main.o
                0x0000000020000010                pwmVal
 .data.pwmVal_Turn
                0x0000000020000012        0x2 ./Core/Src/main.o
                0x0000000020000012                pwmVal_Turn
 *fill*         0x0000000020000014        0x4 
 .data.min_pwm_ratio
                0x0000000020000018        0x8 ./Core/Src/main.o
                0x0000000020000018                min_pwm_ratio
 .data.min_pwm_turn
                0x0000000020000020        0x8 ./Core/Src/main.o
                0x0000000020000020                min_pwm_turn
 .data.max_pwm_dif
                0x0000000020000028        0x8 ./Core/Src/main.o
                0x0000000020000028                max_pwm_dif
 .data.prevTurn
                0x0000000020000030        0x1 ./Core/Src/main.o
                0x0000000020000030                prevTurn
 *fill*         0x0000000020000031        0x3 
 .data.SystemCoreClock
                0x0000000020000034        0x4 ./Core/Src/system_stm32f4xx.o
                0x0000000020000034                SystemCoreClock
 .data.uwTickPrio
                0x0000000020000038        0x4 ./Drivers/STM32F4xx_HAL_Driver/Src/stm32f4xx_hal.o
                0x0000000020000038                uwTickPrio
 .data.uwTickFreq
                0x000000002000003c        0x1 ./Drivers/STM32F4xx_HAL_Driver/Src/stm32f4xx_hal.o
                0x000000002000003c                uwTickFreq
 *fill*         0x000000002000003d        0x3 
 .data.uxCriticalNesting
                0x0000000020000040        0x4 ./Middlewares/Third_Party/FreeRTOS/Source/portable/GCC/ARM_CM4F/port.o
 .data._impure_data
                0x0000000020000044       0x4c C:/ST/STM32CubeIDE_1.14.1/STM32CubeIDE/plugins/com.st.stm32cube.ide.mcu.externaltools.gnu-tools-for-stm32.11.3.rel1.win32_1.1.100.202309141235/tools/bin/../lib/gcc/arm-none-eabi/11.3.1/../../../../arm-none-eabi/lib/thumb/v7e-m+fp/hard\libc_nano.a(libc_a-impure.o)
                0x0000000020000044                _impure_data
 .data._impure_ptr
                0x0000000020000090        0x4 C:/ST/STM32CubeIDE_1.14.1/STM32CubeIDE/plugins/com.st.stm32cube.ide.mcu.externaltools.gnu-tools-for-stm32.11.3.rel1.win32_1.1.100.202309141235/tools/bin/../lib/gcc/arm-none-eabi/11.3.1/../../../../arm-none-eabi/lib/thumb/v7e-m+fp/hard\libc_nano.a(libc_a-impure.o)
                0x0000000020000090                _impure_ptr
 *(.RamFunc)
 *(.RamFunc*)
                0x0000000020000094                . = ALIGN (0x4)
                0x0000000020000094                _edata = .
                0x000000000800e494                _siccmram = LOADADDR (.ccmram)

.igot.plt       0x0000000020000094        0x0 load address 0x000000000800e494
 .igot.plt      0x0000000020000094        0x0 C:/ST/STM32CubeIDE_1.14.1/STM32CubeIDE/plugins/com.st.stm32cube.ide.mcu.externaltools.gnu-tools-for-stm32.11.3.rel1.win32_1.1.100.202309141235/tools/bin/../lib/gcc/arm-none-eabi/11.3.1/thumb/v7e-m+fp/hard/crtbegin.o

.ccmram         0x0000000010000000        0x0 load address 0x000000000800e494
                0x0000000010000000                . = ALIGN (0x4)
                0x0000000010000000                _sccmram = .
 *(.ccmram)
 *(.ccmram*)
                0x0000000010000000                . = ALIGN (0x4)
                0x0000000010000000                _eccmram = .
                0x0000000010000000                . = ALIGN (0x4)

.bss            0x0000000020000098     0x5344
                0x0000000020000098                _sbss = .
                0x0000000020000098                __bss_start__ = _sbss
 *(.bss)
 .bss           0x0000000020000098       0x1c C:/ST/STM32CubeIDE_1.14.1/STM32CubeIDE/plugins/com.st.stm32cube.ide.mcu.externaltools.gnu-tools-for-stm32.11.3.rel1.win32_1.1.100.202309141235/tools/bin/../lib/gcc/arm-none-eabi/11.3.1/thumb/v7e-m+fp/hard/crtbegin.o
 *(.bss*)
 .bss.ret       0x00000000200000b4        0x1 ./Core/Src/IMU.o
                0x00000000200000b4                ret
 *fill*         0x00000000200000b5        0x3 
 .bss.prevTick  0x00000000200000b8        0x4 ./Core/Src/IMU.o
                0x00000000200000b8                prevTick
 .bss.gyroPosOld
                0x00000000200000bc        0xc ./Core/Src/IMU.o
                0x00000000200000bc                gyroPosOld
 .bss.gyroNegOld
                0x00000000200000c8        0xc ./Core/Src/IMU.o
                0x00000000200000c8                gyroNegOld
 .bss.gyro_offset
                0x00000000200000d4        0x6 ./Core/Src/IMU.o
                0x00000000200000d4                gyro_offset
 *fill*         0x00000000200000da        0x2 
 .bss.gyro_offset_f
                0x00000000200000dc        0x4 ./Core/Src/IMU.o
                0x00000000200000dc                gyro_offset_f
 .bss.hi2c1     0x00000000200000e0       0x54 ./Core/Src/main.o
                0x00000000200000e0                hi2c1
 .bss.htim1     0x0000000020000134       0x48 ./Core/Src/main.o
                0x0000000020000134                htim1
 .bss.htim2     0x000000002000017c       0x48 ./Core/Src/main.o
                0x000000002000017c                htim2
 .bss.htim3     0x00000000200001c4       0x48 ./Core/Src/main.o
                0x00000000200001c4                htim3
 .bss.htim4     0x000000002000020c       0x48 ./Core/Src/main.o
                0x000000002000020c                htim4
 .bss.htim8     0x0000000020000254       0x48 ./Core/Src/main.o
                0x0000000020000254                htim8
 .bss.huart3    0x000000002000029c       0x44 ./Core/Src/main.o
                0x000000002000029c                huart3
 .bss.hdma_usart3_rx
                0x00000000200002e0       0x60 ./Core/Src/main.o
                0x00000000200002e0                hdma_usart3_rx
 .bss.defaultTaskHandle
                0x0000000020000340        0x4 ./Core/Src/main.o
                0x0000000020000340                defaultTaskHandle
 .bss.DisplayTaskHandle
                0x0000000020000344        0x4 ./Core/Src/main.o
                0x0000000020000344                DisplayTaskHandle
 .bss.Motor_LHandle
                0x0000000020000348        0x4 ./Core/Src/main.o
                0x0000000020000348                Motor_LHandle
 .bss.GyroTaskHandle
                0x000000002000034c        0x4 ./Core/Src/main.o
                0x000000002000034c                GyroTaskHandle
 .bss.UltrasonicHandle
                0x0000000020000350        0x4 ./Core/Src/main.o
                0x0000000020000350                UltrasonicHandle
 .bss.Buffer    0x0000000020000354        0x5 ./Core/Src/main.o
                0x0000000020000354                Buffer
 *fill*         0x0000000020000359        0x3 
 .bss.t_heading
                0x000000002000035c        0x4 ./Core/Src/main.o
                0x000000002000035c                t_heading
 .bss.current_angle
                0x0000000020000360        0x8 ./Core/Src/main.o
                0x0000000020000360                current_angle
 .bss.current_gyro
                0x0000000020000368        0x8 ./Core/Src/main.o
                0x0000000020000368                current_gyro
 .bss.is_calibrated
                0x0000000020000370        0x1 ./Core/Src/main.o
                0x0000000020000370                is_calibrated
 *fill*         0x0000000020000371        0x7 
 .bss.travel_dist
                0x0000000020000378        0x8 ./Core/Src/main.o
                0x0000000020000378                travel_dist
 .bss.encoder_position
                0x0000000020000380        0x4 ./Core/Src/main.o
                0x0000000020000380                encoder_position
 .bss.imu       0x0000000020000384       0x24 ./Core/Src/main.o
                0x0000000020000384                imu
 .bss.Turning_PID
                0x00000000200003a8       0x70 ./Core/Src/main.o
                0x00000000200003a8                Turning_PID
 .bss.Straight_PID
                0x0000000020000418       0x70 ./Core/Src/main.o
                0x0000000020000418                Straight_PID
 .bss.StraightErr_PID
                0x0000000020000488       0x70 ./Core/Src/main.o
                0x0000000020000488                StraightErr_PID
 .bss.IC_Val1   0x00000000200004f8        0x4 ./Core/Src/main.o
                0x00000000200004f8                IC_Val1
 .bss.IC_Val2   0x00000000200004fc        0x4 ./Core/Src/main.o
                0x00000000200004fc                IC_Val2
 .bss.Difference
                0x0000000020000500        0x4 ./Core/Src/main.o
                0x0000000020000500                Difference
 .bss.Distance  0x0000000020000504        0x4 ./Core/Src/main.o
                0x0000000020000504                Distance
 .bss.prevDistance
                0x0000000020000508       0x10 ./Core/Src/main.o
                0x0000000020000508                prevDistance
 .bss.Is_First_Captured
                0x0000000020000518        0x1 ./Core/Src/main.o
                0x0000000020000518                Is_First_Captured
 *fill*         0x0000000020000519        0x7 
 .bss.PID_out   0x0000000020000520        0x8 ./Core/Src/main.o
                0x0000000020000520                PID_out
 .bss.savedDistances
                0x0000000020000528       0x14 ./Core/Src/main.o
                0x0000000020000528                savedDistances
 .bss.OLED_GRAM
                0x000000002000053c      0x400 ./Core/Src/oled_SC2104.o
                0x000000002000053c                OLED_GRAM
 .bss.__sbrk_heap_end
                0x000000002000093c        0x4 ./Core/Src/sysmem.o
 .bss.uwTick    0x0000000020000940        0x4 ./Drivers/STM32F4xx_HAL_Driver/Src/stm32f4xx_hal.o
                0x0000000020000940                uwTick
 .bss.KernelState
                0x0000000020000944        0x4 ./Middlewares/Third_Party/FreeRTOS/Source/CMSIS_RTOS_V2/cmsis_os2.o
 .bss.Idle_TCB.3
                0x0000000020000948       0x5c ./Middlewares/Third_Party/FreeRTOS/Source/CMSIS_RTOS_V2/cmsis_os2.o
 .bss.Idle_Stack.2
                0x00000000200009a4      0x200 ./Middlewares/Third_Party/FreeRTOS/Source/CMSIS_RTOS_V2/cmsis_os2.o
 .bss.Timer_TCB.1
                0x0000000020000ba4       0x5c ./Middlewares/Third_Party/FreeRTOS/Source/CMSIS_RTOS_V2/cmsis_os2.o
 .bss.Timer_Stack.0
                0x0000000020000c00      0x400 ./Middlewares/Third_Party/FreeRTOS/Source/CMSIS_RTOS_V2/cmsis_os2.o
 .bss.xQueueRegistry
                0x0000000020001000       0x40 ./Middlewares/Third_Party/FreeRTOS/Source/queue.o
                0x0000000020001000                xQueueRegistry
 .bss.pxCurrentTCB
                0x0000000020001040        0x4 ./Middlewares/Third_Party/FreeRTOS/Source/tasks.o
                0x0000000020001040                pxCurrentTCB
 .bss.pxReadyTasksLists
                0x0000000020001044      0x460 ./Middlewares/Third_Party/FreeRTOS/Source/tasks.o
 .bss.xDelayedTaskList1
                0x00000000200014a4       0x14 ./Middlewares/Third_Party/FreeRTOS/Source/tasks.o
 .bss.xDelayedTaskList2
                0x00000000200014b8       0x14 ./Middlewares/Third_Party/FreeRTOS/Source/tasks.o
 .bss.pxDelayedTaskList
                0x00000000200014cc        0x4 ./Middlewares/Third_Party/FreeRTOS/Source/tasks.o
 .bss.pxOverflowDelayedTaskList
                0x00000000200014d0        0x4 ./Middlewares/Third_Party/FreeRTOS/Source/tasks.o
 .bss.xPendingReadyList
                0x00000000200014d4       0x14 ./Middlewares/Third_Party/FreeRTOS/Source/tasks.o
 .bss.xTasksWaitingTermination
                0x00000000200014e8       0x14 ./Middlewares/Third_Party/FreeRTOS/Source/tasks.o
 .bss.uxDeletedTasksWaitingCleanUp
                0x00000000200014fc        0x4 ./Middlewares/Third_Party/FreeRTOS/Source/tasks.o
 .bss.xSuspendedTaskList
                0x0000000020001500       0x14 ./Middlewares/Third_Party/FreeRTOS/Source/tasks.o
 .bss.uxCurrentNumberOfTasks
                0x0000000020001514        0x4 ./Middlewares/Third_Party/FreeRTOS/Source/tasks.o
 .bss.xTickCount
                0x0000000020001518        0x4 ./Middlewares/Third_Party/FreeRTOS/Source/tasks.o
 .bss.uxTopReadyPriority
                0x000000002000151c        0x4 ./Middlewares/Third_Party/FreeRTOS/Source/tasks.o
 .bss.xSchedulerRunning
                0x0000000020001520        0x4 ./Middlewares/Third_Party/FreeRTOS/Source/tasks.o
 .bss.xPendedTicks
                0x0000000020001524        0x4 ./Middlewares/Third_Party/FreeRTOS/Source/tasks.o
 .bss.xYieldPending
                0x0000000020001528        0x4 ./Middlewares/Third_Party/FreeRTOS/Source/tasks.o
 .bss.xNumOfOverflows
                0x000000002000152c        0x4 ./Middlewares/Third_Party/FreeRTOS/Source/tasks.o
 .bss.uxTaskNumber
                0x0000000020001530        0x4 ./Middlewares/Third_Party/FreeRTOS/Source/tasks.o
 .bss.xNextTaskUnblockTime
                0x0000000020001534        0x4 ./Middlewares/Third_Party/FreeRTOS/Source/tasks.o
 .bss.xIdleTaskHandle
                0x0000000020001538        0x4 ./Middlewares/Third_Party/FreeRTOS/Source/tasks.o
 .bss.uxSchedulerSuspended
                0x000000002000153c        0x4 ./Middlewares/Third_Party/FreeRTOS/Source/tasks.o
 .bss.xActiveTimerList1
                0x0000000020001540       0x14 ./Middlewares/Third_Party/FreeRTOS/Source/timers.o
 .bss.xActiveTimerList2
                0x0000000020001554       0x14 ./Middlewares/Third_Party/FreeRTOS/Source/timers.o
 .bss.pxCurrentTimerList
                0x0000000020001568        0x4 ./Middlewares/Third_Party/FreeRTOS/Source/timers.o
 .bss.pxOverflowTimerList
                0x000000002000156c        0x4 ./Middlewares/Third_Party/FreeRTOS/Source/timers.o
 .bss.xTimerQueue
                0x0000000020001570        0x4 ./Middlewares/Third_Party/FreeRTOS/Source/timers.o
 .bss.xTimerTaskHandle
                0x0000000020001574        0x4 ./Middlewares/Third_Party/FreeRTOS/Source/timers.o
 .bss.xLastTime.2
                0x0000000020001578        0x4 ./Middlewares/Third_Party/FreeRTOS/Source/timers.o
 .bss.ucStaticTimerQueueStorage.1
                0x000000002000157c       0xa0 ./Middlewares/Third_Party/FreeRTOS/Source/timers.o
 .bss.xStaticTimerQueue.0
                0x000000002000161c       0x50 ./Middlewares/Third_Party/FreeRTOS/Source/timers.o
 .bss.ucMaxSysCallPriority
                0x000000002000166c        0x1 ./Middlewares/Third_Party/FreeRTOS/Source/portable/GCC/ARM_CM4F/port.o
 *fill*         0x000000002000166d        0x3 
 .bss.ulMaxPRIGROUPValue
                0x0000000020001670        0x4 ./Middlewares/Third_Party/FreeRTOS/Source/portable/GCC/ARM_CM4F/port.o
 .bss.ucHeap    0x0000000020001674     0x3c00 ./Middlewares/Third_Party/FreeRTOS/Source/portable/MemMang/heap_4.o
 .bss.xStart    0x0000000020005274        0x8 ./Middlewares/Third_Party/FreeRTOS/Source/portable/MemMang/heap_4.o
 .bss.pxEnd     0x000000002000527c        0x4 ./Middlewares/Third_Party/FreeRTOS/Source/portable/MemMang/heap_4.o
 .bss.xFreeBytesRemaining
                0x0000000020005280        0x4 ./Middlewares/Third_Party/FreeRTOS/Source/portable/MemMang/heap_4.o
 .bss.xMinimumEverFreeBytesRemaining
                0x0000000020005284        0x4 ./Middlewares/Third_Party/FreeRTOS/Source/portable/MemMang/heap_4.o
 .bss.xNumberOfSuccessfulAllocations
                0x0000000020005288        0x4 ./Middlewares/Third_Party/FreeRTOS/Source/portable/MemMang/heap_4.o
 .bss.xNumberOfSuccessfulFrees
                0x000000002000528c        0x4 ./Middlewares/Third_Party/FreeRTOS/Source/portable/MemMang/heap_4.o
 .bss.xBlockAllocatedBit
                0x0000000020005290        0x4 ./Middlewares/Third_Party/FreeRTOS/Source/portable/MemMang/heap_4.o
 .bss.__sf      0x0000000020005294      0x138 C:/ST/STM32CubeIDE_1.14.1/STM32CubeIDE/plugins/com.st.stm32cube.ide.mcu.externaltools.gnu-tools-for-stm32.11.3.rel1.win32_1.1.100.202309141235/tools/bin/../lib/gcc/arm-none-eabi/11.3.1/../../../../arm-none-eabi/lib/thumb/v7e-m+fp/hard\libc_nano.a(libc_a-findfp.o)
                0x0000000020005294                __sf
 .bss.errno     0x00000000200053cc        0x4 C:/ST/STM32CubeIDE_1.14.1/STM32CubeIDE/plugins/com.st.stm32cube.ide.mcu.externaltools.gnu-tools-for-stm32.11.3.rel1.win32_1.1.100.202309141235/tools/bin/../lib/gcc/arm-none-eabi/11.3.1/../../../../arm-none-eabi/lib/thumb/v7e-m+fp/hard\libc_nano.a(libc_a-reent.o)
                0x00000000200053cc                errno
 .bss.__lock___malloc_recursive_mutex
                0x00000000200053d0        0x1 C:/ST/STM32CubeIDE_1.14.1/STM32CubeIDE/plugins/com.st.stm32cube.ide.mcu.externaltools.gnu-tools-for-stm32.11.3.rel1.win32_1.1.100.202309141235/tools/bin/../lib/gcc/arm-none-eabi/11.3.1/../../../../arm-none-eabi/lib/thumb/v7e-m+fp/hard\libc_nano.a(libc_a-lock.o)
                0x00000000200053d0                __lock___malloc_recursive_mutex
 *fill*         0x00000000200053d1        0x3 
 .bss.__malloc_free_list
                0x00000000200053d4        0x4 C:/ST/STM32CubeIDE_1.14.1/STM32CubeIDE/plugins/com.st.stm32cube.ide.mcu.externaltools.gnu-tools-for-stm32.11.3.rel1.win32_1.1.100.202309141235/tools/bin/../lib/gcc/arm-none-eabi/11.3.1/../../../../arm-none-eabi/lib/thumb/v7e-m+fp/hard\libc_nano.a(libc_a-mallocr.o)
                0x00000000200053d4                __malloc_free_list
 .bss.__malloc_sbrk_start
                0x00000000200053d8        0x4 C:/ST/STM32CubeIDE_1.14.1/STM32CubeIDE/plugins/com.st.stm32cube.ide.mcu.externaltools.gnu-tools-for-stm32.11.3.rel1.win32_1.1.100.202309141235/tools/bin/../lib/gcc/arm-none-eabi/11.3.1/../../../../arm-none-eabi/lib/thumb/v7e-m+fp/hard\libc_nano.a(libc_a-mallocr.o)
                0x00000000200053d8                __malloc_sbrk_start
 *(COMMON)
                0x00000000200053dc                . = ALIGN (0x4)
                0x00000000200053dc                _ebss = .
                0x00000000200053dc                __bss_end__ = _ebss

._user_heap_stack
                0x00000000200053dc      0x604
                0x00000000200053e0                . = ALIGN (0x8)
 *fill*         0x00000000200053dc        0x4 
                [!provide]                        PROVIDE (end = .)
                0x00000000200053e0                PROVIDE (_end = .)
                0x00000000200055e0                . = (. + _Min_Heap_Size)
 *fill*         0x00000000200053e0      0x200 
                0x00000000200059e0                . = (. + _Min_Stack_Size)
 *fill*         0x00000000200055e0      0x400 
                0x00000000200059e0                . = ALIGN (0x8)
