Archive member included to satisfy reference by file (symbol)

c:/st/stm32cubeide_1.8.0/stm32cubeide/plugins/com.st.stm32cube.ide.mcu.externaltools.gnu-tools-for-stm32.9-2020-q2-update.win32_2.0.0.202105311346/tools/bin/../lib/gcc/arm-none-eabi/9.3.1/../../../../arm-none-eabi/lib/thumb/v7e-m+fp/hard\libc_nano.a(lib_a-errno.o)
                              ./Core/Src/syscalls.o (__errno)
c:/st/stm32cubeide_1.8.0/stm32cubeide/plugins/com.st.stm32cube.ide.mcu.externaltools.gnu-tools-for-stm32.9-2020-q2-update.win32_2.0.0.202105311346/tools/bin/../lib/gcc/arm-none-eabi/9.3.1/../../../../arm-none-eabi/lib/thumb/v7e-m+fp/hard\libc_nano.a(lib_a-exit.o)
                              c:/st/stm32cubeide_1.8.0/stm32cubeide/plugins/com.st.stm32cube.ide.mcu.externaltools.gnu-tools-for-stm32.9-2020-q2-update.win32_2.0.0.202105311346/tools/bin/../lib/gcc/arm-none-eabi/9.3.1/../../../../arm-none-eabi/lib/thumb/v7e-m+fp/hard/crt0.o (exit)
c:/st/stm32cubeide_1.8.0/stm32cubeide/plugins/com.st.stm32cube.ide.mcu.externaltools.gnu-tools-for-stm32.9-2020-q2-update.win32_2.0.0.202105311346/tools/bin/../lib/gcc/arm-none-eabi/9.3.1/../../../../arm-none-eabi/lib/thumb/v7e-m+fp/hard\libc_nano.a(lib_a-impure.o)
                              c:/st/stm32cubeide_1.8.0/stm32cubeide/plugins/com.st.stm32cube.ide.mcu.externaltools.gnu-tools-for-stm32.9-2020-q2-update.win32_2.0.0.202105311346/tools/bin/../lib/gcc/arm-none-eabi/9.3.1/../../../../arm-none-eabi/lib/thumb/v7e-m+fp/hard\libc_nano.a(lib_a-exit.o) (_global_impure_ptr)
c:/st/stm32cubeide_1.8.0/stm32cubeide/plugins/com.st.stm32cube.ide.mcu.externaltools.gnu-tools-for-stm32.9-2020-q2-update.win32_2.0.0.202105311346/tools/bin/../lib/gcc/arm-none-eabi/9.3.1/../../../../arm-none-eabi/lib/thumb/v7e-m+fp/hard\libc_nano.a(lib_a-init.o)
                              c:/st/stm32cubeide_1.8.0/stm32cubeide/plugins/com.st.stm32cube.ide.mcu.externaltools.gnu-tools-for-stm32.9-2020-q2-update.win32_2.0.0.202105311346/tools/bin/../lib/gcc/arm-none-eabi/9.3.1/../../../../arm-none-eabi/lib/thumb/v7e-m+fp/hard/crt0.o (__libc_init_array)
c:/st/stm32cubeide_1.8.0/stm32cubeide/plugins/com.st.stm32cube.ide.mcu.externaltools.gnu-tools-for-stm32.9-2020-q2-update.win32_2.0.0.202105311346/tools/bin/../lib/gcc/arm-none-eabi/9.3.1/../../../../arm-none-eabi/lib/thumb/v7e-m+fp/hard\libc_nano.a(lib_a-memcpy-stub.o)
                              ./Middlewares/Third_Party/FreeRTOS/Source/CMSIS_RTOS_V2/cmsis_os2.o (memcpy)
c:/st/stm32cubeide_1.8.0/stm32cubeide/plugins/com.st.stm32cube.ide.mcu.externaltools.gnu-tools-for-stm32.9-2020-q2-update.win32_2.0.0.202105311346/tools/bin/../lib/gcc/arm-none-eabi/9.3.1/../../../../arm-none-eabi/lib/thumb/v7e-m+fp/hard\libc_nano.a(lib_a-memset.o)
                              c:/st/stm32cubeide_1.8.0/stm32cubeide/plugins/com.st.stm32cube.ide.mcu.externaltools.gnu-tools-for-stm32.9-2020-q2-update.win32_2.0.0.202105311346/tools/bin/../lib/gcc/arm-none-eabi/9.3.1/../../../../arm-none-eabi/lib/thumb/v7e-m+fp/hard/crt0.o (memset)
c:/st/stm32cubeide_1.8.0/stm32cubeide/plugins/com.st.stm32cube.ide.mcu.externaltools.gnu-tools-for-stm32.9-2020-q2-update.win32_2.0.0.202105311346/tools/bin/../lib/gcc/arm-none-eabi/9.3.1/../../../../arm-none-eabi/lib/thumb/v7e-m+fp/hard\libc_nano.a(lib_a-sprintf.o)
                              ./Core/Src/IMU.o (sprintf)
c:/st/stm32cubeide_1.8.0/stm32cubeide/plugins/com.st.stm32cube.ide.mcu.externaltools.gnu-tools-for-stm32.9-2020-q2-update.win32_2.0.0.202105311346/tools/bin/../lib/gcc/arm-none-eabi/9.3.1/../../../../arm-none-eabi/lib/thumb/v7e-m+fp/hard\libc_nano.a(lib_a-strcpy.o)
                              ./Core/Src/IMU.o (strcpy)
c:/st/stm32cubeide_1.8.0/stm32cubeide/plugins/com.st.stm32cube.ide.mcu.externaltools.gnu-tools-for-stm32.9-2020-q2-update.win32_2.0.0.202105311346/tools/bin/../lib/gcc/arm-none-eabi/9.3.1/../../../../arm-none-eabi/lib/thumb/v7e-m+fp/hard\libc_nano.a(lib_a-strlen.o)
                              ./Core/Src/IMU.o (strlen)
c:/st/stm32cubeide_1.8.0/stm32cubeide/plugins/com.st.stm32cube.ide.mcu.externaltools.gnu-tools-for-stm32.9-2020-q2-update.win32_2.0.0.202105311346/tools/bin/../lib/gcc/arm-none-eabi/9.3.1/../../../../arm-none-eabi/lib/thumb/v7e-m+fp/hard\libc_nano.a(lib_a-nano-svfprintf.o)
                              c:/st/stm32cubeide_1.8.0/stm32cubeide/plugins/com.st.stm32cube.ide.mcu.externaltools.gnu-tools-for-stm32.9-2020-q2-update.win32_2.0.0.202105311346/tools/bin/../lib/gcc/arm-none-eabi/9.3.1/../../../../arm-none-eabi/lib/thumb/v7e-m+fp/hard\libc_nano.a(lib_a-sprintf.o) (_svfprintf_r)
c:/st/stm32cubeide_1.8.0/stm32cubeide/plugins/com.st.stm32cube.ide.mcu.externaltools.gnu-tools-for-stm32.9-2020-q2-update.win32_2.0.0.202105311346/tools/bin/../lib/gcc/arm-none-eabi/9.3.1/../../../../arm-none-eabi/lib/thumb/v7e-m+fp/hard\libc_nano.a(lib_a-nano-vfprintf_i.o)
[...]
Memory Configuration

Name             Origin             Length             Attributes
CCMRAM           0x0000000010000000 0x0000000000010000 xrw
RAM              0x0000000020000000 0x0000000000020000 xrw
FLASH            0x0000000008000000 0x0000000000080000 xr
*default*        0x0000000000000000 0xffffffffffffffff

Linker script and memory map

LOAD c:/st/stm32cubeide_1.8.0/stm32cubeide/plugins/com.st.stm32cube.ide.mcu.externaltools.gnu-tools-for-stm32.9-2020-q2-update.win32_2.0.0.202105311346/tools/bin/../lib/gcc/arm-none-eabi/9.3.1/thumb/v7e-m+fp/hard/crti.o
LOAD c:/st/stm32cubeide_1.8.0/stm32cubeide/plugins/com.st.stm32cube.ide.mcu.externaltools.gnu-tools-for-stm32.9-2020-q2-update.win32_2.0.0.202105311346/tools/bin/../lib/gcc/arm-none-eabi/9.3.1/thumb/v7e-m+fp/hard/crtbegin.o
LOAD c:/st/stm32cubeide_1.8.0/stm32cubeide/plugins/com.st.stm32cube.ide.mcu.externaltools.gnu-tools-for-stm32.9-2020-q2-update.win32_2.0.0.202105311346/tools/bin/../lib/gcc/arm-none-eabi/9.3.1/../../../../arm-none-eabi/lib/thumb/v7e-m+fp/hard/crt0.o
LOAD ./Core/Src/IMU.o
LOAD ./Core/Src/freertos.o
LOAD ./Core/Src/main.o
LOAD ./Core/Src/oled_SC2104.o
LOAD ./Core/Src/pid.o
LOAD ./Core/Src/stm32f4xx_hal_msp.o
LOAD ./Core/Src/stm32f4xx_it.o
LOAD ./Core/Src/syscalls.o
LOAD ./Core/Src/sysmem.o
LOAD ./Core/Src/system_stm32f4xx.o
LOAD ./Core/Startup/startup_stm32f407vetx.o
LOAD ./Drivers/STM32F4xx_HAL_Driver/Src/stm32f4xx_hal.o
LOAD ./Drivers/STM32F4xx_HAL_Driver/Src/stm32f4xx_hal_cortex.o
LOAD ./Drivers/STM32F4xx_HAL_Driver/Src/stm32f4xx_hal_dma.o
LOAD ./Drivers/STM32F4xx_HAL_Driver/Src/stm32f4xx_hal_dma_ex.o
LOAD ./Drivers/STM32F4xx_HAL_Driver/Src/stm32f4xx_hal_exti.o
LOAD ./Drivers/STM32F4xx_HAL_Driver/Src/stm32f4xx_hal_flash.o
LOAD ./Drivers/STM32F4xx_HAL_Driver/Src/stm32f4xx_hal_flash_ex.o
LOAD ./Drivers/STM32F4xx_HAL_Driver/Src/stm32f4xx_hal_flash_ramfunc.o
LOAD ./Drivers/STM32F4xx_HAL_Driver/Src/stm32f4xx_hal_gpio.o
LOAD ./Drivers/STM32F4xx_HAL_Driver/Src/stm32f4xx_hal_i2c.o
LOAD ./Drivers/STM32F4xx_HAL_Driver/Src/stm32f4xx_hal_i2c_ex.o
LOAD ./Drivers/STM32F4xx_HAL_Driver/Src/stm32f4xx_hal_pwr.o
LOAD ./Drivers/STM32F4xx_HAL_Driver/Src/stm32f4xx_hal_pwr_ex.o
LOAD ./Drivers/STM32F4xx_HAL_Driver/Src/stm32f4xx_hal_rcc.o
LOAD ./Drivers/STM32F4xx_HAL_Driver/Src/stm32f4xx_hal_rcc_ex.o
LOAD ./Drivers/STM32F4xx_HAL_Driver/Src/stm32f4xx_hal_tim.o
LOAD ./Drivers/STM32F4xx_HAL_Driver/Src/stm32f4xx_hal_tim_ex.o
LOAD ./Drivers/STM32F4xx_HAL_Driver/Src/stm32f4xx_hal_uart.o
LOAD ./Middlewares/Third_Party/FreeRTOS/Source/CMSIS_RTOS_V2/cmsis_os2.o
LOAD ./Middlewares/Third_Party/FreeRTOS/Source/croutine.o
LOAD ./Middlewares/Third_Party/FreeRTOS/Source/event_groups.o
LOAD ./Middlewares/Third_Party/FreeRTOS/Source/list.o
LOAD ./Middlewares/Third_Party/FreeRTOS/Source/queue.o
LOAD ./Middlewares/Third_Party/FreeRTOS/Source/stream_buffer.o
LOAD ./Middlewares/Third_Party/FreeRTOS/Source/tasks.o
LOAD ./Middlewares/Third_Party/FreeRTOS/Source/timers.o
LOAD ./Middlewares/Third_Party/FreeRTOS/Source/portable/GCC/ARM_CM4F/port.o
LOAD ./Middlewares/Third_Party/FreeRTOS/Source/portable/MemMang/heap_4.o
START GROUP
LOAD c:/st/stm32cubeide_1.8.0/stm32cubeide/plugins/com.st.stm32cube.ide.mcu.externaltools.gnu-tools-for-stm32.9-2020-q2-update.win32_2.0.0.202105311346/tools/bin/../lib/gcc/arm-none-eabi/9.3.1/../../../../arm-none-eabi/lib/thumb/v7e-m+fp/hard\libc_nano.a
LOAD c:/st/stm32cubeide_1.8.0/stm32cubeide/plugins/com.st.stm32cube.ide.mcu.externaltools.gnu-tools-for-stm32.9-2020-q2-update.win32_2.0.0.202105311346/tools/bin/../lib/gcc/arm-none-eabi/9.3.1/../../../../arm-none-eabi/lib/thumb/v7e-m+fp/hard\libm.a
END GROUP
START GROUP
LOAD c:/st/stm32cubeide_1.8.0/stm32cubeide/plugins/com.st.stm32cube.ide.mcu.externaltools.gnu-tools-for-stm32.9-2020-q2-update.win32_2.0.0.202105311346/tools/bin/../lib/gcc/arm-none-eabi/9.3.1/thumb/v7e-m+fp/hard\libgcc.a
LOAD c:/st/stm32cubeide_1.8.0/stm32cubeide/plugins/com.st.stm32cube.ide.mcu.externaltools.gnu-tools-for-stm32.9-2020-q2-update.win32_2.0.0.202105311346/tools/bin/../lib/gcc/arm-none-eabi/9.3.1/../../../../arm-none-eabi/lib/thumb/v7e-m+fp/hard\libc_nano.a
END GROUP
START GROUP
LOAD c:/st/stm32cubeide_1.8.0/stm32cubeide/plugins/com.st.stm32cube.ide.mcu.externaltools.gnu-tools-for-stm32.9-2020-q2-update.win32_2.0.0.202105311346/tools/bin/../lib/gcc/arm-none-eabi/9.3.1/thumb/v7e-m+fp/hard\libgcc.a
LOAD c:/st/stm32cubeide_1.8.0/stm32cubeide/plugins/com.st.stm32cube.ide.mcu.externaltools.gnu-tools-for-stm32.9-2020-q2-update.win32_2.0.0.202105311346/tools/bin/../lib/gcc/arm-none-eabi/9.3.1/../../../../arm-none-eabi/lib/thumb/v7e-m+fp/hard\libc_nano.a
LOAD c:/st/stm32cubeide_1.8.0/stm32cubeide/plugins/com.st.stm32cube.ide.mcu.externaltools.gnu-tools-for-stm32.9-2020-q2-update.win32_2.0.0.202105311346/tools/bin/../lib/gcc/arm-none-eabi/9.3.1/../../../../arm-none-eabi/lib/thumb/v7e-m+fp/hard\libnosys.a
END GROUP
START GROUP
LOAD c:/st/stm32cubeide_1.8.0/stm32cubeide/plugins/com.st.stm32cube.ide.mcu.externaltools.gnu-tools-for-stm32.9-2020-q2-update.win32_2.0.0.202105311346/tools/bin/../lib/gcc/arm-none-eabi/9.3.1/thumb/v7e-m+fp/hard\libgcc.a
LOAD c:/st/stm32cubeide_1.8.0/stm32cubeide/plugins/com.st.stm32cube.ide.mcu.externaltools.gnu-tools-for-stm32.9-2020-q2-update.win32_2.0.0.202105311346/tools/bin/../lib/gcc/arm-none-eabi/9.3.1/../../../../arm-none-eabi/lib/thumb/v7e-m+fp/hard\libc_nano.a
LOAD c:/st/stm32cubeide_1.8.0/stm32cubeide/plugins/com.st.stm32cube.ide.mcu.externaltools.gnu-tools-for-stm32.9-2020-q2-update.win32_2.0.0.202105311346/tools/bin/../lib/gcc/arm-none-eabi/9.3.1/../../../../arm-none-eabi/lib/thumb/v7e-m+fp/hard\libnosys.a
END GROUP
LOAD c:/st/stm32cubeide_1.8.0/stm32cubeide/plugins/com.st.stm32cube.ide.mcu.externaltools.gnu-tools-for-stm32.9-2020-q2-update.win32_2.0.0.202105311346/tools/bin/../lib/gcc/arm-none-eabi/9.3.1/thumb/v7e-m+fp/hard/crtend.o
LOAD c:/st/stm32cubeide_1.8.0/stm32cubeide/plugins/com.st.stm32cube.ide.mcu.externaltools.gnu-tools-for-stm32.9-2020-q2-update.win32_2.0.0.202105311346/tools/bin/../lib/gcc/arm-none-eabi/9.3.1/thumb/v7e-m+fp/hard/crtn.o
                0x0000000020020000                _estack = (ORIGIN (RAM) + LENGTH (RAM))
                0x0000000000000200                _Min_Heap_Size = 0x200
                0x0000000000000400                _Min_Stack_Size = 0x400

.isr_vector     0x0000000008000000      0x188
                0x0000000008000000                . = ALIGN (0x4)
 *(.isr_vector)
 .isr_vector    0x0000000008000000      0x188 ./Core/Startup/startup_stm32f407vetx.o
                0x0000000008000000                g_pfnVectors
                0x0000000008000188                . = ALIGN (0x4)

.text           0x0000000008000190     0x7d28
                0x0000000008000190                . = ALIGN (0x4)
 *(.text)
 .text          0x0000000008000190       0x40 c:/st/stm32cubeide_1.8.0/stm32cubeide/plugins/com.st.stm32cube.ide.mcu.externaltools.gnu-tools-for-stm32.9-2020-q2-update.win32_2.0.0.202105311346/tools/bin/../lib/gcc/arm-none-eabi/9.3.1/thumb/v7e-m+fp/hard/crtbegin.o
 .text          0x00000000080001d0       0x10 c:/st/stm32cubeide_1.8.0/stm32cubeide/plugins/com.st.stm32cube.ide.mcu.externaltools.gnu-tools-for-stm32.9-2020-q2-update.win32_2.0.0.202105311346/tools/bin/../lib/gcc/arm-none-eabi/9.3.1/../../../../arm-none-eabi/lib/thumb/v7e-m+fp/hard\libc_nano.a(lib_a-strlen.o)
                0x00000000080001d0                strlen
 .text          0x00000000080001e0       0xa0 c:/st/stm32cubeide_1.8.0/stm32cubeide/plugins/com.st.stm32cube.ide.mcu.externaltools.gnu-tools-for-stm32.9-2020-q2-update.win32_2.0.0.202105311346/tools/bin/../lib/gcc/arm-none-eabi/9.3.1/../../../../arm-none-eabi/lib/thumb/v7e-m+fp/hard\libc_nano.a(lib_a-memchr.o)
                0x00000000080001e0                memchr
 .text          0x0000000008000280      0x378 c:/st/stm32cubeide_1.8.0/stm32cubeide/plugins/com.st.stm32cube.ide.mcu.externaltools.gnu-tools-for-stm32.9-2020-q2-update.win32_2.0.0.202105311346/tools/bin/../lib/gcc/arm-none-eabi/9.3.1/thumb/v7e-m+fp/hard\libgcc.a(_arm_addsubdf3.o)
                0x0000000008000280                __aeabi_drsub
                0x0000000008000288                __aeabi_dsub
                0x0000000008000288                __subdf3
                0x000000000800028c                __aeabi_dadd
                0x000000000800028c                __adddf3
                0x0000000008000504                __floatunsidf
                0x0000000008000504                __aeabi_ui2d
                0x0000000008000524                __floatsidf
                0x0000000008000524                __aeabi_i2d
                0x0000000008000548                __aeabi_f2d
                0x0000000008000548                __extendsfdf2
                0x000000000800058c                __floatundidf
                0x000000000800058c                __aeabi_ul2d
                0x000000000800059c                __floatdidf
                0x000000000800059c                __aeabi_l2d
 .text          0x00000000080005f8      0x424 c:/st/stm32cubeide_1.8.0/stm32cubeide/plugins/com.st.stm32cube.ide.mcu.externaltools.gnu-tools-for-stm32.9-2020-q2-update.win32_2.0.0.202105311346/tools/bin/../lib/gcc/arm-none-eabi/9.3.1/thumb/v7e-m+fp/hard\libgcc.a(_arm_muldivdf3.o)
                0x00000000080005f8                __aeabi_dmul
                0x00000000080005f8                __muldf3
                0x000000000800084c                __divdf3
                0x000000000800084c                __aeabi_ddiv
 .text          0x0000000008000a1c      0x110 c:/st/stm32cubeide_1.8.0/stm32cubeide/plugins/com.st.stm32cube.ide.mcu.externaltools.gnu-tools-for-stm32.9-2020-q2-update.win32_2.0.0.202105311346/tools/bin/../lib/gcc/arm-none-eabi/9.3.1/thumb/v7e-m+fp/hard\libgcc.a(_arm_cmpdf2.o)
                0x0000000008000a1c                __gtdf2
                0x0000000008000a1c                __gedf2
                0x0000000008000a24                __ltdf2
                0x0000000008000a24                __ledf2
                0x0000000008000a2c                __nedf2
                0x0000000008000a2c                __eqdf2
                0x0000000008000a2c                __cmpdf2
                0x0000000008000aa8                __aeabi_cdrcmple
                0x0000000008000ab8                __aeabi_cdcmpeq
                0x0000000008000ab8                __aeabi_cdcmple
                0x0000000008000ac8                __aeabi_dcmpeq
                0x0000000008000adc                __aeabi_dcmplt
                0x0000000008000af0                __aeabi_dcmple
                0x0000000008000b04                __aeabi_dcmpge
                0x0000000008000b18                __aeabi_dcmpgt
 .text          0x0000000008000b2c       0x50 c:/st/stm32cubeide_1.8.0/stm32cubeide/plugins/com.st.stm32cube.ide.mcu.externaltools.gnu-tools-for-stm32.9-2020-q2-update.win32_2.0.0.202105311346/tools/bin/../lib/gcc/arm-none-eabi/9.3.1/thumb/v7e-m+fp/hard\libgcc.a(_arm_fixdfsi.o)
                0x0000000008000b2c                __aeabi_d2iz
                0x0000000008000b2c                __fixdfsi
 .text          0x0000000008000b7c       0x40 c:/st/stm32cubeide_1.8.0/stm32cubeide/plugins/com.st.stm32cube.ide.mcu.externaltools.gnu-tools-for-stm32.9-2020-q2-update.win32_2.0.0.202105311346/tools/bin/../lib/gcc/arm-none-eabi/9.3.1/thumb/v7e-m+fp/hard\libgcc.a(_arm_fixunsdfsi.o)
                0x0000000008000b7c                __aeabi_d2uiz
                0x0000000008000b7c                __fixunsdfsi
 .text          0x0000000008000bbc       0xa0 c:/st/stm32cubeide_1.8.0/stm32cubeide/plugins/com.st.stm32cube.ide.mcu.externaltools.gnu-tools-for-stm32.9-2020-q2-update.win32_2.0.0.202105311346/tools/bin/../lib/gcc/arm-none-eabi/9.3.1/thumb/v7e-m+fp/hard\libgcc.a(_arm_truncdfsf2.o)
                0x0000000008000bbc                __truncdfsf2
                0x0000000008000bbc                __aeabi_d2f
 .text          0x0000000008000c5c       0x30 c:/st/stm32cubeide_1.8.0/stm32cubeide/plugins/com.st.stm32cube.ide.mcu.externaltools.gnu-tools-for-stm32.9-2020-q2-update.win32_2.0.0.202105311346/tools/bin/../lib/gcc/arm-none-eabi/9.3.1/thumb/v7e-m+fp/hard\libgcc.a(_aeabi_uldivmod.o)
                0x0000000008000c5c                __aeabi_uldivmod
 .text          0x0000000008000c8c      0x2c4 c:/st/stm32cubeide_1.8.0/stm32cubeide/plugins/com.st.stm32cube.ide.mcu.externaltools.gnu-tools-for-stm32.9-2020-q2-update.win32_2.0.0.202105311346/tools/bin/../lib/gcc/arm-none-eabi/9.3.1/thumb/v7e-m+fp/hard\libgcc.a(_udivmoddi4.o)
                0x0000000008000c8c                __udivmoddi4
 .text          0x0000000008000f50        0x4 c:/st/stm32cubeide_1.8.0/stm32cubeide/plugins/com.st.stm32cube.ide.mcu.externaltools.gnu-tools-for-stm32.9-2020-q2-update.win32_2.0.0.202105311346/tools/bin/../lib/gcc/arm-none-eabi/9.3.1/thumb/v7e-m+fp/hard\libgcc.a(_dvmd_tls.o)
                0x0000000008000f50                __aeabi_idiv0
                0x0000000008000f50                __aeabi_ldiv0
 *(.text*)
 .text.IMU_WriteOneByte
                0x0000000008000f54       0x26 ./Core/Src/IMU.o
                0x0000000008000f54                IMU_WriteOneByte
 *fill*         0x0000000008000f7a        0x2 
 .text.IMU_ReadOneByte
                0x0000000008000f7c       0x28 ./Core/Src/IMU.o
                0x0000000008000f7c                IMU_ReadOneByte
 .text.IMU_Initialise
                0x0000000008000fa4      0x224 ./Core/Src/IMU.o
                0x0000000008000fa4                IMU_Initialise
 .text.IMU_GyroReadHeading
                0x00000000080011c8      0x134 ./Core/Src/IMU.o
                0x00000000080011c8                IMU_GyroReadHeading
 .text.Gyro_calibrateHeading
                0x00000000080012fc       0x60 ./Core/Src/IMU.o
                0x00000000080012fc                Gyro_calibrateHeading
 .text.StartDefaultTask
                0x000000000800135c       0x3c ./Core/Src/main.o
                0x000000000800135c                StartDefaultTask
 .text.Display  0x0000000008001398       0x44 ./Core/Src/main.o
                0x0000000008001398                Display
 *fill*         0x00000000080013dc        0x4 
 .text.LeftMotor
                0x00000000080013e0      0x99c ./Core/Src/main.o
                0x00000000080013e0                LeftMotor
 *fill*         0x0000000008001d7c        0x4 
 .text.GyroFunc
                0x0000000008001d80      0x1d4 ./Core/Src/main.o
                0x0000000008001d80                GyroFunc
 .text.delay    0x0000000008001f54       0x14 ./Core/Src/main.o
                0x0000000008001f54                delay
 .text.HAL_TIM_IC_CaptureCallback
                0x0000000008001f68       0xc4 ./Core/Src/main.o
                0x0000000008001f68                HAL_TIM_IC_CaptureCallback
 .text.HCSR04_Read
                0x000000000800202c       0x34 ./Core/Src/main.o
                0x000000000800202c                HCSR04_Read
 .text.sonic_sensor
                0x0000000008002060       0x30 ./Core/Src/main.o
                0x0000000008002060                sonic_sensor
 .text.SystemClock_Config
                0x0000000008002090       0x88 ./Core/Src/main.o
                0x0000000008002090                SystemClock_Config
 .text.startup.main
                0x0000000008002118      0x504 ./Core/Src/main.o
                0x0000000008002118                main
 .text.Error_Handler
                0x000000000800261c        0x4 ./Core/Src/main.o
                0x000000000800261c                Error_Handler
 .text.OLED_WR_Byte
                0x0000000008002620       0x60 ./Core/Src/oled_SC2104.o
                0x0000000008002620                OLED_WR_Byte
 .text.OLED_Refresh_Gram
                0x0000000008002680       0x44 ./Core/Src/oled_SC2104.o
                0x0000000008002680                OLED_Refresh_Gram
 .text.OLED_Clear
                0x00000000080026c4       0x28 ./Core/Src/oled_SC2104.o
                0x00000000080026c4                OLED_Clear
 .text.OLED_DrawPoint
                0x00000000080026ec       0x3c ./Core/Src/oled_SC2104.o
                0x00000000080026ec                OLED_DrawPoint
 .text.OLED_ShowChar
                0x0000000008002728       0x90 ./Core/Src/oled_SC2104.o
                0x0000000008002728                OLED_ShowChar
 .text.OLED_ShowString
                0x00000000080027b8       0x3e ./Core/Src/oled_SC2104.o
                0x00000000080027b8                OLED_ShowString
 *fill*         0x00000000080027f6        0x2 
 .text.OLED_Init
                0x00000000080027f8      0x110 ./Core/Src/oled_SC2104.o
                0x00000000080027f8                OLED_Init
 .text.PID_Init
                0x0000000008002908       0x4a ./Core/Src/pid.o
                0x0000000008002908                PID_Init
 .text.PID_Compute
                0x0000000008002952      0x148 ./Core/Src/pid.o
                0x0000000008002952                PID_Compute
 .text.PID_SetMode
                0x0000000008002a9a       0x1a ./Core/Src/pid.o
                0x0000000008002a9a                PID_SetMode
 .text.PID_SetOutputLimits
                0x0000000008002ab4       0x96 ./Core/Src/pid.o
                0x0000000008002ab4                PID_SetOutputLimits
 *fill*         0x0000000008002b4a        0x2 
 .text.PID_SetTunings2
                0x0000000008002b4c       0xec ./Core/Src/pid.o
                0x0000000008002b4c                PID_SetTunings2
 .text.PID_SetControllerDirection
                0x0000000008002c38       0x44 ./Core/Src/pid.o
                0x0000000008002c38                PID_SetControllerDirection
 *fill*         0x0000000008002c7c        0x4 
 .text.PID      0x0000000008002c80       0x68 ./Core/Src/pid.o
                0x0000000008002c80                PID
 .text.PID_SetSampleTime
                0x0000000008002ce8       0x4c ./Core/Src/pid.o
                0x0000000008002ce8                PID_SetSampleTime
 .text.HAL_MspInit
                0x0000000008002d34       0x40 ./Core/Src/stm32f4xx_hal_msp.o
                0x0000000008002d34                HAL_MspInit
 .text.HAL_I2C_MspInit
                0x0000000008002d74       0x70 ./Core/Src/stm32f4xx_hal_msp.o
                0x0000000008002d74                HAL_I2C_MspInit
 .text.HAL_TIM_Base_MspInit
                0x0000000008002de4       0xc0 ./Core/Src/stm32f4xx_hal_msp.o
                0x0000000008002de4                HAL_TIM_Base_MspInit
 .text.HAL_TIM_Encoder_MspInit
                0x0000000008002ea4       0xe4 ./Core/Src/stm32f4xx_hal_msp.o
                0x0000000008002ea4                HAL_TIM_Encoder_MspInit
 .text.HAL_TIM_IC_MspInit
                0x0000000008002f88       0x7c ./Core/Src/stm32f4xx_hal_msp.o
                0x0000000008002f88                HAL_TIM_IC_MspInit
 .text.HAL_UART_MspInit
                0x0000000008003004       0xbc ./Core/Src/stm32f4xx_hal_msp.o
                0x0000000008003004                HAL_UART_MspInit
 .text.NMI_Handler
                0x00000000080030c0        0x2 ./Core/Src/stm32f4xx_it.o
                0x00000000080030c0                NMI_Handler
 .text.HardFault_Handler
                0x00000000080030c2        0x2 ./Core/Src/stm32f4xx_it.o
                0x00000000080030c2                HardFault_Handler
 .text.MemManage_Handler
                0x00000000080030c4        0x2 ./Core/Src/stm32f4xx_it.o
                0x00000000080030c4                MemManage_Handler
 .text.BusFault_Handler
                0x00000000080030c6        0x2 ./Core/Src/stm32f4xx_it.o
                0x00000000080030c6                BusFault_Handler
 .text.UsageFault_Handler
                0x00000000080030c8        0x2 ./Core/Src/stm32f4xx_it.o
                0x00000000080030c8                UsageFault_Handler
 .text.DebugMon_Handler
                0x00000000080030ca        0x2 ./Core/Src/stm32f4xx_it.o
                0x00000000080030ca                DebugMon_Handler
 .text.SysTick_Handler
                0x00000000080030cc       0x18 ./Core/Src/stm32f4xx_it.o
                0x00000000080030cc                SysTick_Handler
 .text.DMA1_Stream1_IRQHandler
                0x00000000080030e4        0xc ./Core/Src/stm32f4xx_it.o
                0x00000000080030e4                DMA1_Stream1_IRQHandler
 .text.TIM4_IRQHandler
                0x00000000080030f0        0xc ./Core/Src/stm32f4xx_it.o
                0x00000000080030f0                TIM4_IRQHandler
 .text.USART3_IRQHandler
                0x00000000080030fc        0xc ./Core/Src/stm32f4xx_it.o
                0x00000000080030fc                USART3_IRQHandler
 .text._sbrk    0x0000000008003108       0x40 ./Core/Src/sysmem.o
                0x0000000008003108                _sbrk
 .text.SystemInit
                0x0000000008003148       0x14 ./Core/Src/system_stm32f4xx.o
                0x0000000008003148                SystemInit
 .text.Reset_Handler
                0x000000000800315c       0x50 ./Core/Startup/startup_stm32f407vetx.o
                0x000000000800315c                Reset_Handler
 .text.Default_Handler
                0x00000000080031ac        0x2 ./Core/Startup/startup_stm32f407vetx.o
                0x00000000080031ac                RTC_Alarm_IRQHandler
                0x00000000080031ac                HASH_RNG_IRQHandler
                0x00000000080031ac                EXTI2_IRQHandler
                0x00000000080031ac                TIM8_CC_IRQHandler
                0x00000000080031ac                TIM1_CC_IRQHandler
                0x00000000080031ac                DMA2_Stream5_IRQHandler
                0x00000000080031ac                DMA1_Stream5_IRQHandler
                0x00000000080031ac                PVD_IRQHandler
                0x00000000080031ac                SDIO_IRQHandler
                0x00000000080031ac                TAMP_STAMP_IRQHandler
                0x00000000080031ac                CAN2_RX1_IRQHandler
                0x00000000080031ac                EXTI3_IRQHandler
                0x00000000080031ac                TIM8_TRG_COM_TIM14_IRQHandler
                0x00000000080031ac                TIM1_UP_TIM10_IRQHandler
                0x00000000080031ac                TIM8_UP_TIM13_IRQHandler
                0x00000000080031ac                I2C3_ER_IRQHandler
                0x00000000080031ac                EXTI0_IRQHandler
                0x00000000080031ac                I2C2_EV_IRQHandler
                0x00000000080031ac                DMA1_Stream2_IRQHandler
                0x00000000080031ac                CAN1_RX0_IRQHandler
                0x00000000080031ac                FPU_IRQHandler
                0x00000000080031ac                OTG_HS_WKUP_IRQHandler
                0x00000000080031ac                CAN2_SCE_IRQHandler
                0x00000000080031ac                DMA2_Stream2_IRQHandler
                0x00000000080031ac                SPI1_IRQHandler
                0x00000000080031ac                TIM6_DAC_IRQHandler
                0x00000000080031ac                TIM1_BRK_TIM9_IRQHandler
                0x00000000080031ac                DCMI_IRQHandler
                0x00000000080031ac                CAN2_RX0_IRQHandler
                0x00000000080031ac                DMA2_Stream3_IRQHandler
                0x00000000080031ac                USART6_IRQHandler
                0x00000000080031ac                CAN1_RX1_IRQHandler
                0x00000000080031ac                UART5_IRQHandler
                0x00000000080031ac                DMA2_Stream0_IRQHandler
                0x00000000080031ac                I2C1_EV_IRQHandler
                0x00000000080031ac                DMA1_Stream6_IRQHandler
                0x00000000080031ac                UART4_IRQHandler
                0x00000000080031ac                TIM3_IRQHandler
                0x00000000080031ac                RCC_IRQHandler
                0x00000000080031ac                TIM8_BRK_TIM12_IRQHandler
                0x00000000080031ac                Default_Handler
                0x00000000080031ac                EXTI15_10_IRQHandler
                0x00000000080031ac                ADC_IRQHandler
                0x00000000080031ac                DMA1_Stream7_IRQHandler
                0x00000000080031ac                TIM7_IRQHandler
                0x00000000080031ac                CAN2_TX_IRQHandler
                0x00000000080031ac                TIM5_IRQHandler
                0x00000000080031ac                DMA2_Stream7_IRQHandler
                0x00000000080031ac                I2C3_EV_IRQHandler
                0x00000000080031ac                EXTI9_5_IRQHandler
                0x00000000080031ac                RTC_WKUP_IRQHandler
                0x00000000080031ac                ETH_WKUP_IRQHandler
                0x00000000080031ac                SPI2_IRQHandler
                0x00000000080031ac                OTG_HS_EP1_IN_IRQHandler
                0x00000000080031ac                DMA1_Stream0_IRQHandler
                0x00000000080031ac                CAN1_TX_IRQHandler
                0x00000000080031ac                EXTI4_IRQHandler
                0x00000000080031ac                FSMC_IRQHandler
                0x00000000080031ac                ETH_IRQHandler
                0x00000000080031ac                OTG_HS_EP1_OUT_IRQHandler
                0x00000000080031ac                WWDG_IRQHandler
                0x00000000080031ac                TIM2_IRQHandler
                0x00000000080031ac                OTG_FS_WKUP_IRQHandler
                0x00000000080031ac                TIM1_TRG_COM_TIM11_IRQHandler
                0x00000000080031ac                OTG_HS_IRQHandler
                0x00000000080031ac                EXTI1_IRQHandler
                0x00000000080031ac                USART2_IRQHandler
                0x00000000080031ac                I2C2_ER_IRQHandler
                0x00000000080031ac                DMA2_Stream1_IRQHandler
                0x00000000080031ac                CAN1_SCE_IRQHandler
                0x00000000080031ac                FLASH_IRQHandler
                0x00000000080031ac                DMA2_Stream4_IRQHandler
                0x00000000080031ac                USART1_IRQHandler
                0x00000000080031ac                OTG_FS_IRQHandler
                0x00000000080031ac                SPI3_IRQHandler
                0x00000000080031ac                DMA1_Stream4_IRQHandler
                0x00000000080031ac                I2C1_ER_IRQHandler
                0x00000000080031ac                DMA2_Stream6_IRQHandler
                0x00000000080031ac                DMA1_Stream3_IRQHandler
 *fill*         0x00000000080031ae        0x2 
 .text.HAL_InitTick
                0x00000000080031b0       0x48 ./Drivers/STM32F4xx_HAL_Driver/Src/stm32f4xx_hal.o
                0x00000000080031b0                HAL_InitTick
 .text.HAL_Init
                0x00000000080031f8       0x34 ./Drivers/STM32F4xx_HAL_Driver/Src/stm32f4xx_hal.o
                0x00000000080031f8                HAL_Init
 .text.HAL_IncTick
                0x000000000800322c       0x18 ./Drivers/STM32F4xx_HAL_Driver/Src/stm32f4xx_hal.o
                0x000000000800322c                HAL_IncTick
 .text.HAL_GetTick
                0x0000000008003244        0xc ./Drivers/STM32F4xx_HAL_Driver/Src/stm32f4xx_hal.o
                0x0000000008003244                HAL_GetTick
 .text.HAL_Delay
                0x0000000008003250       0x28 ./Drivers/STM32F4xx_HAL_Driver/Src/stm32f4xx_hal.o
                0x0000000008003250                HAL_Delay
 .text.HAL_NVIC_SetPriorityGrouping
                0x0000000008003278       0x24 ./Drivers/STM32F4xx_HAL_Driver/Src/stm32f4xx_hal_cortex.o
                0x0000000008003278                HAL_NVIC_SetPriorityGrouping
 .text.HAL_NVIC_SetPriority
                0x000000000800329c       0x64 ./Drivers/STM32F4xx_HAL_Driver/Src/stm32f4xx_hal_cortex.o
                0x000000000800329c                HAL_NVIC_SetPriority
 .text.HAL_NVIC_EnableIRQ
                0x0000000008003300       0x1c ./Drivers/STM32F4xx_HAL_Driver/Src/stm32f4xx_hal_cortex.o
                0x0000000008003300                HAL_NVIC_EnableIRQ
 .text.HAL_SYSTICK_Config
                0x000000000800331c       0x2c ./Drivers/STM32F4xx_HAL_Driver/Src/stm32f4xx_hal_cortex.o
                0x000000000800331c                HAL_SYSTICK_Config
 .text.DMA_CalcBaseAndBitshift
                0x0000000008003348       0x2c ./Drivers/STM32F4xx_HAL_Driver/Src/stm32f4xx_hal_dma.o
 .text.HAL_DMA_Init
                0x0000000008003374      0x100 ./Drivers/STM32F4xx_HAL_Driver/Src/stm32f4xx_hal_dma.o
                0x0000000008003374                HAL_DMA_Init
 .text.HAL_DMA_Start_IT
                0x0000000008003474       0x74 ./Drivers/STM32F4xx_HAL_Driver/Src/stm32f4xx_hal_dma.o
                0x0000000008003474                HAL_DMA_Start_IT
 .text.HAL_DMA_Abort
                0x00000000080034e8       0x88 ./Drivers/STM32F4xx_HAL_Driver/Src/stm32f4xx_hal_dma.o
                0x00000000080034e8                HAL_DMA_Abort
 .text.HAL_DMA_Abort_IT
                0x0000000008003570       0x24 ./Drivers/STM32F4xx_HAL_Driver/Src/stm32f4xx_hal_dma.o
                0x0000000008003570                HAL_DMA_Abort_IT
 .text.HAL_DMA_IRQHandler
                0x0000000008003594      0x17c ./Drivers/STM32F4xx_HAL_Driver/Src/stm32f4xx_hal_dma.o
                0x0000000008003594                HAL_DMA_IRQHandler
 .text.HAL_GPIO_Init
                0x0000000008003710      0x1b4 ./Drivers/STM32F4xx_HAL_Driver/Src/stm32f4xx_hal_gpio.o
                0x0000000008003710                HAL_GPIO_Init
 .text.HAL_GPIO_ReadPin
                0x00000000080038c4        0xc ./Drivers/STM32F4xx_HAL_Driver/Src/stm32f4xx_hal_gpio.o
                0x00000000080038c4                HAL_GPIO_ReadPin
 .text.HAL_GPIO_WritePin
                0x00000000080038d0        0xa ./Drivers/STM32F4xx_HAL_Driver/Src/stm32f4xx_hal_gpio.o
                0x00000000080038d0                HAL_GPIO_WritePin
 .text.HAL_GPIO_TogglePin
                0x00000000080038da       0x12 ./Drivers/STM32F4xx_HAL_Driver/Src/stm32f4xx_hal_gpio.o
                0x00000000080038da                HAL_GPIO_TogglePin
 .text.I2C_IsAcknowledgeFailed
                0x00000000080038ec       0x34 ./Drivers/STM32F4xx_HAL_Driver/Src/stm32f4xx_hal_i2c.o
 .text.I2C_WaitOnMasterAddressFlagUntilTimeout
                0x0000000008003920       0x76 ./Drivers/STM32F4xx_HAL_Driver/Src/stm32f4xx_hal_i2c.o
 .text.I2C_WaitOnBTFFlagUntilTimeout
                0x0000000008003996       0x4c ./Drivers/STM32F4xx_HAL_Driver/Src/stm32f4xx_hal_i2c.o
 .text.I2C_WaitOnRXNEFlagUntilTimeout
                0x00000000080039e2       0x5e ./Drivers/STM32F4xx_HAL_Driver/Src/stm32f4xx_hal_i2c.o
 .text.I2C_WaitOnFlagUntilTimeout
                0x0000000008003a40       0x64 ./Drivers/STM32F4xx_HAL_Driver/Src/stm32f4xx_hal_i2c.o
 .text.I2C_WaitOnTXEFlagUntilTimeout
                0x0000000008003aa4       0x4c ./Drivers/STM32F4xx_HAL_Driver/Src/stm32f4xx_hal_i2c.o
 .text.I2C_RequestMemoryWrite
                0x0000000008003af0       0xb0 ./Drivers/STM32F4xx_HAL_Driver/Src/stm32f4xx_hal_i2c.o
 .text.I2C_RequestMemoryRead
                0x0000000008003ba0      0x104 ./Drivers/STM32F4xx_HAL_Driver/Src/stm32f4xx_hal_i2c.o
 .text.HAL_I2C_Init
                0x0000000008003ca4      0x150 ./Drivers/STM32F4xx_HAL_Driver/Src/stm32f4xx_hal_i2c.o
                0x0000000008003ca4                HAL_I2C_Init
 .text.HAL_I2C_Mem_Write
                0x0000000008003df4      0x120 ./Drivers/STM32F4xx_HAL_Driver/Src/stm32f4xx_hal_i2c.o
                0x0000000008003df4                HAL_I2C_Mem_Write
 .text.HAL_I2C_Mem_Read
                0x0000000008003f14      0x210 ./Drivers/STM32F4xx_HAL_Driver/Src/stm32f4xx_hal_i2c.o
                0x0000000008003f14                HAL_I2C_Mem_Read
 .text.HAL_PWR_EnableBkUpAccess
                0x0000000008004124       0x1c ./Drivers/STM32F4xx_HAL_Driver/Src/stm32f4xx_hal_pwr.o
                0x0000000008004124                HAL_PWR_EnableBkUpAccess
 .text.HAL_PWR_DisableBkUpAccess
                0x0000000008004140       0x1c ./Drivers/STM32F4xx_HAL_Driver/Src/stm32f4xx_hal_pwr.o
                0x0000000008004140                HAL_PWR_DisableBkUpAccess
 .text.HAL_RCC_OscConfig
                0x000000000800415c      0x358 ./Drivers/STM32F4xx_HAL_Driver/Src/stm32f4xx_hal_rcc.o
                0x000000000800415c                HAL_RCC_OscConfig
 .text.HAL_RCC_GetSysClockFreq
                0x00000000080044b4       0x5c ./Drivers/STM32F4xx_HAL_Driver/Src/stm32f4xx_hal_rcc.o
                0x00000000080044b4                HAL_RCC_GetSysClockFreq
 .text.HAL_RCC_ClockConfig
                0x0000000008004510      0x138 ./Drivers/STM32F4xx_HAL_Driver/Src/stm32f4xx_hal_rcc.o
                0x0000000008004510                HAL_RCC_ClockConfig
 .text.HAL_RCC_GetPCLK1Freq
                0x0000000008004648       0x20 ./Drivers/STM32F4xx_HAL_Driver/Src/stm32f4xx_hal_rcc.o
                0x0000000008004648                HAL_RCC_GetPCLK1Freq
 .text.HAL_RCC_GetPCLK2Freq
                0x0000000008004668       0x20 ./Drivers/STM32F4xx_HAL_Driver/Src/stm32f4xx_hal_rcc.o
                0x0000000008004668                HAL_RCC_GetPCLK2Freq
 .text.TIM_OC1_SetConfig
                0x0000000008004688       0x64 ./Drivers/STM32F4xx_HAL_Driver/Src/stm32f4xx_hal_tim.o
 .text.TIM_OC3_SetConfig
                0x00000000080046ec       0x6c ./Drivers/STM32F4xx_HAL_Driver/Src/stm32f4xx_hal_tim.o
 .text.TIM_OC4_SetConfig
                0x0000000008004758       0x4c ./Drivers/STM32F4xx_HAL_Driver/Src/stm32f4xx_hal_tim.o
 .text.HAL_TIM_PWM_MspInit
                0x00000000080047a4        0x2 ./Drivers/STM32F4xx_HAL_Driver/Src/stm32f4xx_hal_tim.o
                0x00000000080047a4                HAL_TIM_PWM_MspInit
 .text.HAL_TIM_Encoder_Start
                0x00000000080047a6       0xb6 ./Drivers/STM32F4xx_HAL_Driver/Src/stm32f4xx_hal_tim.o
                0x00000000080047a6                HAL_TIM_Encoder_Start
 .text.HAL_TIM_ReadCapturedValue
                0x000000000800485c       0x2c ./Drivers/STM32F4xx_HAL_Driver/Src/stm32f4xx_hal_tim.o
                0x000000000800485c                HAL_TIM_ReadCapturedValue
 .text.HAL_TIM_PeriodElapsedCallback
                0x0000000008004888        0x2 ./Drivers/STM32F4xx_HAL_Driver/Src/stm32f4xx_hal_tim.o
                0x0000000008004888                HAL_TIM_PeriodElapsedCallback
 .text.HAL_TIM_OC_DelayElapsedCallback
                0x000000000800488a        0x2 ./Drivers/STM32F4xx_HAL_Driver/Src/stm32f4xx_hal_tim.o
                0x000000000800488a                HAL_TIM_OC_DelayElapsedCallback
 .text.HAL_TIM_PWM_PulseFinishedCallback
                0x000000000800488c        0x2 ./Drivers/STM32F4xx_HAL_Driver/Src/stm32f4xx_hal_tim.o
                0x000000000800488c                HAL_TIM_PWM_PulseFinishedCallback
 .text.HAL_TIM_TriggerCallback
                0x000000000800488e        0x2 ./Drivers/STM32F4xx_HAL_Driver/Src/stm32f4xx_hal_tim.o
                0x000000000800488e                HAL_TIM_TriggerCallback
 .text.HAL_TIM_IRQHandler
                0x0000000008004890      0x144 ./Drivers/STM32F4xx_HAL_Driver/Src/stm32f4xx_hal_tim.o
                0x0000000008004890                HAL_TIM_IRQHandler
 .text.TIM_Base_SetConfig
                0x00000000080049d4       0xcc ./Drivers/STM32F4xx_HAL_Driver/Src/stm32f4xx_hal_tim.o
                0x00000000080049d4                TIM_Base_SetConfig
 .text.HAL_TIM_Base_Init
                0x0000000008004aa0       0x58 ./Drivers/STM32F4xx_HAL_Driver/Src/stm32f4xx_hal_tim.o
                0x0000000008004aa0                HAL_TIM_Base_Init
 .text.HAL_TIM_PWM_Init
                0x0000000008004af8       0x58 ./Drivers/STM32F4xx_HAL_Driver/Src/stm32f4xx_hal_tim.o
                0x0000000008004af8                HAL_TIM_PWM_Init
 .text.HAL_TIM_IC_Init
                0x0000000008004b50       0x58 ./Drivers/STM32F4xx_HAL_Driver/Src/stm32f4xx_hal_tim.o
                0x0000000008004b50                HAL_TIM_IC_Init
 .text.HAL_TIM_Encoder_Init
                0x0000000008004ba8       0xaa ./Drivers/STM32F4xx_HAL_Driver/Src/stm32f4xx_hal_tim.o
                0x0000000008004ba8                HAL_TIM_Encoder_Init
 *fill*         0x0000000008004c52        0x2 
 .text.TIM_OC2_SetConfig
                0x0000000008004c54       0x6c ./Drivers/STM32F4xx_HAL_Driver/Src/stm32f4xx_hal_tim.o
                0x0000000008004c54                TIM_OC2_SetConfig
 .text.HAL_TIM_PWM_ConfigChannel
                0x0000000008004cc0       0xbc ./Drivers/STM32F4xx_HAL_Driver/Src/stm32f4xx_hal_tim.o
                0x0000000008004cc0                HAL_TIM_PWM_ConfigChannel
 .text.TIM_TI1_SetConfig
                0x0000000008004d7c       0x74 ./Drivers/STM32F4xx_HAL_Driver/Src/stm32f4xx_hal_tim.o
                0x0000000008004d7c                TIM_TI1_SetConfig
 .text.HAL_TIM_IC_ConfigChannel
                0x0000000008004df0      0x126 ./Drivers/STM32F4xx_HAL_Driver/Src/stm32f4xx_hal_tim.o
                0x0000000008004df0                HAL_TIM_IC_ConfigChannel
 .text.TIM_ETR_SetConfig
                0x0000000008004f16       0x14 ./Drivers/STM32F4xx_HAL_Driver/Src/stm32f4xx_hal_tim.o
                0x0000000008004f16                TIM_ETR_SetConfig
 .text.HAL_TIM_ConfigClockSource
                0x0000000008004f2a      0x138 ./Drivers/STM32F4xx_HAL_Driver/Src/stm32f4xx_hal_tim.o
                0x0000000008004f2a                HAL_TIM_ConfigClockSource
 .text.TIM_CCxChannelCmd
                0x0000000008005062       0x1c ./Drivers/STM32F4xx_HAL_Driver/Src/stm32f4xx_hal_tim.o
                0x0000000008005062                TIM_CCxChannelCmd
 *fill*         0x000000000800507e        0x2 
 .text.HAL_TIM_OC_Start
                0x0000000008005080       0xcc ./Drivers/STM32F4xx_HAL_Driver/Src/stm32f4xx_hal_tim.o
                0x0000000008005080                HAL_TIM_OC_Start
 .text.HAL_TIM_PWM_Start
                0x000000000800514c        0x4 ./Drivers/STM32F4xx_HAL_Driver/Src/stm32f4xx_hal_tim.o
                0x000000000800514c                HAL_TIM_PWM_Start
 .text.HAL_TIM_IC_Start_IT
                0x0000000008005150      0x108 ./Drivers/STM32F4xx_HAL_Driver/Src/stm32f4xx_hal_tim.o
                0x0000000008005150                HAL_TIM_IC_Start_IT
 .text.HAL_TIMEx_MasterConfigSynchronization
                0x0000000008005258       0x7c ./Drivers/STM32F4xx_HAL_Driver/Src/stm32f4xx_hal_tim_ex.o
                0x0000000008005258                HAL_TIMEx_MasterConfigSynchronization
 .text.HAL_TIMEx_ConfigBreakDeadTime
                0x00000000080052d4       0x4c ./Drivers/STM32F4xx_HAL_Driver/Src/stm32f4xx_hal_tim_ex.o
                0x00000000080052d4                HAL_TIMEx_ConfigBreakDeadTime
 .text.HAL_TIMEx_CommutCallback
                0x0000000008005320        0x2 ./Drivers/STM32F4xx_HAL_Driver/Src/stm32f4xx_hal_tim_ex.o
                0x0000000008005320                HAL_TIMEx_CommutCallback
 .text.HAL_TIMEx_BreakCallback
                0x0000000008005322        0x2 ./Drivers/STM32F4xx_HAL_Driver/Src/stm32f4xx_hal_tim_ex.o
                0x0000000008005322                HAL_TIMEx_BreakCallback
 .text.UART_EndRxTransfer
                0x0000000008005324       0x5c ./Drivers/STM32F4xx_HAL_Driver/Src/stm32f4xx_hal_uart.o
 .text.UART_SetConfig
                0x0000000008005380       0xbc ./Drivers/STM32F4xx_HAL_Driver/Src/stm32f4xx_hal_uart.o
 .text.UART_WaitOnFlagUntilTimeout.constprop.0
                0x000000000800543c       0x6c ./Drivers/STM32F4xx_HAL_Driver/Src/stm32f4xx_hal_uart.o
 .text.HAL_UART_Init
                0x00000000080054a8       0x5c ./Drivers/STM32F4xx_HAL_Driver/Src/stm32f4xx_hal_uart.o
                0x00000000080054a8                HAL_UART_Init
 .text.HAL_UART_Transmit
                0x0000000008005504       0xaa ./Drivers/STM32F4xx_HAL_Driver/Src/stm32f4xx_hal_uart.o
                0x0000000008005504                HAL_UART_Transmit
 .text.HAL_UART_TxCpltCallback
                0x00000000080055ae        0x2 ./Drivers/STM32F4xx_HAL_Driver/Src/stm32f4xx_hal_uart.o
                0x00000000080055ae                HAL_UART_TxCpltCallback
 .text.HAL_UART_RxCpltCallback
                0x00000000080055b0        0x2 ./Drivers/STM32F4xx_HAL_Driver/Src/stm32f4xx_hal_uart.o
                0x00000000080055b0                HAL_UART_RxCpltCallback
 .text.HAL_UART_RxHalfCpltCallback
                0x00000000080055b2        0x2 ./Drivers/STM32F4xx_HAL_Driver/Src/stm32f4xx_hal_uart.o
                0x00000000080055b2                HAL_UART_RxHalfCpltCallback
 .text.HAL_UART_ErrorCallback
                0x00000000080055b4        0x2 ./Drivers/STM32F4xx_HAL_Driver/Src/stm32f4xx_hal_uart.o
                0x00000000080055b4                HAL_UART_ErrorCallback
 .text.UART_DMAError
                0x00000000080055b6       0x5a ./Drivers/STM32F4xx_HAL_Driver/Src/stm32f4xx_hal_uart.o
 .text.UART_DMAAbortOnError
                0x0000000008005610       0x10 ./Drivers/STM32F4xx_HAL_Driver/Src/stm32f4xx_hal_uart.o
 .text.HAL_UARTEx_RxEventCallback
                0x0000000008005620        0x2 ./Drivers/STM32F4xx_HAL_Driver/Src/stm32f4xx_hal_uart.o
                0x0000000008005620                HAL_UARTEx_RxEventCallback
 .text.UART_Receive_IT
                0x0000000008005622       0xb8 ./Drivers/STM32F4xx_HAL_Driver/Src/stm32f4xx_hal_uart.o
 *fill*         0x00000000080056da        0x2 
 .text.HAL_UART_IRQHandler
                0x00000000080056dc      0x290 ./Drivers/STM32F4xx_HAL_Driver/Src/stm32f4xx_hal_uart.o
                0x00000000080056dc                HAL_UART_IRQHandler
 .text.UART_DMARxHalfCplt
                0x000000000800596c       0x1a ./Drivers/STM32F4xx_HAL_Driver/Src/stm32f4xx_hal_uart.o
 .text.UART_DMAReceiveCplt
                0x0000000008005986       0x94 ./Drivers/STM32F4xx_HAL_Driver/Src/stm32f4xx_hal_uart.o
 *fill*         0x0000000008005a1a        0x2 
 .text.UART_Start_Receive_DMA
                0x0000000008005a1c       0x98 ./Drivers/STM32F4xx_HAL_Driver/Src/stm32f4xx_hal_uart.o
                0x0000000008005a1c                UART_Start_Receive_DMA
 .text.HAL_UART_Receive_DMA
                0x0000000008005ab4       0x30 ./Drivers/STM32F4xx_HAL_Driver/Src/stm32f4xx_hal_uart.o
                0x0000000008005ab4                HAL_UART_Receive_DMA
 .text.osKernelInitialize
                0x0000000008005ae4       0x24 ./Middlewares/Third_Party/FreeRTOS/Source/CMSIS_RTOS_V2/cmsis_os2.o
                0x0000000008005ae4                osKernelInitialize
 .text.osKernelStart
                0x0000000008005b08       0x34 ./Middlewares/Third_Party/FreeRTOS/Source/CMSIS_RTOS_V2/cmsis_os2.o
                0x0000000008005b08                osKernelStart
 .text.osThreadNew
                0x0000000008005b3c       0x92 ./Middlewares/Third_Party/FreeRTOS/Source/CMSIS_RTOS_V2/cmsis_os2.o
                0x0000000008005b3c                osThreadNew
 .text.osDelay  0x0000000008005bce       0x18 ./Middlewares/Third_Party/FreeRTOS/Source/CMSIS_RTOS_V2/cmsis_os2.o
                0x0000000008005bce                osDelay
 .text.osDelayUntil
                0x0000000008005be6       0x2e ./Middlewares/Third_Party/FreeRTOS/Source/CMSIS_RTOS_V2/cmsis_os2.o
                0x0000000008005be6                osDelayUntil
 .text.vApplicationGetIdleTaskMemory
                0x0000000008005c14       0x18 ./Middlewares/Third_Party/FreeRTOS/Source/CMSIS_RTOS_V2/cmsis_os2.o
                0x0000000008005c14                vApplicationGetIdleTaskMemory
 .text.vApplicationGetTimerTaskMemory
                0x0000000008005c2c       0x18 ./Middlewares/Third_Party/FreeRTOS/Source/CMSIS_RTOS_V2/cmsis_os2.o
                0x0000000008005c2c                vApplicationGetTimerTaskMemory
 .text.vListInitialise
                0x0000000008005c44       0x16 ./Middlewares/Third_Party/FreeRTOS/Source/list.o
                0x0000000008005c44                vListInitialise
 .text.vListInitialiseItem
                0x0000000008005c5a        0x6 ./Middlewares/Third_Party/FreeRTOS/Source/list.o
                0x0000000008005c5a                vListInitialiseItem
 .text.vListInsertEnd
                0x0000000008005c60       0x18 ./Middlewares/Third_Party/FreeRTOS/Source/list.o
                0x0000000008005c60                vListInsertEnd
 .text.vListInsert
                0x0000000008005c78       0x2e ./Middlewares/Third_Party/FreeRTOS/Source/list.o
                0x0000000008005c78                vListInsert
 .text.uxListRemove
                0x0000000008005ca6       0x20 ./Middlewares/Third_Party/FreeRTOS/Source/list.o
                0x0000000008005ca6                uxListRemove
 .text.prvIsQueueEmpty
                0x0000000008005cc6       0x16 ./Middlewares/Third_Party/FreeRTOS/Source/queue.o
 .text.prvCopyDataToQueue
                0x0000000008005cdc       0x6a ./Middlewares/Third_Party/FreeRTOS/Source/queue.o
 .text.prvCopyDataFromQueue
                0x0000000008005d46       0x2c ./Middlewares/Third_Party/FreeRTOS/Source/queue.o
 .text.prvUnlockQueue
                0x0000000008005d72       0x70 ./Middlewares/Third_Party/FreeRTOS/Source/queue.o
 *fill*         0x0000000008005de2        0x2 
 .text.xQueueGenericReset
                0x0000000008005de4       0x80 ./Middlewares/Third_Party/FreeRTOS/Source/queue.o
                0x0000000008005de4                xQueueGenericReset
 .text.xQueueGenericCreateStatic
                0x0000000008005e64       0x9c ./Middlewares/Third_Party/FreeRTOS/Source/queue.o
                0x0000000008005e64                xQueueGenericCreateStatic
 .text.xQueueGenericSend
                0x0000000008005f00      0x164 ./Middlewares/Third_Party/FreeRTOS/Source/queue.o
                0x0000000008005f00                xQueueGenericSend
 .text.xQueueGenericSendFromISR
                0x0000000008006064       0xc4 ./Middlewares/Third_Party/FreeRTOS/Source/queue.o
                0x0000000008006064                xQueueGenericSendFromISR
 .text.xQueueReceive
                0x0000000008006128      0x140 ./Middlewares/Third_Party/FreeRTOS/Source/queue.o
                0x0000000008006128                xQueueReceive
 .text.vQueueAddToRegistry
                0x0000000008006268       0x24 ./Middlewares/Third_Party/FreeRTOS/Source/queue.o
                0x0000000008006268                vQueueAddToRegistry
 .text.vQueueWaitForMessageRestricted
                0x000000000800628c       0x46 ./Middlewares/Third_Party/FreeRTOS/Source/queue.o
                0x000000000800628c                vQueueWaitForMessageRestricted
 *fill*         0x00000000080062d2        0x2 
 .text.prvAddNewTaskToReadyList
                0x00000000080062d4      0x100 ./Middlewares/Third_Party/FreeRTOS/Source/tasks.o
 .text.prvResetNextTaskUnblockTime
                0x00000000080063d4       0x24 ./Middlewares/Third_Party/FreeRTOS/Source/tasks.o
 .text.prvInitialiseNewTask.isra.0
                0x00000000080063f8       0x9c ./Middlewares/Third_Party/FreeRTOS/Source/tasks.o
 .text.prvDeleteTCB
                0x0000000008006494       0x36 ./Middlewares/Third_Party/FreeRTOS/Source/tasks.o
 *fill*         0x00000000080064ca        0x2 
 .text.prvIdleTask
                0x00000000080064cc       0x64 ./Middlewares/Third_Party/FreeRTOS/Source/tasks.o
 .text.prvAddCurrentTaskToDelayedList
                0x0000000008006530       0x74 ./Middlewares/Third_Party/FreeRTOS/Source/tasks.o
 .text.xTaskCreateStatic
                0x00000000080065a4       0x70 ./Middlewares/Third_Party/FreeRTOS/Source/tasks.o
                0x00000000080065a4                xTaskCreateStatic
 .text.xTaskCreate
                0x0000000008006614       0x5a ./Middlewares/Third_Party/FreeRTOS/Source/tasks.o
                0x0000000008006614                xTaskCreate
 *fill*         0x000000000800666e        0x2 
 .text.vTaskStartScheduler
                0x0000000008006670       0x88 ./Middlewares/Third_Party/FreeRTOS/Source/tasks.o
                0x0000000008006670                vTaskStartScheduler
 .text.vTaskSuspendAll
                0x00000000080066f8       0x10 ./Middlewares/Third_Party/FreeRTOS/Source/tasks.o
                0x00000000080066f8                vTaskSuspendAll
 .text.xTaskGetTickCount
                0x0000000008006708        0xc ./Middlewares/Third_Party/FreeRTOS/Source/tasks.o
                0x0000000008006708                xTaskGetTickCount
 .text.xTaskIncrementTick
                0x0000000008006714      0x12c ./Middlewares/Third_Party/FreeRTOS/Source/tasks.o
                0x0000000008006714                xTaskIncrementTick
 .text.xTaskResumeAll
                0x0000000008006840       0xe8 ./Middlewares/Third_Party/FreeRTOS/Source/tasks.o
                0x0000000008006840                xTaskResumeAll
 .text.vTaskDelayUntil
                0x0000000008006928       0x90 ./Middlewares/Third_Party/FreeRTOS/Source/tasks.o
                0x0000000008006928                vTaskDelayUntil
 .text.vTaskDelay
                0x00000000080069b8       0x48 ./Middlewares/Third_Party/FreeRTOS/Source/tasks.o
                0x00000000080069b8                vTaskDelay
 .text.vTaskSwitchContext
                0x0000000008006a00       0x78 ./Middlewares/Third_Party/FreeRTOS/Source/tasks.o
                0x0000000008006a00                vTaskSwitchContext
 .text.vTaskPlaceOnEventList
                0x0000000008006a78       0x34 ./Middlewares/Third_Party/FreeRTOS/Source/tasks.o
                0x0000000008006a78                vTaskPlaceOnEventList
 .text.vTaskPlaceOnEventListRestricted
                0x0000000008006aac       0x3c ./Middlewares/Third_Party/FreeRTOS/Source/tasks.o
                0x0000000008006aac                vTaskPlaceOnEventListRestricted
 .text.xTaskRemoveFromEventList
                0x0000000008006ae8       0x88 ./Middlewares/Third_Party/FreeRTOS/Source/tasks.o
                0x0000000008006ae8                xTaskRemoveFromEventList
 .text.vTaskInternalSetTimeOutState
                0x0000000008006b70       0x18 ./Middlewares/Third_Party/FreeRTOS/Source/tasks.o
                0x0000000008006b70                vTaskInternalSetTimeOutState
 .text.xTaskCheckForTimeOut
                0x0000000008006b88       0x78 ./Middlewares/Third_Party/FreeRTOS/Source/tasks.o
                0x0000000008006b88                xTaskCheckForTimeOut
 .text.vTaskMissedYield
                0x0000000008006c00        0xc ./Middlewares/Third_Party/FreeRTOS/Source/tasks.o
                0x0000000008006c00                vTaskMissedYield
 .text.xTaskGetSchedulerState
                0x0000000008006c0c       0x20 ./Middlewares/Third_Party/FreeRTOS/Source/tasks.o
                0x0000000008006c0c                xTaskGetSchedulerState
 .text.xTaskPriorityDisinherit
                0x0000000008006c2c       0x88 ./Middlewares/Third_Party/FreeRTOS/Source/tasks.o
                0x0000000008006c2c                xTaskPriorityDisinherit
 .text.prvCheckForValidListAndQueue
                0x0000000008006cb4       0x68 ./Middlewares/Third_Party/FreeRTOS/Source/timers.o
 .text.prvInsertTimerInActiveList
                0x0000000008006d1c       0x3c ./Middlewares/Third_Party/FreeRTOS/Source/timers.o
 .text.xTimerCreateTimerTask
                0x0000000008006d58       0x64 ./Middlewares/Third_Party/FreeRTOS/Source/timers.o
                0x0000000008006d58                xTimerCreateTimerTask
 .text.xTimerGenericCommand
                0x0000000008006dbc       0x58 ./Middlewares/Third_Party/FreeRTOS/Source/timers.o
                0x0000000008006dbc                xTimerGenericCommand
 .text.prvSwitchTimerLists
                0x0000000008006e14       0x7c ./Middlewares/Third_Party/FreeRTOS/Source/timers.o
 .text.prvTimerTask
                0x0000000008006e90      0x1f8 ./Middlewares/Third_Party/FreeRTOS/Source/timers.o
 .text.prvPortStartFirstTask
                0x0000000008007088       0x28 ./Middlewares/Third_Party/FreeRTOS/Source/portable/GCC/ARM_CM4F/port.o
 .text.vPortEnableVFP
                0x00000000080070b0       0x14 ./Middlewares/Third_Party/FreeRTOS/Source/portable/GCC/ARM_CM4F/port.o
 .text.prvTaskExitError
                0x00000000080070c4       0x40 ./Middlewares/Third_Party/FreeRTOS/Source/portable/GCC/ARM_CM4F/port.o
 .text.pxPortInitialiseStack
                0x0000000008007104       0x2c ./Middlewares/Third_Party/FreeRTOS/Source/portable/GCC/ARM_CM4F/port.o
                0x0000000008007104                pxPortInitialiseStack
 .text.SVC_Handler
                0x0000000008007130       0x24 ./Middlewares/Third_Party/FreeRTOS/Source/portable/GCC/ARM_CM4F/port.o
                0x0000000008007130                SVC_Handler
 .text.vPortEnterCritical
                0x0000000008007154       0x44 ./Middlewares/Third_Party/FreeRTOS/Source/portable/GCC/ARM_CM4F/port.o
                0x0000000008007154                vPortEnterCritical
 .text.vPortExitCritical
                0x0000000008007198       0x28 ./Middlewares/Third_Party/FreeRTOS/Source/portable/GCC/ARM_CM4F/port.o
                0x0000000008007198                vPortExitCritical
 .text.PendSV_Handler
                0x00000000080071c0       0x64 ./Middlewares/Third_Party/FreeRTOS/Source/portable/GCC/ARM_CM4F/port.o
                0x00000000080071c0                PendSV_Handler
 .text.xPortSysTickHandler
                0x0000000008007224       0x2c ./Middlewares/Third_Party/FreeRTOS/Source/portable/GCC/ARM_CM4F/port.o
                0x0000000008007224                xPortSysTickHandler
 .text.vPortSetupTimerInterrupt
                0x0000000008007250       0x34 ./Middlewares/Third_Party/FreeRTOS/Source/portable/GCC/ARM_CM4F/port.o
                0x0000000008007250                vPortSetupTimerInterrupt
 .text.xPortStartScheduler
                0x0000000008007284      0x108 ./Middlewares/Third_Party/FreeRTOS/Source/portable/GCC/ARM_CM4F/port.o
                0x0000000008007284                xPortStartScheduler
 .text.vPortValidateInterruptPriority
                0x000000000800738c       0x5c ./Middlewares/Third_Party/FreeRTOS/Source/portable/GCC/ARM_CM4F/port.o
                0x000000000800738c                vPortValidateInterruptPriority
 .text.prvInsertBlockIntoFreeList
                0x00000000080073e8       0x48 ./Middlewares/Third_Party/FreeRTOS/Source/portable/MemMang/heap_4.o
 .text.pvPortMalloc
                0x0000000008007430      0x124 ./Middlewares/Third_Party/FreeRTOS/Source/portable/MemMang/heap_4.o
                0x0000000008007430                pvPortMalloc
 .text.vPortFree
                0x0000000008007554       0x7c ./Middlewares/Third_Party/FreeRTOS/Source/portable/MemMang/heap_4.o
                0x0000000008007554                vPortFree
 .text.__errno  0x00000000080075d0        0xc c:/st/stm32cubeide_1.8.0/stm32cubeide/plugins/com.st.stm32cube.ide.mcu.externaltools.gnu-tools-for-stm32.9-2020-q2-update.win32_2.0.0.202105311346/tools/bin/../lib/gcc/arm-none-eabi/9.3.1/../../../../arm-none-eabi/lib/thumb/v7e-m+fp/hard\libc_nano.a(lib_a-errno.o)
                0x00000000080075d0                __errno
 .text.__libc_init_array
                0x00000000080075dc       0x48 c:/st/stm32cubeide_1.8.0/stm32cubeide/plugins/com.st.stm32cube.ide.mcu.externaltools.gnu-tools-for-stm32.9-2020-q2-update.win32_2.0.0.202105311346/tools/bin/../lib/gcc/arm-none-eabi/9.3.1/../../../../arm-none-eabi/lib/thumb/v7e-m+fp/hard\libc_nano.a(lib_a-init.o)
                0x00000000080075dc                __libc_init_array
 .text.memcpy   0x0000000008007624       0x1c c:/st/stm32cubeide_1.8.0/stm32cubeide/plugins/com.st.stm32cube.ide.mcu.externaltools.gnu-tools-for-stm32.9-2020-q2-update.win32_2.0.0.202105311346/tools/bin/../lib/gcc/arm-none-eabi/9.3.1/../../../../arm-none-eabi/lib/thumb/v7e-m+fp/hard\libc_nano.a(lib_a-memcpy-stub.o)
                0x0000000008007624                memcpy
 .text.memset   0x0000000008007640       0x10 c:/st/stm32cubeide_1.8.0/stm32cubeide/plugins/com.st.stm32cube.ide.mcu.externaltools.gnu-tools-for-stm32.9-2020-q2-update.win32_2.0.0.202105311346/tools/bin/../lib/gcc/arm-none-eabi/9.3.1/../../../../arm-none-eabi/lib/thumb/v7e-m+fp/hard\libc_nano.a(lib_a-memset.o)
                0x0000000008007640                memset
 .text.sprintf  0x0000000008007650       0x40 c:/st/stm32cubeide_1.8.0/stm32cubeide/plugins/com.st.stm32cube.ide.mcu.externaltools.gnu-tools-for-stm32.9-2020-q2-update.win32_2.0.0.202105311346/tools/bin/../lib/gcc/arm-none-eabi/9.3.1/../../../../arm-none-eabi/lib/thumb/v7e-m+fp/hard\libc_nano.a(lib_a-sprintf.o)
                0x0000000008007650                siprintf
                0x0000000008007650                sprintf
 .text.strcpy   0x0000000008007690       0x10 c:/st/stm32cubeide_1.8.0/stm32cubeide/plugins/com.st.stm32cube.ide.mcu.externaltools.gnu-tools-for-stm32.9-2020-q2-update.win32_2.0.0.202105311346/tools/bin/../lib/gcc/arm-none-eabi/9.3.1/../../../../arm-none-eabi/lib/thumb/v7e-m+fp/hard\libc_nano.a(lib_a-strcpy.o)
                0x0000000008007690                strcpy
 .text.__ssputs_r
                0x00000000080076a0       0xb6 c:/st/stm32cubeide_1.8.0/stm32cubeide/plugins/com.st.stm32cube.ide.mcu.externaltools.gnu-tools-for-stm32.9-2020-q2-update.win32_2.0.0.202105311346/tools/bin/../lib/gcc/arm-none-eabi/9.3.1/../../../../arm-none-eabi/lib/thumb/v7e-m+fp/hard\libc_nano.a(lib_a-nano-svfprintf.o)
                0x00000000080076a0                __ssputs_r
 *fill*         0x0000000008007756        0x2 
 .text._svfprintf_r
                0x0000000008007758      0x200 c:/st/stm32cubeide_1.8.0/stm32cubeide/plugins/com.st.stm32cube.ide.mcu.externaltools.gnu-tools-for-stm32.9-2020-q2-update.win32_2.0.0.202105311346/tools/bin/../lib/gcc/arm-none-eabi/9.3.1/../../../../arm-none-eabi/lib/thumb/v7e-m+fp/hard\libc_nano.a(lib_a-nano-svfprintf.o)
                0x0000000008007758                _svfiprintf_r
                0x0000000008007758                _svfprintf_r
 .text._printf_common
                0x0000000008007958       0xda c:/st/stm32cubeide_1.8.0/stm32cubeide/plugins/com.st.stm32cube.ide.mcu.externaltools.gnu-tools-for-stm32.9-2020-q2-update.win32_2.0.0.202105311346/tools/bin/../lib/gcc/arm-none-eabi/9.3.1/../../../../arm-none-eabi/lib/thumb/v7e-m+fp/hard\libc_nano.a(lib_a-nano-vfprintf_i.o)
                0x0000000008007958                _printf_common
 *fill*         0x0000000008007a32        0x2 
 .text._printf_i
                0x0000000008007a34      0x24c c:/st/stm32cubeide_1.8.0/stm32cubeide/plugins/com.st.stm32cube.ide.mcu.externaltools.gnu-tools-for-stm32.9-2020-q2-update.win32_2.0.0.202105311346/tools/bin/../lib/gcc/arm-none-eabi/9.3.1/../../../../arm-none-eabi/lib/thumb/v7e-m+fp/hard\libc_nano.a(lib_a-nano-vfprintf_i.o)
                0x0000000008007a34                _printf_i
 .text.memmove  0x0000000008007c80       0x34 c:/st/stm32cubeide_1.8.0/stm32cubeide/plugins/com.st.stm32cube.ide.mcu.externaltools.gnu-tools-for-stm32.9-2020-q2-update.win32_2.0.0.202105311346/tools/bin/../lib/gcc/arm-none-eabi/9.3.1/../../../../arm-none-eabi/lib/thumb/v7e-m+fp/hard\libc_nano.a(lib_a-memmove.o)
                0x0000000008007c80                memmove
 .text._free_r  0x0000000008007cb4       0xa0 c:/st/stm32cubeide_1.8.0/stm32cubeide/plugins/com.st.stm32cube.ide.mcu.externaltools.gnu-tools-for-stm32.9-2020-q2-update.win32_2.0.0.202105311346/tools/bin/../lib/gcc/arm-none-eabi/9.3.1/../../../../arm-none-eabi/lib/thumb/v7e-m+fp/hard\libc_nano.a(lib_a-nano-freer.o)
                0x0000000008007cb4                _free_r
 .text._malloc_r
                0x0000000008007d54       0xb4 c:/st/stm32cubeide_1.8.0/stm32cubeide/plugins/com.st.stm32cube.ide.mcu.externaltools.gnu-tools-for-stm32.9-2020-q2-update.win32_2.0.0.202105311346/tools/bin/../lib/gcc/arm-none-eabi/9.3.1/../../../../arm-none-eabi/lib/thumb/v7e-m+fp/hard\libc_nano.a(lib_a-nano-mallocr.o)
                0x0000000008007d54                _malloc_r
 .text._realloc_r
                0x0000000008007e08       0x4c c:/st/stm32cubeide_1.8.0/stm32cubeide/plugins/com.st.stm32cube.ide.mcu.externaltools.gnu-tools-for-stm32.9-2020-q2-update.win32_2.0.0.202105311346/tools/bin/../lib/gcc/arm-none-eabi/9.3.1/../../../../arm-none-eabi/lib/thumb/v7e-m+fp/hard\libc_nano.a(lib_a-nano-reallocr.o)
                0x0000000008007e08                _realloc_r
 .text._sbrk_r  0x0000000008007e54       0x20 c:/st/stm32cubeide_1.8.0/stm32cubeide/plugins/com.st.stm32cube.ide.mcu.externaltools.gnu-tools-for-stm32.9-2020-q2-update.win32_2.0.0.202105311346/tools/bin/../lib/gcc/arm-none-eabi/9.3.1/../../../../arm-none-eabi/lib/thumb/v7e-m+fp/hard\libc_nano.a(lib_a-sbrkr.o)
                0x0000000008007e54                _sbrk_r
 .text.__malloc_lock
                0x0000000008007e74        0xc c:/st/stm32cubeide_1.8.0/stm32cubeide/plugins/com.st.stm32cube.ide.mcu.externaltools.gnu-tools-for-stm32.9-2020-q2-update.win32_2.0.0.202105311346/tools/bin/../lib/gcc/arm-none-eabi/9.3.1/../../../../arm-none-eabi/lib/thumb/v7e-m+fp/hard\libc_nano.a(lib_a-mlock.o)
                0x0000000008007e74                __malloc_lock
 .text.__malloc_unlock
                0x0000000008007e80        0xc c:/st/stm32cubeide_1.8.0/stm32cubeide/plugins/com.st.stm32cube.ide.mcu.externaltools.gnu-tools-for-stm32.9-2020-q2-update.win32_2.0.0.202105311346/tools/bin/../lib/gcc/arm-none-eabi/9.3.1/../../../../arm-none-eabi/lib/thumb/v7e-m+fp/hard\libc_nano.a(lib_a-mlock.o)
                0x0000000008007e80                __malloc_unlock
 .text._malloc_usable_size_r
                0x0000000008007e8c       0x10 c:/st/stm32cubeide_1.8.0/stm32cubeide/plugins/com.st.stm32cube.ide.mcu.externaltools.gnu-tools-for-stm32.9-2020-q2-update.win32_2.0.0.202105311346/tools/bin/../lib/gcc/arm-none-eabi/9.3.1/../../../../arm-none-eabi/lib/thumb/v7e-m+fp/hard\libc_nano.a(lib_a-nano-msizer.o)
                0x0000000008007e8c                _malloc_usable_size_r
 .text.__retarget_lock_acquire_recursive
                0x0000000008007e9c        0x2 c:/st/stm32cubeide_1.8.0/stm32cubeide/plugins/com.st.stm32cube.ide.mcu.externaltools.gnu-tools-for-stm32.9-2020-q2-update.win32_2.0.0.202105311346/tools/bin/../lib/gcc/arm-none-eabi/9.3.1/../../../../arm-none-eabi/lib/thumb/v7e-m+fp/hard\libc_nano.a(lib_a-lock.o)
                0x0000000008007e9c                __retarget_lock_acquire_recursive
 .text.__retarget_lock_release_recursive
                0x0000000008007e9e        0x2 c:/st/stm32cubeide_1.8.0/stm32cubeide/plugins/com.st.stm32cube.ide.mcu.externaltools.gnu-tools-for-stm32.9-2020-q2-update.win32_2.0.0.202105311346/tools/bin/../lib/gcc/arm-none-eabi/9.3.1/../../../../arm-none-eabi/lib/thumb/v7e-m+fp/hard\libc_nano.a(lib_a-lock.o)
                0x0000000008007e9e                __retarget_lock_release_recursive
 *(.glue_7)
 .glue_7        0x0000000008007ea0        0x0 linker stubs
 *(.glue_7t)
 .glue_7t       0x0000000008007ea0        0x0 linker stubs
 *(.eh_frame)
 .eh_frame      0x0000000008007ea0        0x0 c:/st/stm32cubeide_1.8.0/stm32cubeide/plugins/com.st.stm32cube.ide.mcu.externaltools.gnu-tools-for-stm32.9-2020-q2-update.win32_2.0.0.202105311346/tools/bin/../lib/gcc/arm-none-eabi/9.3.1/thumb/v7e-m+fp/hard/crtbegin.o
 *(.init)
 .init          0x0000000008007ea0        0x4 c:/st/stm32cubeide_1.8.0/stm32cubeide/plugins/com.st.stm32cube.ide.mcu.externaltools.gnu-tools-for-stm32.9-2020-q2-update.win32_2.0.0.202105311346/tools/bin/../lib/gcc/arm-none-eabi/9.3.1/thumb/v7e-m+fp/hard/crti.o
                0x0000000008007ea0                _init
 .init          0x0000000008007ea4        0x8 c:/st/stm32cubeide_1.8.0/stm32cubeide/plugins/com.st.stm32cube.ide.mcu.externaltools.gnu-tools-for-stm32.9-2020-q2-update.win32_2.0.0.202105311346/tools/bin/../lib/gcc/arm-none-eabi/9.3.1/thumb/v7e-m+fp/hard/crtn.o
 *(.fini)
 .fini          0x0000000008007eac        0x4 c:/st/stm32cubeide_1.8.0/stm32cubeide/plugins/com.st.stm32cube.ide.mcu.externaltools.gnu-tools-for-stm32.9-2020-q2-update.win32_2.0.0.202105311346/tools/bin/../lib/gcc/arm-none-eabi/9.3.1/thumb/v7e-m+fp/hard/crti.o
                0x0000000008007eac                _fini
 .fini          0x0000000008007eb0        0x8 c:/st/stm32cubeide_1.8.0/stm32cubeide/plugins/com.st.stm32cube.ide.mcu.externaltools.gnu-tools-for-stm32.9-2020-q2-update.win32_2.0.0.202105311346/tools/bin/../lib/gcc/arm-none-eabi/9.3.1/thumb/v7e-m+fp/hard/crtn.o
                0x0000000008007eb8                . = ALIGN (0x4)
                0x0000000008007eb8                _etext = .

.vfp11_veneer   0x0000000008007eb8        0x0
 .vfp11_veneer  0x0000000008007eb8        0x0 linker stubs

.v4_bx          0x0000000008007eb8        0x0
 .v4_bx         0x0000000008007eb8        0x0 linker stubs

.iplt           0x0000000008007eb8        0x0
 .iplt          0x0000000008007eb8        0x0 c:/st/stm32cubeide_1.8.0/stm32cubeide/plugins/com.st.stm32cube.ide.mcu.externaltools.gnu-tools-for-stm32.9-2020-q2-update.win32_2.0.0.202105311346/tools/bin/../lib/gcc/arm-none-eabi/9.3.1/thumb/v7e-m+fp/hard/crtbegin.o

.rodata         0x0000000008007eb8      0xca4
                0x0000000008007eb8                . = ALIGN (0x4)
 *(.rodata)
 .rodata        0x0000000008007eb8       0x14 ./Core/Src/IMU.o
 .rodata        0x0000000008007ecc       0x1f ./Core/Src/main.o
 *(.rodata*)
 .rodata.IMU_Initialise.str1.1
                0x0000000008007eeb       0x8b ./Core/Src/IMU.o
 .rodata.StartDefaultTask.str1.1
                0x0000000008007f76        0x8 ./Core/Src/main.o
 .rodata.Display.str1.1
                0x0000000008007f7e        0xd ./Core/Src/main.o
 .rodata.LeftMotor.str1.1
                0x0000000008007f8b        0x2 ./Core/Src/main.o
 .rodata.GyroFunc.str1.1
                0x0000000008007f8d       0x1a ./Core/Src/main.o
 .rodata.str1.1
                0x0000000008007fa7       0x34 ./Core/Src/main.o
 *fill*         0x0000000008007fdb        0x1 
 .rodata.DisplayTask_attributes
                0x0000000008007fdc       0x24 ./Core/Src/main.o
                0x0000000008007fdc                DisplayTask_attributes
 .rodata.GyroTask_attributes
                0x0000000008008000       0x24 ./Core/Src/main.o
                0x0000000008008000                GyroTask_attributes
 .rodata.Motor_L_attributes
                0x0000000008008024       0x24 ./Core/Src/main.o
                0x0000000008008024                Motor_L_attributes
 .rodata.Ultrasonic_attributes
                0x0000000008008048       0x24 ./Core/Src/main.o
                0x0000000008008048                Ultrasonic_attributes
 .rodata.defaultTask_attributes
                0x000000000800806c       0x24 ./Core/Src/main.o
                0x000000000800806c                defaultTask_attributes
 .rodata.oled_asc2_1206
                0x0000000008008090      0x474 ./Core/Src/oled_SC2104.o
                0x0000000008008090                oled_asc2_1206
 .rodata.oled_asc2_1608
                0x0000000008008504      0x5f0 ./Core/Src/oled_SC2104.o
                0x0000000008008504                oled_asc2_1608
 .rodata.AHBPrescTable
                0x0000000008008af4       0x10 ./Core/Src/system_stm32f4xx.o
                0x0000000008008af4                AHBPrescTable
 .rodata.APBPrescTable
                0x0000000008008b04        0x8 ./Core/Src/system_stm32f4xx.o
                0x0000000008008b04                APBPrescTable
 .rodata.flagBitshiftOffset.8557
                0x0000000008008b0c        0x8 ./Drivers/STM32F4xx_HAL_Driver/Src/stm32f4xx_hal_dma.o
 .rodata.vTaskStartScheduler.str1.1
                0x0000000008008b14        0x5 ./Middlewares/Third_Party/FreeRTOS/Source/tasks.o
 .rodata.prvCheckForValidListAndQueue.str1.1
                0x0000000008008b19        0x5 ./Middlewares/Third_Party/FreeRTOS/Source/timers.o
 .rodata.xTimerCreateTimerTask.str1.1
                0x0000000008008b1e        0x8 ./Middlewares/Third_Party/FreeRTOS/Source/timers.o
 .rodata._svfprintf_r.str1.1
                0x0000000008008b26       0x11 c:/st/stm32cubeide_1.8.0/stm32cubeide/plugins/com.st.stm32cube.ide.mcu.externaltools.gnu-tools-for-stm32.9-2020-q2-update.win32_2.0.0.202105311346/tools/bin/../lib/gcc/arm-none-eabi/9.3.1/../../../../arm-none-eabi/lib/thumb/v7e-m+fp/hard\libc_nano.a(lib_a-nano-svfprintf.o)
 .rodata._printf_i.str1.1
                0x0000000008008b37       0x22 c:/st/stm32cubeide_1.8.0/stm32cubeide/plugins/com.st.stm32cube.ide.mcu.externaltools.gnu-tools-for-stm32.9-2020-q2-update.win32_2.0.0.202105311346/tools/bin/../lib/gcc/arm-none-eabi/9.3.1/../../../../arm-none-eabi/lib/thumb/v7e-m+fp/hard\libc_nano.a(lib_a-nano-vfprintf_i.o)
                0x0000000008008b5c                . = ALIGN (0x4)
 *fill*         0x0000000008008b59        0x3 

.ARM.extab      0x0000000008008b5c        0x0
                0x0000000008008b5c                . = ALIGN (0x4)
 *(.ARM.extab* .gnu.linkonce.armextab.*)
                0x0000000008008b5c                . = ALIGN (0x4)

.ARM            0x0000000008008b5c        0x8
                0x0000000008008b5c                . = ALIGN (0x4)
                0x0000000008008b5c                __exidx_start = .
 *(.ARM.exidx*)
 .ARM.exidx     0x0000000008008b5c        0x8 c:/st/stm32cubeide_1.8.0/stm32cubeide/plugins/com.st.stm32cube.ide.mcu.externaltools.gnu-tools-for-stm32.9-2020-q2-update.win32_2.0.0.202105311346/tools/bin/../lib/gcc/arm-none-eabi/9.3.1/thumb/v7e-m+fp/hard\libgcc.a(_udivmoddi4.o)
                0x0000000008008b64                __exidx_end = .
                0x0000000008008b64                . = ALIGN (0x4)

.rel.dyn        0x0000000008008b64        0x0
 .rel.iplt      0x0000000008008b64        0x0 c:/st/stm32cubeide_1.8.0/stm32cubeide/plugins/com.st.stm32cube.ide.mcu.externaltools.gnu-tools-for-stm32.9-2020-q2-update.win32_2.0.0.202105311346/tools/bin/../lib/gcc/arm-none-eabi/9.3.1/thumb/v7e-m+fp/hard/crtbegin.o

.preinit_array  0x0000000008008b64        0x0
                0x0000000008008b64                . = ALIGN (0x4)
                0x0000000008008b64                PROVIDE (__preinit_array_start = .)
 *(.preinit_array*)
                0x0000000008008b64                PROVIDE (__preinit_array_end = .)
                0x0000000008008b64                . = ALIGN (0x4)

.init_array     0x0000000008008b64        0x4
                0x0000000008008b64                . = ALIGN (0x4)
                0x0000000008008b64                PROVIDE (__init_array_start = .)
 *(SORT_BY_NAME(.init_array.*))
 *(.init_array*)
 .init_array    0x0000000008008b64        0x4 c:/st/stm32cubeide_1.8.0/stm32cubeide/plugins/com.st.stm32cube.ide.mcu.externaltools.gnu-tools-for-stm32.9-2020-q2-update.win32_2.0.0.202105311346/tools/bin/../lib/gcc/arm-none-eabi/9.3.1/thumb/v7e-m+fp/hard/crtbegin.o
                0x0000000008008b68                PROVIDE (__init_array_end = .)
                0x0000000008008b68                . = ALIGN (0x4)

.fini_array     0x0000000008008b68        0x4
                0x0000000008008b68                . = ALIGN (0x4)
                [!provide]                        PROVIDE (__fini_array_start = .)
 *(SORT_BY_NAME(.fini_array.*))
 *(.fini_array*)
 .fini_array    0x0000000008008b68        0x4 c:/st/stm32cubeide_1.8.0/stm32cubeide/plugins/com.st.stm32cube.ide.mcu.externaltools.gnu-tools-for-stm32.9-2020-q2-update.win32_2.0.0.202105311346/tools/bin/../lib/gcc/arm-none-eabi/9.3.1/thumb/v7e-m+fp/hard/crtbegin.o
                [!provide]                        PROVIDE (__fini_array_end = .)
                0x0000000008008b6c                . = ALIGN (0x4)
                0x0000000008008b6c                _sidata = LOADADDR (.data)

.data           0x0000000020000000       0xa4 load address 0x0000000008008b6c
                0x0000000020000000                . = ALIGN (0x4)
                0x0000000020000000                _sdata = .
 *(.data)
 *(.data*)
 .data.left_ratio
                0x0000000020000000        0x8 ./Core/Src/main.o
                0x0000000020000000                left_ratio
 .data.max_pwm_dif
                0x0000000020000008        0x8 ./Core/Src/main.o
                0x0000000020000008                max_pwm_dif
 .data.min_pwm_ratio
                0x0000000020000010        0x8 ./Core/Src/main.o
                0x0000000020000010                min_pwm_ratio
 .data.min_pwm_turn
                0x0000000020000018        0x8 ./Core/Src/main.o
                0x0000000020000018                min_pwm_turn
 .data.pwmVal   0x0000000020000020        0x2 ./Core/Src/main.o
                0x0000000020000020                pwmVal
 .data.pwmVal_Turn
                0x0000000020000022        0x2 ./Core/Src/main.o
                0x0000000020000022                pwmVal_Turn
 *fill*         0x0000000020000024        0x4 
 .data.right_ratio
                0x0000000020000028        0x8 ./Core/Src/main.o
                0x0000000020000028                right_ratio
 .data.SystemCoreClock
                0x0000000020000030        0x4 ./Core/Src/system_stm32f4xx.o
                0x0000000020000030                SystemCoreClock
 .data.uwTickFreq
                0x0000000020000034        0x1 ./Drivers/STM32F4xx_HAL_Driver/Src/stm32f4xx_hal.o
                0x0000000020000034                uwTickFreq
 *fill*         0x0000000020000035        0x3 
 .data.uwTickPrio
                0x0000000020000038        0x4 ./Drivers/STM32F4xx_HAL_Driver/Src/stm32f4xx_hal.o
                0x0000000020000038                uwTickPrio
 .data.uxCriticalNesting
                0x000000002000003c        0x4 ./Middlewares/Third_Party/FreeRTOS/Source/portable/GCC/ARM_CM4F/port.o
 .data._impure_ptr
                0x0000000020000040        0x4 c:/st/stm32cubeide_1.8.0/stm32cubeide/plugins/com.st.stm32cube.ide.mcu.externaltools.gnu-tools-for-stm32.9-2020-q2-update.win32_2.0.0.202105311346/tools/bin/../lib/gcc/arm-none-eabi/9.3.1/../../../../arm-none-eabi/lib/thumb/v7e-m+fp/hard\libc_nano.a(lib_a-impure.o)
                0x0000000020000040                _impure_ptr
 .data.impure_data
                0x0000000020000044       0x60 c:/st/stm32cubeide_1.8.0/stm32cubeide/plugins/com.st.stm32cube.ide.mcu.externaltools.gnu-tools-for-stm32.9-2020-q2-update.win32_2.0.0.202105311346/tools/bin/../lib/gcc/arm-none-eabi/9.3.1/../../../../arm-none-eabi/lib/thumb/v7e-m+fp/hard\libc_nano.a(lib_a-impure.o)
 *(.RamFunc)
 *(.RamFunc*)
                0x00000000200000a4                . = ALIGN (0x4)
                0x00000000200000a4                _edata = .
                0x0000000008008c10                _siccmram = LOADADDR (.ccmram)

.igot.plt       0x00000000200000a4        0x0 load address 0x0000000008008c10
 .igot.plt      0x00000000200000a4        0x0 c:/st/stm32cubeide_1.8.0/stm32cubeide/plugins/com.st.stm32cube.ide.mcu.externaltools.gnu-tools-for-stm32.9-2020-q2-update.win32_2.0.0.202105311346/tools/bin/../lib/gcc/arm-none-eabi/9.3.1/thumb/v7e-m+fp/hard/crtbegin.o

.ccmram         0x0000000010000000        0x0 load address 0x0000000008008c10
                0x0000000010000000                . = ALIGN (0x4)
                0x0000000010000000                _sccmram = .
 *(.ccmram)
 *(.ccmram*)
                0x0000000010000000                . = ALIGN (0x4)
                0x0000000010000000                _eccmram = .
                0x0000000010000000                . = ALIGN (0x4)

.bss            0x00000000200000a8     0x51f4
                0x00000000200000a8                _sbss = .
                0x00000000200000a8                __bss_start__ = _sbss
 *(.bss)
 .bss           0x00000000200000a8       0x1c c:/st/stm32cubeide_1.8.0/stm32cubeide/plugins/com.st.stm32cube.ide.mcu.externaltools.gnu-tools-for-stm32.9-2020-q2-update.win32_2.0.0.202105311346/tools/bin/../lib/gcc/arm-none-eabi/9.3.1/thumb/v7e-m+fp/hard/crtbegin.o
 *(.bss*)
 .bss.gyro_offset
                0x00000000200000c4        0x6 ./Core/Src/IMU.o
                0x00000000200000c4                gyro_offset
 *fill*         0x00000000200000ca        0x2 
 .bss.gyro_offset_f
                0x00000000200000cc        0x4 ./Core/Src/IMU.o
                0x00000000200000cc                gyro_offset_f
 .bss.prevTick  0x00000000200000d0        0x4 ./Core/Src/IMU.o
                0x00000000200000d0                prevTick
 .bss.Difference
                0x00000000200000d4        0x4 ./Core/Src/main.o
                0x00000000200000d4                Difference
 .bss.Distance  0x00000000200000d8        0x4 ./Core/Src/main.o
                0x00000000200000d8                Distance
 .bss.IC_Val1   0x00000000200000dc        0x4 ./Core/Src/main.o
                0x00000000200000dc                IC_Val1
 .bss.IC_Val2   0x00000000200000e0        0x4 ./Core/Src/main.o
                0x00000000200000e0                IC_Val2
 .bss.Is_First_Captured
                0x00000000200000e4        0x1 ./Core/Src/main.o
                0x00000000200000e4                Is_First_Captured
 *fill*         0x00000000200000e5        0x3 
 .bss.current_angle
                0x00000000200000e8        0x8 ./Core/Src/main.o
                0x00000000200000e8                current_angle
 .bss.current_gyro
                0x00000000200000f0        0x8 ./Core/Src/main.o
                0x00000000200000f0                current_gyro
 .bss.encoder_position
                0x00000000200000f8        0x4 ./Core/Src/main.o
                0x00000000200000f8                encoder_position
 .bss.is_calibrated
                0x00000000200000fc        0x1 ./Core/Src/main.o
                0x00000000200000fc                is_calibrated
 *fill*         0x00000000200000fd        0x3 
 .bss.t_heading
                0x0000000020000100        0x4 ./Core/Src/main.o
                0x0000000020000100                t_heading
 *fill*         0x0000000020000104        0x4 
 .bss.travel_dist
                0x0000000020000108        0x8 ./Core/Src/main.o
                0x0000000020000108                travel_dist
 .bss.__sbrk_heap_end
                0x0000000020000110        0x4 ./Core/Src/sysmem.o
 .bss.Idle_Stack.10355
                0x0000000020000114      0x200 ./Middlewares/Third_Party/FreeRTOS/Source/CMSIS_RTOS_V2/cmsis_os2.o
 .bss.Idle_TCB.10354
                0x0000000020000314       0x5c ./Middlewares/Third_Party/FreeRTOS/Source/CMSIS_RTOS_V2/cmsis_os2.o
 .bss.KernelState
                0x0000000020000370        0x4 ./Middlewares/Third_Party/FreeRTOS/Source/CMSIS_RTOS_V2/cmsis_os2.o
 .bss.Timer_Stack.10362
                0x0000000020000374      0x400 ./Middlewares/Third_Party/FreeRTOS/Source/CMSIS_RTOS_V2/cmsis_os2.o
 .bss.Timer_TCB.10361
                0x0000000020000774       0x5c ./Middlewares/Third_Party/FreeRTOS/Source/CMSIS_RTOS_V2/cmsis_os2.o
 .bss.pxCurrentTCB
                0x00000000200007d0        0x4 ./Middlewares/Third_Party/FreeRTOS/Source/tasks.o
                0x00000000200007d0                pxCurrentTCB
 .bss.pxDelayedTaskList
                0x00000000200007d4        0x4 ./Middlewares/Third_Party/FreeRTOS/Source/tasks.o
 .bss.pxOverflowDelayedTaskList
                0x00000000200007d8        0x4 ./Middlewares/Third_Party/FreeRTOS/Source/tasks.o
 .bss.pxReadyTasksLists
                0x00000000200007dc      0x460 ./Middlewares/Third_Party/FreeRTOS/Source/tasks.o
 .bss.uxCurrentNumberOfTasks
                0x0000000020000c3c        0x4 ./Middlewares/Third_Party/FreeRTOS/Source/tasks.o
 .bss.uxDeletedTasksWaitingCleanUp
                0x0000000020000c40        0x4 ./Middlewares/Third_Party/FreeRTOS/Source/tasks.o
 .bss.uxSchedulerSuspended
                0x0000000020000c44        0x4 ./Middlewares/Third_Party/FreeRTOS/Source/tasks.o
 .bss.uxTaskNumber
                0x0000000020000c48        0x4 ./Middlewares/Third_Party/FreeRTOS/Source/tasks.o
 .bss.uxTopReadyPriority
                0x0000000020000c4c        0x4 ./Middlewares/Third_Party/FreeRTOS/Source/tasks.o
 .bss.xDelayedTaskList1
                0x0000000020000c50       0x14 ./Middlewares/Third_Party/FreeRTOS/Source/tasks.o
 .bss.xDelayedTaskList2
                0x0000000020000c64       0x14 ./Middlewares/Third_Party/FreeRTOS/Source/tasks.o
 .bss.xNextTaskUnblockTime
                0x0000000020000c78        0x4 ./Middlewares/Third_Party/FreeRTOS/Source/tasks.o
 .bss.xNumOfOverflows
                0x0000000020000c7c        0x4 ./Middlewares/Third_Party/FreeRTOS/Source/tasks.o
 .bss.xPendedTicks
                0x0000000020000c80        0x4 ./Middlewares/Third_Party/FreeRTOS/Source/tasks.o
 .bss.xPendingReadyList
                0x0000000020000c84       0x14 ./Middlewares/Third_Party/FreeRTOS/Source/tasks.o
 .bss.xSchedulerRunning
                0x0000000020000c98        0x4 ./Middlewares/Third_Party/FreeRTOS/Source/tasks.o
 .bss.xSuspendedTaskList
                0x0000000020000c9c       0x14 ./Middlewares/Third_Party/FreeRTOS/Source/tasks.o
 .bss.xTasksWaitingTermination
                0x0000000020000cb0       0x14 ./Middlewares/Third_Party/FreeRTOS/Source/tasks.o
 .bss.xTickCount
                0x0000000020000cc4        0x4 ./Middlewares/Third_Party/FreeRTOS/Source/tasks.o
 .bss.xYieldPending
                0x0000000020000cc8        0x4 ./Middlewares/Third_Party/FreeRTOS/Source/tasks.o
 .bss.pxCurrentTimerList
                0x0000000020000ccc        0x4 ./Middlewares/Third_Party/FreeRTOS/Source/timers.o
 .bss.pxOverflowTimerList
                0x0000000020000cd0        0x4 ./Middlewares/Third_Party/FreeRTOS/Source/timers.o
 .bss.ucStaticTimerQueueStorage.6978
                0x0000000020000cd4       0xa0 ./Middlewares/Third_Party/FreeRTOS/Source/timers.o
 .bss.xActiveTimerList1
                0x0000000020000d74       0x14 ./Middlewares/Third_Party/FreeRTOS/Source/timers.o
 .bss.xActiveTimerList2
                0x0000000020000d88       0x14 ./Middlewares/Third_Party/FreeRTOS/Source/timers.o
 .bss.xLastTime.6927
                0x0000000020000d9c        0x4 ./Middlewares/Third_Party/FreeRTOS/Source/timers.o
 .bss.xStaticTimerQueue.6977
                0x0000000020000da0       0x50 ./Middlewares/Third_Party/FreeRTOS/Source/timers.o
 .bss.xTimerQueue
                0x0000000020000df0        0x4 ./Middlewares/Third_Party/FreeRTOS/Source/timers.o
 .bss.xTimerTaskHandle
                0x0000000020000df4        0x4 ./Middlewares/Third_Party/FreeRTOS/Source/timers.o
 .bss.ucMaxSysCallPriority
                0x0000000020000df8        0x1 ./Middlewares/Third_Party/FreeRTOS/Source/portable/GCC/ARM_CM4F/port.o
 *fill*         0x0000000020000df9        0x3 
 .bss.ulMaxPRIGROUPValue
                0x0000000020000dfc        0x4 ./Middlewares/Third_Party/FreeRTOS/Source/portable/GCC/ARM_CM4F/port.o
 .bss.pxEnd     0x0000000020000e00        0x4 ./Middlewares/Third_Party/FreeRTOS/Source/portable/MemMang/heap_4.o
 .bss.ucHeap    0x0000000020000e04     0x3c00 ./Middlewares/Third_Party/FreeRTOS/Source/portable/MemMang/heap_4.o
 .bss.xBlockAllocatedBit
                0x0000000020004a04        0x4 ./Middlewares/Third_Party/FreeRTOS/Source/portable/MemMang/heap_4.o
 .bss.xFreeBytesRemaining
                0x0000000020004a08        0x4 ./Middlewares/Third_Party/FreeRTOS/Source/portable/MemMang/heap_4.o
 .bss.xMinimumEverFreeBytesRemaining
                0x0000000020004a0c        0x4 ./Middlewares/Third_Party/FreeRTOS/Source/portable/MemMang/heap_4.o
 .bss.xNumberOfSuccessfulAllocations
                0x0000000020004a10        0x4 ./Middlewares/Third_Party/FreeRTOS/Source/portable/MemMang/heap_4.o
 .bss.xNumberOfSuccessfulFrees
                0x0000000020004a14        0x4 ./Middlewares/Third_Party/FreeRTOS/Source/portable/MemMang/heap_4.o
 .bss.xStart    0x0000000020004a18        0x8 ./Middlewares/Third_Party/FreeRTOS/Source/portable/MemMang/heap_4.o
 .bss.__malloc_free_list
                0x0000000020004a20        0x4 c:/st/stm32cubeide_1.8.0/stm32cubeide/plugins/com.st.stm32cube.ide.mcu.externaltools.gnu-tools-for-stm32.9-2020-q2-update.win32_2.0.0.202105311346/tools/bin/../lib/gcc/arm-none-eabi/9.3.1/../../../../arm-none-eabi/lib/thumb/v7e-m+fp/hard\libc_nano.a(lib_a-nano-mallocr.o)
                0x0000000020004a20                __malloc_free_list
 .bss.__malloc_sbrk_start
                0x0000000020004a24        0x4 c:/st/stm32cubeide_1.8.0/stm32cubeide/plugins/com.st.stm32cube.ide.mcu.externaltools.gnu-tools-for-stm32.9-2020-q2-update.win32_2.0.0.202105311346/tools/bin/../lib/gcc/arm-none-eabi/9.3.1/../../../../arm-none-eabi/lib/thumb/v7e-m+fp/hard\libc_nano.a(lib_a-nano-mallocr.o)
                0x0000000020004a24                __malloc_sbrk_start
 *(COMMON)
 COMMON         0x0000000020004a28       0x1d ./Core/Src/IMU.o
                0x0000000020004a28                val
                0x0000000020004a2c                gyroNegOld
                0x0000000020004a38                gyroPosOld
                0x0000000020004a44                ret
 *fill*         0x0000000020004a45        0x3 
 COMMON         0x0000000020004a48      0x400 ./Core/Src/main.o
                0x0000000020004a48                Motor_LHandle
                0x0000000020004a4c                defaultTaskHandle
                0x0000000020004a50                htim8
                0x0000000020004a98                htim4
                0x0000000020004ae0                imu
                0x0000000020004b04                hdma_usart3_rx
                0x0000000020004b64                huart3
                0x0000000020004ba8                hi2c1
                0x0000000020004bfc                htim3
                0x0000000020004c48                PID_out
                0x0000000020004c50                Turning_PID
                0x0000000020004cc0                Straight_PID
                0x0000000020004d30                GyroTaskHandle
                0x0000000020004d34                htim1
                0x0000000020004d80                StraightErr_PID
                0x0000000020004df0                UltrasonicHandle
                0x0000000020004df4                DisplayTaskHandle
                0x0000000020004df8                Buffer
                0x0000000020004e00                htim2
 COMMON         0x0000000020004e48      0x400 ./Core/Src/oled_SC2104.o
                0x0000000020004e48                OLED_GRAM
 COMMON         0x0000000020005248        0x4 ./Drivers/STM32F4xx_HAL_Driver/Src/stm32f4xx_hal.o
                0x0000000020005248                uwTick
 COMMON         0x000000002000524c       0x40 ./Middlewares/Third_Party/FreeRTOS/Source/queue.o
                0x000000002000524c                xQueueRegistry
 COMMON         0x000000002000528c        0x4 c:/st/stm32cubeide_1.8.0/stm32cubeide/plugins/com.st.stm32cube.ide.mcu.externaltools.gnu-tools-for-stm32.9-2020-q2-update.win32_2.0.0.202105311346/tools/bin/../lib/gcc/arm-none-eabi/9.3.1/../../../../arm-none-eabi/lib/thumb/v7e-m+fp/hard\libc_nano.a(lib_a-reent.o)
                0x000000002000528c                errno
 COMMON         0x0000000020005290        0x9 c:/st/stm32cubeide_1.8.0/stm32cubeide/plugins/com.st.stm32cube.ide.mcu.externaltools.gnu-tools-for-stm32.9-2020-q2-update.win32_2.0.0.202105311346/tools/bin/../lib/gcc/arm-none-eabi/9.3.1/../../../../arm-none-eabi/lib/thumb/v7e-m+fp/hard\libc_nano.a(lib_a-lock.o)
                0x0000000020005290                __lock___atexit_recursive_mutex
                0x0000000020005291                __lock___arc4random_mutex
                0x0000000020005292                __lock___env_recursive_mutex
                0x0000000020005293                __lock___sinit_recursive_mutex
                0x0000000020005294                __lock___malloc_recursive_mutex
                0x0000000020005295                __lock___at_quick_exit_mutex
                0x0000000020005296                __lock___dd_hash_mutex
                0x0000000020005297                __lock___tz_mutex
                0x0000000020005298                __lock___sfp_recursive_mutex
                0x000000002000529c                . = ALIGN (0x4)
 *fill*         0x0000000020005299        0x3 
                0x000000002000529c                _ebss = .
                0x000000002000529c                __bss_end__ = _ebss

._user_heap_stack
                0x000000002000529c      0x604
                0x00000000200052a0                . = ALIGN (0x8)
 *fill*         0x000000002000529c        0x4 
                [!provide]                        PROVIDE (end = .)
                0x00000000200052a0                PROVIDE (_end = .)
                0x00000000200054a0                . = (. + _Min_Heap_Size)
 *fill*         0x00000000200052a0      0x200 
                0x00000000200058a0                . = (. + _Min_Stack_Size)
 *fill*         0x00000000200054a0      0x400 
                0x00000000200058a0                . = ALIGN (0x8)

/DISCARD/
 libc.a(*)
 libm.a(*)
 libgcc.a(*)

.ARM.attributes
                0x0000000000000000       0x30
 *(.ARM.attributes)
 .ARM.attributes
                0x0000000000000000       0x1e c:/st/stm32cubeide_1.8.0/stm32cubeide/plugins/com.st.stm32cube.ide.mcu.externaltools.gnu-tools-for-stm32.9-2020-q2-update.win32_2.0.0.202105311346/tools/bin/../lib/gcc/arm-none-eabi/9.3.1/thumb/v7e-m+fp/hard/crti.o
 .ARM.attributes
                0x000000000000001e       0x34 c:/st/stm32cubeide_1.8.0/stm32cubeide/plugins/com.st.stm32cube.ide.mcu.externaltools.gnu-tools-for-stm32.9-2020-q2-update.win32_2.0.0.202105311346/tools/bin/../lib/gcc/arm-none-eabi/9.3.1/thumb/v7e-m+fp/hard/crtbegin.o
 .ARM.attributes
                0x0000000000000052       0x34 ./Core/Src/IMU.o
 .ARM.attributes
                0x0000000000000086       0x34 ./Core/Src/main.o
 .ARM.attributes
                0x00000000000000ba       0x34 ./Core/Src/oled_SC2104.o
 .ARM.attributes
                0x00000000000000ee       0x34 ./Core/Src/pid.o
 .ARM.attributes
                0x0000000000000122       0x34 ./Core/Src/stm32f4xx_hal_msp.o
 .ARM.attributes
                0x0000000000000156       0x34 ./Core/Src/stm32f4xx_it.o
 .ARM.attributes
                0x000000000000018a       0x34 ./Core/Src/sysmem.o
 .ARM.attributes
                0x00000000000001be       0x34 ./Core/Src/system_stm32f4xx.o
 .ARM.attributes
                0x00000000000001f2       0x21 ./Core/Startup/startup_stm32f407vetx.o
 .ARM.attributes
                0x0000000000000213       0x34 ./Drivers/STM32F4xx_HAL_Driver/Src/stm32f4xx_hal.o
 .ARM.attributes
                0x0000000000000247       0x34 ./Drivers/STM32F4xx_HAL_Driver/Src/stm32f4xx_hal_cortex.o
 .ARM.attributes
                0x000000000000027b       0x34 ./Drivers/STM32F4xx_HAL_Driver/Src/stm32f4xx_hal_dma.o
 .ARM.attributes
                0x00000000000002af       0x34 ./Drivers/STM32F4xx_HAL_Driver/Src/stm32f4xx_hal_gpio.o
 .ARM.attributes
                0x00000000000002e3       0x34 ./Drivers/STM32F4xx_HAL_Driver/Src/stm32f4xx_hal_i2c.o
 .ARM.attributes
                0x0000000000000317       0x34 ./Drivers/STM32F4xx_HAL_Driver/Src/stm32f4xx_hal_pwr.o
 .ARM.attributes
                0x000000000000034b       0x34 ./Drivers/STM32F4xx_HAL_Driver/Src/stm32f4xx_hal_rcc.o
 .ARM.attributes
                0x000000000000037f       0x34 ./Drivers/STM32F4xx_HAL_Driver/Src/stm32f4xx_hal_tim.o
 .ARM.attributes
                0x00000000000003b3       0x34 ./Drivers/STM32F4xx_HAL_Driver/Src/stm32f4xx_hal_tim_ex.o
 .ARM.attributes
                0x00000000000003e7       0x34 ./Drivers/STM32F4xx_HAL_Driver/Src/stm32f4xx_hal_uart.o
 .ARM.attributes
                0x000000000000041b       0x34 ./Middlewares/Third_Party/FreeRTOS/Source/CMSIS_RTOS_V2/cmsis_os2.o
 .ARM.attributes
                0x000000000000044f       0x34 ./Middlewares/Third_Party/FreeRTOS/Source/list.o
 .ARM.attributes
                0x0000000000000483       0x34 ./Middlewares/Third_Party/FreeRTOS/Source/queue.o
 .ARM.attributes
                0x00000000000004b7       0x34 ./Middlewares/Third_Party/FreeRTOS/Source/tasks.o
 .ARM.attributes
                0x00000000000004eb       0x34 ./Middlewares/Third_Party/FreeRTOS/Source/timers.o
 .ARM.attributes
                0x000000000000051f       0x34 ./Middlewares/Third_Party/FreeRTOS/Source/portable/GCC/ARM_CM4F/port.o
 .ARM.attributes
                0x0000000000000553       0x34 ./Middlewares/Third_Party/FreeRTOS/Source/portable/MemMang/heap_4.o
 .ARM.attributes
                0x0000000000000587       0x34 c:/st/stm32cubeide_1.8.0/stm32cubeide/plugins/com.st.stm32cube.ide.mcu.externaltools.gnu-tools-for-stm32.9-2020-q2-update.win32_2.0.0.202105311346/tools/bin/../lib/gcc/arm-none-eabi/9.3.1/../../../../arm-none-eabi/lib/thumb/v7e-m+fp/hard\libc_nano.a(lib_a-errno.o)
 .ARM.attributes
                0x00000000000005bb       0x32 c:/st/stm32cubeide_1.8.0/stm32cubeide/plugins/com.st.stm32cube.ide.mcu.externaltools.gnu-tools-for-stm32.9-2020-q2-update.win32_2.0.0.202105311346/tools/bin/../lib/gcc/arm-none-eabi/9.3.1/../../../../arm-none-eabi/lib/thumb/v7e-m+fp/hard\libc_nano.a(lib_a-impure.o)
 .ARM.attributes
                0x00000000000005ed       0x34 c:/st/stm32cubeide_1.8.0/stm32cubeide/plugins/com.st.stm32cube.ide.mcu.externaltools.gnu-tools-for-stm32.9-2020-q2-update.win32_2.0.0.202105311346/tools/bin/../lib/gcc/arm-none-eabi/9.3.1/../../../../arm-none-eabi/lib/thumb/v7e-m+fp/hard\libc_nano.a(lib_a-init.o)
 .ARM.attributes
                0x0000000000000621       0x34 c:/st/stm32cubeide_1.8.0/stm32cubeide/plugins/com.st.stm32cube.ide.mcu.externaltools.gnu-tools-for-stm32.9-2020-q2-update.win32_2.0.0.202105311346/tools/bin/../lib/gcc/arm-none-eabi/9.3.1/../../../../arm-none-eabi/lib/thumb/v7e-m+fp/hard\libc_nano.a(lib_a-memcpy-stub.o)
 .ARM.attributes
                0x0000000000000655       0x34 c:/st/stm32cubeide_1.8.0/stm32cubeide/plugins/com.st.stm32cube.ide.mcu.externaltools.gnu-tools-for-stm32.9-2020-q2-update.win32_2.0.0.202105311346/tools/bin/../lib/gcc/arm-none-eabi/9.3.1/../../../../arm-none-eabi/lib/thumb/v7e-m+fp/hard\libc_nano.a(lib_a-memset.o)
 .ARM.attributes
                0x0000000000000689       0x34 c:/st/stm32cubeide_1.8.0/stm32cubeide/plugins/com.st.stm32cube.ide.mcu.externaltools.gnu-tools-for-stm32.9-2020-q2-update.win32_2.0.0.202105311346/tools/bin/../lib/gcc/arm-none-eabi/9.3.1/../../../../arm-none-eabi/lib/thumb/v7e-m+fp/hard\libc_nano.a(lib_a-sprintf.o)
 .ARM.attributes
                0x00000000000006bd       0x34 c:/st/stm32cubeide_1.8.0/stm32cubeide/plugins/com.st.stm32cube.ide.mcu.externaltools.gnu-tools-for-stm32.9-2020-q2-update.win32_2.0.0.202105311346/tools/bin/../lib/gcc/arm-none-eabi/9.3.1/../../../../arm-none-eabi/lib/thumb/v7e-m+fp/hard\libc_nano.a(lib_a-strcpy.o)
 .ARM.attributes