Archive member included to satisfy reference by file (symbol)

C:/ST/STM32CubeIDE_1.14.1/STM32CubeIDE/plugins/com.st.stm32cube.ide.mcu.externaltools.gnu-tools-for-stm32.11.3.rel1.win32_1.1.100.202309141235/tools/bin/../lib/gcc/arm-none-eabi/11.3.1/../../../../arm-none-eabi/lib/thumb/v7e-m+fp/hard\libc_nano.a(libc_a-exit.o)
                              C:/ST/STM32CubeIDE_1.14.1/STM32CubeIDE/plugins/com.st.stm32cube.ide.mcu.externaltools.gnu-tools-for-stm32.11.3.rel1.win32_1.1.100.202309141235/tools/bin/../lib/gcc/arm-none-eabi/11.3.1/../../../../arm-none-eabi/lib/thumb/v7e-m+fp/hard/crt0.o (exit)
C:/ST/STM32CubeIDE_1.14.1/STM32CubeIDE/plugins/com.st.stm32cube.ide.mcu.externaltools.gnu-tools-for-stm32.11.3.rel1.win32_1.1.100.202309141235/tools/bin/../lib/gcc/arm-none-eabi/11.3.1/../../../../arm-none-eabi/lib/thumb/v7e-m+fp/hard\libc_nano.a(libc_a-findfp.o)
                              C:/ST/STM32CubeIDE_1.14.1/STM32CubeIDE/plugins/com.st.stm32cube.ide.mcu.externaltools.gnu-tools-for-stm32.11.3.rel1.win32_1.1.100.202309141235/tools/bin/../lib/gcc/arm-none-eabi/11.3.1/../../../../arm-none-eabi/lib/thumb/v7e-m+fp/hard\libc_nano.a(libc_a-exit.o) (__stdio_exit_handler)
C:/ST/STM32CubeIDE_1.14.1/STM32CubeIDE/plugins/com.st.stm32cube.ide.mcu.externaltools.gnu-tools-for-stm32.11.3.rel1.win32_1.1.100.202309141235/tools/bin/../lib/gcc/arm-none-eabi/11.3.1/../../../../arm-none-eabi/lib/thumb/v7e-m+fp/hard\libc_nano.a(libc_a-fwalk.o)
                              C:/ST/STM32CubeIDE_1.14.1/STM32CubeIDE/plugins/com.st.stm32cube.ide.mcu.externaltools.gnu-tools-for-stm32.11.3.rel1.win32_1.1.100.202309141235/tools/bin/../lib/gcc/arm-none-eabi/11.3.1/../../../../arm-none-eabi/lib/thumb/v7e-m+fp/hard\libc_nano.a(libc_a-findfp.o) (_fwalk_sglue)
C:/ST/STM32CubeIDE_1.14.1/STM32CubeIDE/plugins/com.st.stm32cube.ide.mcu.externaltools.gnu-tools-for-stm32.11.3.rel1.win32_1.1.100.202309141235/tools/bin/../lib/gcc/arm-none-eabi/11.3.1/../../../../arm-none-eabi/lib/thumb/v7e-m+fp/hard\libc_nano.a(libc_a-sprintf.o)
                              ./Core/Src/IMU.o (sprintf)
C:/ST/STM32CubeIDE_1.14.1/STM32CubeIDE/plugins/com.st.stm32cube.ide.mcu.externaltools.gnu-tools-for-stm32.11.3.rel1.win32_1.1.100.202309141235/tools/bin/../lib/gcc/arm-none-eabi/11.3.1/../../../../arm-none-eabi/lib/thumb/v7e-m+fp/hard\libc_nano.a(libc_a-stdio.o)
                              C:/ST/STM32CubeIDE_1.14.1/STM32CubeIDE/plugins/com.st.stm32cube.ide.mcu.externaltools.gnu-tools-for-stm32.11.3.rel1.win32_1.1.100.202309141235/tools/bin/../lib/gcc/arm-none-eabi/11.3.1/../../../../arm-none-eabi/lib/thumb/v7e-m+fp/hard\libc_nano.a(libc_a-findfp.o) (__sread)
C:/ST/STM32CubeIDE_1.14.1/STM32CubeIDE/plugins/com.st.stm32cube.ide.mcu.externaltools.gnu-tools-for-stm32.11.3.rel1.win32_1.1.100.202309141235/tools/bin/../lib/gcc/arm-none-eabi/11.3.1/../../../../arm-none-eabi/lib/thumb/v7e-m+fp/hard\libc_nano.a(libc_a-memset.o)
                              C:/ST/STM32CubeIDE_1.14.1/STM32CubeIDE/plugins/com.st.stm32cube.ide.mcu.externaltools.gnu-tools-for-stm32.11.3.rel1.win32_1.1.100.202309141235/tools/bin/../lib/gcc/arm-none-eabi/11.3.1/../../../../arm-none-eabi/lib/thumb/v7e-m+fp/hard/crt0.o (memset)
C:/ST/STM32CubeIDE_1.14.1/STM32CubeIDE/plugins/com.st.stm32cube.ide.mcu.externaltools.gnu-tools-for-stm32.11.3.rel1.win32_1.1.100.202309141235/tools/bin/../lib/gcc/arm-none-eabi/11.3.1/../../../../arm-none-eabi/lib/thumb/v7e-m+fp/hard\libc_nano.a(libc_a-closer.o)
                              C:/ST/STM32CubeIDE_1.14.1/STM32CubeIDE/plugins/com.st.stm32cube.ide.mcu.externaltools.gnu-tools-for-stm32.11.3.rel1.win32_1.1.100.202309141235/tools/bin/../lib/gcc/arm-none-eabi/11.3.1/../../../../arm-none-eabi/lib/thumb/v7e-m+fp/hard\libc_nano.a(libc_a-stdio.o) (_close_r)
C:/ST/STM32CubeIDE_1.14.1/STM32CubeIDE/plugins/com.st.stm32cube.ide.mcu.externaltools.gnu-tools-for-stm32.11.3.rel1.win32_1.1.100.202309141235/tools/bin/../lib/gcc/arm-none-eabi/11.3.1/../../../../arm-none-eabi/lib/thumb/v7e-m+fp/hard\libc_nano.a(libc_a-reent.o)
                              C:/ST/STM32CubeIDE_1.14.1/STM32CubeIDE/plugins/com.st.stm32cube.ide.mcu.externaltools.gnu-tools-for-stm32.11.3.rel1.win32_1.1.100.202309141235/tools/bin/../lib/gcc/arm-none-eabi/11.3.1/../../../../arm-none-eabi/lib/thumb/v7e-m+fp/hard\libc_nano.a(libc_a-closer.o) (errno)
C:/ST/STM32CubeIDE_1.14.1/STM32CubeIDE/plugins/com.st.stm32cube.ide.mcu.externaltools.gnu-tools-for-stm32.11.3.rel1.win32_1.1.100.202309141235/tools/bin/../lib/gcc/arm-none-eabi/11.3.1/../../../../arm-none-eabi/lib/thumb/v7e-m+fp/hard\libc_nano.a(libc_a-impure.o)
                              C:/ST/STM32CubeIDE_1.14.1/STM32CubeIDE/plugins/com.st.stm32cube.ide.mcu.externaltools.gnu-tools-for-stm32.11.3.rel1.win32_1.1.100.202309141235/tools/bin/../lib/gcc/arm-none-eabi/11.3.1/../../../../arm-none-eabi/lib/thumb/v7e-m+fp/hard\libc_nano.a(libc_a-sprintf.o) (_impure_ptr)
[...]
Memory Configuration

Name             Origin             Length             Attributes
CCMRAM           0x0000000010000000 0x0000000000010000 xrw
RAM              0x0000000020000000 0x0000000000020000 xrw
FLASH            0x0000000008000000 0x0000000000080000 xr
*default*        0x0000000000000000 0xffffffffffffffff

Linker script and memory map

LOAD C:/ST/STM32CubeIDE_1.14.1/STM32CubeIDE/plugins/com.st.stm32cube.ide.mcu.externaltools.gnu-tools-for-stm32.11.3.rel1.win32_1.1.100.202309141235/tools/bin/../lib/gcc/arm-none-eabi/11.3.1/thumb/v7e-m+fp/hard/crti.o
LOAD C:/ST/STM32CubeIDE_1.14.1/STM32CubeIDE/plugins/com.st.stm32cube.ide.mcu.externaltools.gnu-tools-for-stm32.11.3.rel1.win32_1.1.100.202309141235/tools/bin/../lib/gcc/arm-none-eabi/11.3.1/thumb/v7e-m+fp/hard/crtbegin.o
LOAD C:/ST/STM32CubeIDE_1.14.1/STM32CubeIDE/plugins/com.st.stm32cube.ide.mcu.externaltools.gnu-tools-for-stm32.11.3.rel1.win32_1.1.100.202309141235/tools/bin/../lib/gcc/arm-none-eabi/11.3.1/../../../../arm-none-eabi/lib/thumb/v7e-m+fp/hard/crt0.o
LOAD ./Core/Src/IMU.o
LOAD ./Core/Src/freertos.o
LOAD ./Core/Src/main.o
LOAD ./Core/Src/oled_SC2104.o
LOAD ./Core/Src/pid.o
LOAD ./Core/Src/stm32f4xx_hal_msp.o
LOAD ./Core/Src/stm32f4xx_it.o
LOAD ./Core/Src/syscalls.o
LOAD ./Core/Src/sysmem.o
LOAD ./Core/Src/system_stm32f4xx.o
LOAD ./Core/Startup/startup_stm32f407vetx.o
LOAD ./Drivers/STM32F4xx_HAL_Driver/Src/stm32f4xx_hal.o
LOAD ./Drivers/STM32F4xx_HAL_Driver/Src/stm32f4xx_hal_cortex.o
LOAD ./Drivers/STM32F4xx_HAL_Driver/Src/stm32f4xx_hal_dma.o
LOAD ./Drivers/STM32F4xx_HAL_Driver/Src/stm32f4xx_hal_dma_ex.o
LOAD ./Drivers/STM32F4xx_HAL_Driver/Src/stm32f4xx_hal_exti.o
LOAD ./Drivers/STM32F4xx_HAL_Driver/Src/stm32f4xx_hal_flash.o
LOAD ./Drivers/STM32F4xx_HAL_Driver/Src/stm32f4xx_hal_flash_ex.o
LOAD ./Drivers/STM32F4xx_HAL_Driver/Src/stm32f4xx_hal_flash_ramfunc.o
LOAD ./Drivers/STM32F4xx_HAL_Driver/Src/stm32f4xx_hal_gpio.o
LOAD ./Drivers/STM32F4xx_HAL_Driver/Src/stm32f4xx_hal_i2c.o
LOAD ./Drivers/STM32F4xx_HAL_Driver/Src/stm32f4xx_hal_i2c_ex.o
LOAD ./Drivers/STM32F4xx_HAL_Driver/Src/stm32f4xx_hal_pwr.o
LOAD ./Drivers/STM32F4xx_HAL_Driver/Src/stm32f4xx_hal_pwr_ex.o
LOAD ./Drivers/STM32F4xx_HAL_Driver/Src/stm32f4xx_hal_rcc.o
LOAD ./Drivers/STM32F4xx_HAL_Driver/Src/stm32f4xx_hal_rcc_ex.o
LOAD ./Drivers/STM32F4xx_HAL_Driver/Src/stm32f4xx_hal_tim.o
LOAD ./Drivers/STM32F4xx_HAL_Driver/Src/stm32f4xx_hal_tim_ex.o
LOAD ./Drivers/STM32F4xx_HAL_Driver/Src/stm32f4xx_hal_uart.o
LOAD ./Middlewares/Third_Party/FreeRTOS/Source/CMSIS_RTOS_V2/cmsis_os2.o
LOAD ./Middlewares/Third_Party/FreeRTOS/Source/croutine.o
LOAD ./Middlewares/Third_Party/FreeRTOS/Source/event_groups.o
LOAD ./Middlewares/Third_Party/FreeRTOS/Source/list.o
LOAD ./Middlewares/Third_Party/FreeRTOS/Source/queue.o
LOAD ./Middlewares/Third_Party/FreeRTOS/Source/stream_buffer.o
LOAD ./Middlewares/Third_Party/FreeRTOS/Source/tasks.o
LOAD ./Middlewares/Third_Party/FreeRTOS/Source/timers.o
LOAD ./Middlewares/Third_Party/FreeRTOS/Source/portable/GCC/ARM_CM4F/port.o
LOAD ./Middlewares/Third_Party/FreeRTOS/Source/portable/MemMang/heap_4.o
START GROUP
LOAD C:/ST/STM32CubeIDE_1.14.1/STM32CubeIDE/plugins/com.st.stm32cube.ide.mcu.externaltools.gnu-tools-for-stm32.11.3.rel1.win32_1.1.100.202309141235/tools/bin/../lib/gcc/arm-none-eabi/11.3.1/../../../../arm-none-eabi/lib/thumb/v7e-m+fp/hard\libc_nano.a
LOAD C:/ST/STM32CubeIDE_1.14.1/STM32CubeIDE/plugins/com.st.stm32cube.ide.mcu.externaltools.gnu-tools-for-stm32.11.3.rel1.win32_1.1.100.202309141235/tools/bin/../lib/gcc/arm-none-eabi/11.3.1/../../../../arm-none-eabi/lib/thumb/v7e-m+fp/hard\libm.a
END GROUP
START GROUP
LOAD C:/ST/STM32CubeIDE_1.14.1/STM32CubeIDE/plugins/com.st.stm32cube.ide.mcu.externaltools.gnu-tools-for-stm32.11.3.rel1.win32_1.1.100.202309141235/tools/bin/../lib/gcc/arm-none-eabi/11.3.1/thumb/v7e-m+fp/hard\libgcc.a
LOAD C:/ST/STM32CubeIDE_1.14.1/STM32CubeIDE/plugins/com.st.stm32cube.ide.mcu.externaltools.gnu-tools-for-stm32.11.3.rel1.win32_1.1.100.202309141235/tools/bin/../lib/gcc/arm-none-eabi/11.3.1/../../../../arm-none-eabi/lib/thumb/v7e-m+fp/hard\libc_nano.a
END GROUP
START GROUP
LOAD C:/ST/STM32CubeIDE_1.14.1/STM32CubeIDE/plugins/com.st.stm32cube.ide.mcu.externaltools.gnu-tools-for-stm32.11.3.rel1.win32_1.1.100.202309141235/tools/bin/../lib/gcc/arm-none-eabi/11.3.1/thumb/v7e-m+fp/hard\libgcc.a
LOAD C:/ST/STM32CubeIDE_1.14.1/STM32CubeIDE/plugins/com.st.stm32cube.ide.mcu.externaltools.gnu-tools-for-stm32.11.3.rel1.win32_1.1.100.202309141235/tools/bin/../lib/gcc/arm-none-eabi/11.3.1/../../../../arm-none-eabi/lib/thumb/v7e-m+fp/hard\libc_nano.a
LOAD C:/ST/STM32CubeIDE_1.14.1/STM32CubeIDE/plugins/com.st.stm32cube.ide.mcu.externaltools.gnu-tools-for-stm32.11.3.rel1.win32_1.1.100.202309141235/tools/bin/../lib/gcc/arm-none-eabi/11.3.1/../../../../arm-none-eabi/lib/thumb/v7e-m+fp/hard\libnosys.a
END GROUP
START GROUP
LOAD C:/ST/STM32CubeIDE_1.14.1/STM32CubeIDE/plugins/com.st.stm32cube.ide.mcu.externaltools.gnu-tools-for-stm32.11.3.rel1.win32_1.1.100.202309141235/tools/bin/../lib/gcc/arm-none-eabi/11.3.1/thumb/v7e-m+fp/hard\libgcc.a
LOAD C:/ST/STM32CubeIDE_1.14.1/STM32CubeIDE/plugins/com.st.stm32cube.ide.mcu.externaltools.gnu-tools-for-stm32.11.3.rel1.win32_1.1.100.202309141235/tools/bin/../lib/gcc/arm-none-eabi/11.3.1/../../../../arm-none-eabi/lib/thumb/v7e-m+fp/hard\libc_nano.a
LOAD C:/ST/STM32CubeIDE_1.14.1/STM32CubeIDE/plugins/com.st.stm32cube.ide.mcu.externaltools.gnu-tools-for-stm32.11.3.rel1.win32_1.1.100.202309141235/tools/bin/../lib/gcc/arm-none-eabi/11.3.1/../../../../arm-none-eabi/lib/thumb/v7e-m+fp/hard\libnosys.a
END GROUP
LOAD C:/ST/STM32CubeIDE_1.14.1/STM32CubeIDE/plugins/com.st.stm32cube.ide.mcu.externaltools.gnu-tools-for-stm32.11.3.rel1.win32_1.1.100.202309141235/tools/bin/../lib/gcc/arm-none-eabi/11.3.1/thumb/v7e-m+fp/hard/crtend.o
LOAD C:/ST/STM32CubeIDE_1.14.1/STM32CubeIDE/plugins/com.st.stm32cube.ide.mcu.externaltools.gnu-tools-for-stm32.11.3.rel1.win32_1.1.100.202309141235/tools/bin/../lib/gcc/arm-none-eabi/11.3.1/thumb/v7e-m+fp/hard/crtn.o
                0x0000000020020000                _estack = (ORIGIN (RAM) + LENGTH (RAM))
                0x0000000000000200                _Min_Heap_Size = 0x200
                0x0000000000000400                _Min_Stack_Size = 0x400

.isr_vector     0x0000000008000000      0x188
                0x0000000008000000                . = ALIGN (0x4)
 *(.isr_vector)
 .isr_vector    0x0000000008000000      0x188 ./Core/Startup/startup_stm32f407vetx.o
                0x0000000008000000                g_pfnVectors
                0x0000000008000188                . = ALIGN (0x4)

.text           0x0000000008000190     0x7fe4
                0x0000000008000190                . = ALIGN (0x4)
 *(.text)
 .text          0x0000000008000190       0x40 C:/ST/STM32CubeIDE_1.14.1/STM32CubeIDE/plugins/com.st.stm32cube.ide.mcu.externaltools.gnu-tools-for-stm32.11.3.rel1.win32_1.1.100.202309141235/tools/bin/../lib/gcc/arm-none-eabi/11.3.1/thumb/v7e-m+fp/hard/crtbegin.o
 .text          0x00000000080001d0       0x10 C:/ST/STM32CubeIDE_1.14.1/STM32CubeIDE/plugins/com.st.stm32cube.ide.mcu.externaltools.gnu-tools-for-stm32.11.3.rel1.win32_1.1.100.202309141235/tools/bin/../lib/gcc/arm-none-eabi/11.3.1/../../../../arm-none-eabi/lib/thumb/v7e-m+fp/hard\libc_nano.a(libc_a-strlen.o)
                0x00000000080001d0                strlen
 .text          0x00000000080001e0       0xa0 C:/ST/STM32CubeIDE_1.14.1/STM32CubeIDE/plugins/com.st.stm32cube.ide.mcu.externaltools.gnu-tools-for-stm32.11.3.rel1.win32_1.1.100.202309141235/tools/bin/../lib/gcc/arm-none-eabi/11.3.1/../../../../arm-none-eabi/lib/thumb/v7e-m+fp/hard\libc_nano.a(libc_a-memchr.o)
                0x00000000080001e0                memchr
 .text          0x0000000008000280      0x378 C:/ST/STM32CubeIDE_1.14.1/STM32CubeIDE/plugins/com.st.stm32cube.ide.mcu.externaltools.gnu-tools-for-stm32.11.3.rel1.win32_1.1.100.202309141235/tools/bin/../lib/gcc/arm-none-eabi/11.3.1/thumb/v7e-m+fp/hard\libgcc.a(_arm_addsubdf3.o)
                0x0000000008000280                __aeabi_drsub
                0x0000000008000288                __aeabi_dsub
                0x0000000008000288                __subdf3
                0x000000000800028c                __aeabi_dadd
                0x000000000800028c                __adddf3
                0x0000000008000504                __floatunsidf
                0x0000000008000504                __aeabi_ui2d
                0x0000000008000524                __floatsidf
                0x0000000008000524                __aeabi_i2d
                0x0000000008000548                __aeabi_f2d
                0x0000000008000548                __extendsfdf2
                0x000000000800058c                __floatundidf
                0x000000000800058c                __aeabi_ul2d
                0x000000000800059c                __floatdidf
                0x000000000800059c                __aeabi_l2d
 .text          0x00000000080005f8      0x424 C:/ST/STM32CubeIDE_1.14.1/STM32CubeIDE/plugins/com.st.stm32cube.ide.mcu.externaltools.gnu-tools-for-stm32.11.3.rel1.win32_1.1.100.202309141235/tools/bin/../lib/gcc/arm-none-eabi/11.3.1/thumb/v7e-m+fp/hard\libgcc.a(_arm_muldivdf3.o)
                0x00000000080005f8                __aeabi_dmul
                0x00000000080005f8                __muldf3
                0x000000000800084c                __divdf3
                0x000000000800084c                __aeabi_ddiv
 .text          0x0000000008000a1c      0x110 C:/ST/STM32CubeIDE_1.14.1/STM32CubeIDE/plugins/com.st.stm32cube.ide.mcu.externaltools.gnu-tools-for-stm32.11.3.rel1.win32_1.1.100.202309141235/tools/bin/../lib/gcc/arm-none-eabi/11.3.1/thumb/v7e-m+fp/hard\libgcc.a(_arm_cmpdf2.o)
                0x0000000008000a1c                __gtdf2
                0x0000000008000a1c                __gedf2
                0x0000000008000a24                __ltdf2
                0x0000000008000a24                __ledf2
                0x0000000008000a2c                __nedf2
                0x0000000008000a2c                __eqdf2
                0x0000000008000a2c                __cmpdf2
                0x0000000008000aa8                __aeabi_cdrcmple
                0x0000000008000ab8                __aeabi_cdcmpeq
                0x0000000008000ab8                __aeabi_cdcmple
                0x0000000008000ac8                __aeabi_dcmpeq
                0x0000000008000adc                __aeabi_dcmplt
                0x0000000008000af0                __aeabi_dcmple
                0x0000000008000b04                __aeabi_dcmpge
                0x0000000008000b18                __aeabi_dcmpgt
 .text          0x0000000008000b2c       0x50 C:/ST/STM32CubeIDE_1.14.1/STM32CubeIDE/plugins/com.st.stm32cube.ide.mcu.externaltools.gnu-tools-for-stm32.11.3.rel1.win32_1.1.100.202309141235/tools/bin/../lib/gcc/arm-none-eabi/11.3.1/thumb/v7e-m+fp/hard\libgcc.a(_arm_fixdfsi.o)
                0x0000000008000b2c                __aeabi_d2iz
                0x0000000008000b2c                __fixdfsi
 .text          0x0000000008000b7c       0x40 C:/ST/STM32CubeIDE_1.14.1/STM32CubeIDE/plugins/com.st.stm32cube.ide.mcu.externaltools.gnu-tools-for-stm32.11.3.rel1.win32_1.1.100.202309141235/tools/bin/../lib/gcc/arm-none-eabi/11.3.1/thumb/v7e-m+fp/hard\libgcc.a(_arm_fixunsdfsi.o)
                0x0000000008000b7c                __aeabi_d2uiz
                0x0000000008000b7c                __fixunsdfsi
 .text          0x0000000008000bbc       0xa0 C:/ST/STM32CubeIDE_1.14.1/STM32CubeIDE/plugins/com.st.stm32cube.ide.mcu.externaltools.gnu-tools-for-stm32.11.3.rel1.win32_1.1.100.202309141235/tools/bin/../lib/gcc/arm-none-eabi/11.3.1/thumb/v7e-m+fp/hard\libgcc.a(_arm_truncdfsf2.o)
                0x0000000008000bbc                __truncdfsf2
                0x0000000008000bbc                __aeabi_d2f
 .text          0x0000000008000c5c       0x30 C:/ST/STM32CubeIDE_1.14.1/STM32CubeIDE/plugins/com.st.stm32cube.ide.mcu.externaltools.gnu-tools-for-stm32.11.3.rel1.win32_1.1.100.202309141235/tools/bin/../lib/gcc/arm-none-eabi/11.3.1/thumb/v7e-m+fp/hard\libgcc.a(_aeabi_uldivmod.o)
                0x0000000008000c5c                __aeabi_uldivmod
 .text          0x0000000008000c8c      0x2c8 C:/ST/STM32CubeIDE_1.14.1/STM32CubeIDE/plugins/com.st.stm32cube.ide.mcu.externaltools.gnu-tools-for-stm32.11.3.rel1.win32_1.1.100.202309141235/tools/bin/../lib/gcc/arm-none-eabi/11.3.1/thumb/v7e-m+fp/hard\libgcc.a(_udivmoddi4.o)
                0x0000000008000c8c                __udivmoddi4
 .text          0x0000000008000f54        0x4 C:/ST/STM32CubeIDE_1.14.1/STM32CubeIDE/plugins/com.st.stm32cube.ide.mcu.externaltools.gnu-tools-for-stm32.11.3.rel1.win32_1.1.100.202309141235/tools/bin/../lib/gcc/arm-none-eabi/11.3.1/thumb/v7e-m+fp/hard\libgcc.a(_dvmd_tls.o)
                0x0000000008000f54                __aeabi_idiv0
                0x0000000008000f54                __aeabi_ldiv0
 *(.text*)
 .text.IMU_WriteOneByte
                0x0000000008000f58       0x26 ./Core/Src/IMU.o
                0x0000000008000f58                IMU_WriteOneByte
 *fill*         0x0000000008000f7e        0x2 
 .text.IMU_ReadOneByte
                0x0000000008000f80       0x28 ./Core/Src/IMU.o
                0x0000000008000f80                IMU_ReadOneByte
 .text.IMU_Initialise
                0x0000000008000fa8      0x21c ./Core/Src/IMU.o
                0x0000000008000fa8                IMU_Initialise
 .text.IMU_GyroReadHeading
                0x00000000080011c4      0x134 ./Core/Src/IMU.o
                0x00000000080011c4                IMU_GyroReadHeading
 .text.Gyro_calibrateHeading
                0x00000000080012f8       0x60 ./Core/Src/IMU.o
                0x00000000080012f8                Gyro_calibrateHeading
 .text.StartDefaultTask
                0x0000000008001358       0x3c ./Core/Src/main.o
                0x0000000008001358                StartDefaultTask
 .text.Display  0x0000000008001394       0x28 ./Core/Src/main.o
                0x0000000008001394                Display
 *fill*         0x00000000080013bc        0x4 
 .text.LeftMotor
                0x00000000080013c0      0xb9c ./Core/Src/main.o
                0x00000000080013c0                LeftMotor
 *fill*         0x0000000008001f5c        0x4 
 .text.GyroFunc
                0x0000000008001f60      0x218 ./Core/Src/main.o
                0x0000000008001f60                GyroFunc
 .text.delay    0x0000000008002178       0x14 ./Core/Src/main.o
                0x0000000008002178                delay
 *fill*         0x000000000800218c        0x4 
 .text.HAL_TIM_IC_CaptureCallback
                0x0000000008002190      0x120 ./Core/Src/main.o
                0x0000000008002190                HAL_TIM_IC_CaptureCallback
 .text.HCSR04_Read
                0x00000000080022b0       0x34 ./Core/Src/main.o
                0x00000000080022b0                HCSR04_Read
 .text.sonic_sensor
                0x00000000080022e4       0x30 ./Core/Src/main.o
                0x00000000080022e4                sonic_sensor
 .text.SystemClock_Config
                0x0000000008002314       0x88 ./Core/Src/main.o
                0x0000000008002314                SystemClock_Config
 .text.startup.main
                0x000000000800239c      0x510 ./Core/Src/main.o
                0x000000000800239c                main
 .text.Error_Handler
                0x00000000080028ac        0x4 ./Core/Src/main.o
                0x00000000080028ac                Error_Handler
 .text.OLED_WR_Byte
                0x00000000080028b0       0x60 ./Core/Src/oled_SC2104.o
                0x00000000080028b0                OLED_WR_Byte
 .text.OLED_Refresh_Gram
                0x0000000008002910       0x44 ./Core/Src/oled_SC2104.o
                0x0000000008002910                OLED_Refresh_Gram
 .text.OLED_Clear
                0x0000000008002954       0x28 ./Core/Src/oled_SC2104.o
                0x0000000008002954                OLED_Clear
 .text.OLED_DrawPoint
                0x000000000800297c       0x38 ./Core/Src/oled_SC2104.o
                0x000000000800297c                OLED_DrawPoint
 .text.OLED_ShowChar
                0x00000000080029b4       0x8c ./Core/Src/oled_SC2104.o
                0x00000000080029b4                OLED_ShowChar
 .text.OLED_ShowString
                0x0000000008002a40       0x3e ./Core/Src/oled_SC2104.o
                0x0000000008002a40                OLED_ShowString
 *fill*         0x0000000008002a7e        0x2 
 .text.OLED_Init
                0x0000000008002a80      0x110 ./Core/Src/oled_SC2104.o
                0x0000000008002a80                OLED_Init
 .text.PID_Init
                0x0000000008002b90       0x4a ./Core/Src/pid.o
                0x0000000008002b90                PID_Init
 .text.PID_Compute
                0x0000000008002bda      0x148 ./Core/Src/pid.o
                0x0000000008002bda                PID_Compute
 .text.PID_SetMode
                0x0000000008002d22       0x1a ./Core/Src/pid.o
                0x0000000008002d22                PID_SetMode
 .text.PID_SetOutputLimits
                0x0000000008002d3c       0x96 ./Core/Src/pid.o
                0x0000000008002d3c                PID_SetOutputLimits
 *fill*         0x0000000008002dd2        0x2 
 .text.PID_SetTunings2
                0x0000000008002dd4       0xec ./Core/Src/pid.o
                0x0000000008002dd4                PID_SetTunings2
 .text.PID_SetControllerDirection
                0x0000000008002ec0       0x44 ./Core/Src/pid.o
                0x0000000008002ec0                PID_SetControllerDirection
 *fill*         0x0000000008002f04        0x4 
 .text.PID      0x0000000008002f08       0x68 ./Core/Src/pid.o
                0x0000000008002f08                PID
 .text.PID_SetSampleTime
                0x0000000008002f70       0x4c ./Core/Src/pid.o
                0x0000000008002f70                PID_SetSampleTime
 .text.HAL_MspInit
                0x0000000008002fbc       0x40 ./Core/Src/stm32f4xx_hal_msp.o
                0x0000000008002fbc                HAL_MspInit
 .text.HAL_I2C_MspInit
                0x0000000008002ffc       0x70 ./Core/Src/stm32f4xx_hal_msp.o
                0x0000000008002ffc                HAL_I2C_MspInit
 .text.HAL_TIM_Base_MspInit
                0x000000000800306c       0xb8 ./Core/Src/stm32f4xx_hal_msp.o
                0x000000000800306c                HAL_TIM_Base_MspInit
 .text.HAL_TIM_Encoder_MspInit
                0x0000000008003124       0xdc ./Core/Src/stm32f4xx_hal_msp.o
                0x0000000008003124                HAL_TIM_Encoder_MspInit
 .text.HAL_TIM_IC_MspInit
                0x0000000008003200       0x78 ./Core/Src/stm32f4xx_hal_msp.o
                0x0000000008003200                HAL_TIM_IC_MspInit
 .text.HAL_UART_MspInit
                0x0000000008003278       0xb8 ./Core/Src/stm32f4xx_hal_msp.o
                0x0000000008003278                HAL_UART_MspInit
 .text.NMI_Handler
                0x0000000008003330        0x2 ./Core/Src/stm32f4xx_it.o
                0x0000000008003330                NMI_Handler
 .text.HardFault_Handler
                0x0000000008003332        0x2 ./Core/Src/stm32f4xx_it.o
                0x0000000008003332                HardFault_Handler
 .text.MemManage_Handler
                0x0000000008003334        0x2 ./Core/Src/stm32f4xx_it.o
                0x0000000008003334                MemManage_Handler
 .text.BusFault_Handler
                0x0000000008003336        0x2 ./Core/Src/stm32f4xx_it.o
                0x0000000008003336                BusFault_Handler
 .text.UsageFault_Handler
                0x0000000008003338        0x2 ./Core/Src/stm32f4xx_it.o
                0x0000000008003338                UsageFault_Handler
 .text.DebugMon_Handler
                0x000000000800333a        0x2 ./Core/Src/stm32f4xx_it.o
                0x000000000800333a                DebugMon_Handler
 .text.SysTick_Handler
                0x000000000800333c       0x18 ./Core/Src/stm32f4xx_it.o
                0x000000000800333c                SysTick_Handler
 .text.DMA1_Stream1_IRQHandler
                0x0000000008003354        0xc ./Core/Src/stm32f4xx_it.o
                0x0000000008003354                DMA1_Stream1_IRQHandler
 .text.TIM4_IRQHandler
                0x0000000008003360        0xc ./Core/Src/stm32f4xx_it.o
                0x0000000008003360                TIM4_IRQHandler
 .text.USART3_IRQHandler
                0x000000000800336c        0xc ./Core/Src/stm32f4xx_it.o
                0x000000000800336c                USART3_IRQHandler
 .text._sbrk    0x0000000008003378       0x40 ./Core/Src/sysmem.o
                0x0000000008003378                _sbrk
 .text.SystemInit
                0x00000000080033b8       0x14 ./Core/Src/system_stm32f4xx.o
                0x00000000080033b8                SystemInit
 .text.Reset_Handler
                0x00000000080033cc       0x50 ./Core/Startup/startup_stm32f407vetx.o
                0x00000000080033cc                Reset_Handler
 .text.Default_Handler
                0x000000000800341c        0x2 ./Core/Startup/startup_stm32f407vetx.o
                0x000000000800341c                RTC_Alarm_IRQHandler
                0x000000000800341c                HASH_RNG_IRQHandler
                0x000000000800341c                EXTI2_IRQHandler
                0x000000000800341c                TIM8_CC_IRQHandler
                0x000000000800341c                TIM1_CC_IRQHandler
                0x000000000800341c                DMA2_Stream5_IRQHandler
                0x000000000800341c                DMA1_Stream5_IRQHandler
                0x000000000800341c                PVD_IRQHandler
                0x000000000800341c                SDIO_IRQHandler
                0x000000000800341c                TAMP_STAMP_IRQHandler
                0x000000000800341c                CAN2_RX1_IRQHandler
                0x000000000800341c                EXTI3_IRQHandler
                0x000000000800341c                TIM8_TRG_COM_TIM14_IRQHandler
                0x000000000800341c                TIM1_UP_TIM10_IRQHandler
                0x000000000800341c                TIM8_UP_TIM13_IRQHandler
                0x000000000800341c                I2C3_ER_IRQHandler
                0x000000000800341c                EXTI0_IRQHandler
                0x000000000800341c                I2C2_EV_IRQHandler
                0x000000000800341c                DMA1_Stream2_IRQHandler
                0x000000000800341c                CAN1_RX0_IRQHandler
                0x000000000800341c                FPU_IRQHandler
                0x000000000800341c                OTG_HS_WKUP_IRQHandler
                0x000000000800341c                CAN2_SCE_IRQHandler
                0x000000000800341c                DMA2_Stream2_IRQHandler
                0x000000000800341c                SPI1_IRQHandler
                0x000000000800341c                TIM6_DAC_IRQHandler
                0x000000000800341c                TIM1_BRK_TIM9_IRQHandler
                0x000000000800341c                DCMI_IRQHandler
                0x000000000800341c                CAN2_RX0_IRQHandler
                0x000000000800341c                DMA2_Stream3_IRQHandler
                0x000000000800341c                USART6_IRQHandler
                0x000000000800341c                CAN1_RX1_IRQHandler
                0x000000000800341c                UART5_IRQHandler
                0x000000000800341c                DMA2_Stream0_IRQHandler
                0x000000000800341c                I2C1_EV_IRQHandler
                0x000000000800341c                DMA1_Stream6_IRQHandler
                0x000000000800341c                UART4_IRQHandler
                0x000000000800341c                TIM3_IRQHandler
                0x000000000800341c                RCC_IRQHandler
                0x000000000800341c                TIM8_BRK_TIM12_IRQHandler
                0x000000000800341c                Default_Handler
                0x000000000800341c                EXTI15_10_IRQHandler
                0x000000000800341c                ADC_IRQHandler
                0x000000000800341c                DMA1_Stream7_IRQHandler
                0x000000000800341c                TIM7_IRQHandler
                0x000000000800341c                CAN2_TX_IRQHandler
                0x000000000800341c                TIM5_IRQHandler
                0x000000000800341c                DMA2_Stream7_IRQHandler
                0x000000000800341c                I2C3_EV_IRQHandler
                0x000000000800341c                EXTI9_5_IRQHandler
                0x000000000800341c                RTC_WKUP_IRQHandler
                0x000000000800341c                ETH_WKUP_IRQHandler
                0x000000000800341c                SPI2_IRQHandler
                0x000000000800341c                OTG_HS_EP1_IN_IRQHandler
                0x000000000800341c                DMA1_Stream0_IRQHandler
                0x000000000800341c                CAN1_TX_IRQHandler
                0x000000000800341c                EXTI4_IRQHandler
                0x000000000800341c                FSMC_IRQHandler
                0x000000000800341c                ETH_IRQHandler
                0x000000000800341c                OTG_HS_EP1_OUT_IRQHandler
                0x000000000800341c                WWDG_IRQHandler
                0x000000000800341c                TIM2_IRQHandler
                0x000000000800341c                OTG_FS_WKUP_IRQHandler
                0x000000000800341c                TIM1_TRG_COM_TIM11_IRQHandler
                0x000000000800341c                OTG_HS_IRQHandler
                0x000000000800341c                EXTI1_IRQHandler
                0x000000000800341c                USART2_IRQHandler
                0x000000000800341c                I2C2_ER_IRQHandler
                0x000000000800341c                DMA2_Stream1_IRQHandler
                0x000000000800341c                CAN1_SCE_IRQHandler
                0x000000000800341c                FLASH_IRQHandler
                0x000000000800341c                DMA2_Stream4_IRQHandler
                0x000000000800341c                USART1_IRQHandler
                0x000000000800341c                OTG_FS_IRQHandler
                0x000000000800341c                SPI3_IRQHandler
                0x000000000800341c                DMA1_Stream4_IRQHandler
                0x000000000800341c                I2C1_ER_IRQHandler
                0x000000000800341c                DMA2_Stream6_IRQHandler
                0x000000000800341c                DMA1_Stream3_IRQHandler
 *fill*         0x000000000800341e        0x2 
 .text.HAL_InitTick
                0x0000000008003420       0x48 ./Drivers/STM32F4xx_HAL_Driver/Src/stm32f4xx_hal.o
                0x0000000008003420                HAL_InitTick
 .text.HAL_Init
                0x0000000008003468       0x34 ./Drivers/STM32F4xx_HAL_Driver/Src/stm32f4xx_hal.o
                0x0000000008003468                HAL_Init
 .text.HAL_IncTick
                0x000000000800349c       0x18 ./Drivers/STM32F4xx_HAL_Driver/Src/stm32f4xx_hal.o
                0x000000000800349c                HAL_IncTick
 .text.HAL_GetTick
                0x00000000080034b4        0xc ./Drivers/STM32F4xx_HAL_Driver/Src/stm32f4xx_hal.o
                0x00000000080034b4                HAL_GetTick
 .text.HAL_Delay
                0x00000000080034c0       0x28 ./Drivers/STM32F4xx_HAL_Driver/Src/stm32f4xx_hal.o
                0x00000000080034c0                HAL_Delay
 .text.HAL_NVIC_SetPriorityGrouping
                0x00000000080034e8       0x24 ./Drivers/STM32F4xx_HAL_Driver/Src/stm32f4xx_hal_cortex.o
                0x00000000080034e8                HAL_NVIC_SetPriorityGrouping
 .text.HAL_NVIC_SetPriority
                0x000000000800350c       0x64 ./Drivers/STM32F4xx_HAL_Driver/Src/stm32f4xx_hal_cortex.o
                0x000000000800350c                HAL_NVIC_SetPriority
 .text.HAL_NVIC_EnableIRQ
                0x0000000008003570       0x1c ./Drivers/STM32F4xx_HAL_Driver/Src/stm32f4xx_hal_cortex.o
                0x0000000008003570                HAL_NVIC_EnableIRQ
 .text.HAL_SYSTICK_Config
                0x000000000800358c       0x28 ./Drivers/STM32F4xx_HAL_Driver/Src/stm32f4xx_hal_cortex.o
                0x000000000800358c                HAL_SYSTICK_Config
 .text.DMA_CalcBaseAndBitshift
                0x00000000080035b4       0x2c ./Drivers/STM32F4xx_HAL_Driver/Src/stm32f4xx_hal_dma.o
 .text.HAL_DMA_Init
                0x00000000080035e0       0xfc ./Drivers/STM32F4xx_HAL_Driver/Src/stm32f4xx_hal_dma.o
                0x00000000080035e0                HAL_DMA_Init
 .text.HAL_DMA_Start_IT
                0x00000000080036dc       0x74 ./Drivers/STM32F4xx_HAL_Driver/Src/stm32f4xx_hal_dma.o
                0x00000000080036dc                HAL_DMA_Start_IT
 .text.HAL_DMA_Abort
                0x0000000008003750       0x7e ./Drivers/STM32F4xx_HAL_Driver/Src/stm32f4xx_hal_dma.o
                0x0000000008003750                HAL_DMA_Abort
 .text.HAL_DMA_Abort_IT
                0x00000000080037ce       0x24 ./Drivers/STM32F4xx_HAL_Driver/Src/stm32f4xx_hal_dma.o
                0x00000000080037ce                HAL_DMA_Abort_IT
 *fill*         0x00000000080037f2        0x2 
 .text.HAL_DMA_IRQHandler
                0x00000000080037f4      0x17c ./Drivers/STM32F4xx_HAL_Driver/Src/stm32f4xx_hal_dma.o
                0x00000000080037f4                HAL_DMA_IRQHandler
 .text.HAL_GPIO_Init
                0x0000000008003970      0x1b4 ./Drivers/STM32F4xx_HAL_Driver/Src/stm32f4xx_hal_gpio.o
                0x0000000008003970                HAL_GPIO_Init
 .text.HAL_GPIO_ReadPin
                0x0000000008003b24        0xc ./Drivers/STM32F4xx_HAL_Driver/Src/stm32f4xx_hal_gpio.o
                0x0000000008003b24                HAL_GPIO_ReadPin
 .text.HAL_GPIO_WritePin
                0x0000000008003b30        0xa ./Drivers/STM32F4xx_HAL_Driver/Src/stm32f4xx_hal_gpio.o
                0x0000000008003b30                HAL_GPIO_WritePin
 .text.HAL_GPIO_TogglePin
                0x0000000008003b3a       0x12 ./Drivers/STM32F4xx_HAL_Driver/Src/stm32f4xx_hal_gpio.o
                0x0000000008003b3a                HAL_GPIO_TogglePin
 .text.I2C_IsAcknowledgeFailed
                0x0000000008003b4c       0x34 ./Drivers/STM32F4xx_HAL_Driver/Src/stm32f4xx_hal_i2c.o
 .text.I2C_WaitOnFlagUntilTimeout
                0x0000000008003b80       0x64 ./Drivers/STM32F4xx_HAL_Driver/Src/stm32f4xx_hal_i2c.o
 .text.I2C_WaitOnMasterAddressFlagUntilTimeout
                0x0000000008003be4       0x76 ./Drivers/STM32F4xx_HAL_Driver/Src/stm32f4xx_hal_i2c.o
 .text.I2C_WaitOnRXNEFlagUntilTimeout
                0x0000000008003c5a       0x5e ./Drivers/STM32F4xx_HAL_Driver/Src/stm32f4xx_hal_i2c.o
 .text.I2C_WaitOnTXEFlagUntilTimeout
                0x0000000008003cb8       0x4c ./Drivers/STM32F4xx_HAL_Driver/Src/stm32f4xx_hal_i2c.o
 .text.I2C_RequestMemoryWrite
                0x0000000008003d04       0xb0 ./Drivers/STM32F4xx_HAL_Driver/Src/stm32f4xx_hal_i2c.o
 .text.I2C_RequestMemoryRead
                0x0000000008003db4      0x104 ./Drivers/STM32F4xx_HAL_Driver/Src/stm32f4xx_hal_i2c.o
 .text.I2C_WaitOnBTFFlagUntilTimeout
                0x0000000008003eb8       0x4c ./Drivers/STM32F4xx_HAL_Driver/Src/stm32f4xx_hal_i2c.o
 .text.HAL_I2C_Init
                0x0000000008003f04      0x150 ./Drivers/STM32F4xx_HAL_Driver/Src/stm32f4xx_hal_i2c.o
                0x0000000008003f04                HAL_I2C_Init
 .text.HAL_I2C_Mem_Write
                0x0000000008004054      0x120 ./Drivers/STM32F4xx_HAL_Driver/Src/stm32f4xx_hal_i2c.o
                0x0000000008004054                HAL_I2C_Mem_Write
 .text.HAL_I2C_Mem_Read
                0x0000000008004174      0x210 ./Drivers/STM32F4xx_HAL_Driver/Src/stm32f4xx_hal_i2c.o
                0x0000000008004174                HAL_I2C_Mem_Read
 .text.HAL_PWR_EnableBkUpAccess
                0x0000000008004384       0x1c ./Drivers/STM32F4xx_HAL_Driver/Src/stm32f4xx_hal_pwr.o
                0x0000000008004384                HAL_PWR_EnableBkUpAccess
 .text.HAL_PWR_DisableBkUpAccess
                0x00000000080043a0       0x1c ./Drivers/STM32F4xx_HAL_Driver/Src/stm32f4xx_hal_pwr.o
                0x00000000080043a0                HAL_PWR_DisableBkUpAccess
 .text.HAL_RCC_OscConfig
                0x00000000080043bc      0x358 ./Drivers/STM32F4xx_HAL_Driver/Src/stm32f4xx_hal_rcc.o
                0x00000000080043bc                HAL_RCC_OscConfig
 .text.HAL_RCC_GetSysClockFreq
                0x0000000008004714       0x5c ./Drivers/STM32F4xx_HAL_Driver/Src/stm32f4xx_hal_rcc.o
                0x0000000008004714                HAL_RCC_GetSysClockFreq
 .text.HAL_RCC_ClockConfig
                0x0000000008004770      0x134 ./Drivers/STM32F4xx_HAL_Driver/Src/stm32f4xx_hal_rcc.o
                0x0000000008004770                HAL_RCC_ClockConfig
 .text.HAL_RCC_GetPCLK1Freq
                0x00000000080048a4       0x20 ./Drivers/STM32F4xx_HAL_Driver/Src/stm32f4xx_hal_rcc.o
                0x00000000080048a4                HAL_RCC_GetPCLK1Freq
 .text.HAL_RCC_GetPCLK2Freq
                0x00000000080048c4       0x20 ./Drivers/STM32F4xx_HAL_Driver/Src/stm32f4xx_hal_rcc.o
                0x00000000080048c4                HAL_RCC_GetPCLK2Freq
 .text.TIM_OC1_SetConfig
                0x00000000080048e4       0x64 ./Drivers/STM32F4xx_HAL_Driver/Src/stm32f4xx_hal_tim.o
 .text.TIM_OC3_SetConfig
                0x0000000008004948       0x6c ./Drivers/STM32F4xx_HAL_Driver/Src/stm32f4xx_hal_tim.o
 .text.TIM_OC4_SetConfig
                0x00000000080049b4       0x4c ./Drivers/STM32F4xx_HAL_Driver/Src/stm32f4xx_hal_tim.o
 .text.HAL_TIM_PWM_MspInit
                0x0000000008004a00        0x2 ./Drivers/STM32F4xx_HAL_Driver/Src/stm32f4xx_hal_tim.o
                0x0000000008004a00                HAL_TIM_PWM_MspInit
 .text.HAL_TIM_Encoder_Start
                0x0000000008004a02       0xb2 ./Drivers/STM32F4xx_HAL_Driver/Src/stm32f4xx_hal_tim.o
                0x0000000008004a02                HAL_TIM_Encoder_Start
 .text.HAL_TIM_ReadCapturedValue
                0x0000000008004ab4       0x2c ./Drivers/STM32F4xx_HAL_Driver/Src/stm32f4xx_hal_tim.o
                0x0000000008004ab4                HAL_TIM_ReadCapturedValue
 .text.HAL_TIM_PeriodElapsedCallback
                0x0000000008004ae0        0x2 ./Drivers/STM32F4xx_HAL_Driver/Src/stm32f4xx_hal_tim.o
                0x0000000008004ae0                HAL_TIM_PeriodElapsedCallback
 .text.HAL_TIM_OC_DelayElapsedCallback
                0x0000000008004ae2        0x2 ./Drivers/STM32F4xx_HAL_Driver/Src/stm32f4xx_hal_tim.o
                0x0000000008004ae2                HAL_TIM_OC_DelayElapsedCallback
 .text.HAL_TIM_PWM_PulseFinishedCallback
                0x0000000008004ae4        0x2 ./Drivers/STM32F4xx_HAL_Driver/Src/stm32f4xx_hal_tim.o
                0x0000000008004ae4                HAL_TIM_PWM_PulseFinishedCallback
 .text.HAL_TIM_TriggerCallback
                0x0000000008004ae6        0x2 ./Drivers/STM32F4xx_HAL_Driver/Src/stm32f4xx_hal_tim.o
                0x0000000008004ae6                HAL_TIM_TriggerCallback
 .text.HAL_TIM_IRQHandler
                0x0000000008004ae8      0x144 ./Drivers/STM32F4xx_HAL_Driver/Src/stm32f4xx_hal_tim.o
                0x0000000008004ae8                HAL_TIM_IRQHandler
 .text.TIM_Base_SetConfig
                0x0000000008004c2c       0xcc ./Drivers/STM32F4xx_HAL_Driver/Src/stm32f4xx_hal_tim.o
                0x0000000008004c2c                TIM_Base_SetConfig
 .text.HAL_TIM_Base_Init
                0x0000000008004cf8       0x58 ./Drivers/STM32F4xx_HAL_Driver/Src/stm32f4xx_hal_tim.o
                0x0000000008004cf8                HAL_TIM_Base_Init
 .text.HAL_TIM_PWM_Init
                0x0000000008004d50       0x58 ./Drivers/STM32F4xx_HAL_Driver/Src/stm32f4xx_hal_tim.o
                0x0000000008004d50                HAL_TIM_PWM_Init
 .text.HAL_TIM_IC_Init
                0x0000000008004da8       0x58 ./Drivers/STM32F4xx_HAL_Driver/Src/stm32f4xx_hal_tim.o
                0x0000000008004da8                HAL_TIM_IC_Init
 .text.HAL_TIM_Encoder_Init
                0x0000000008004e00       0xa8 ./Drivers/STM32F4xx_HAL_Driver/Src/stm32f4xx_hal_tim.o
                0x0000000008004e00                HAL_TIM_Encoder_Init
 .text.TIM_OC2_SetConfig
                0x0000000008004ea8       0x6c ./Drivers/STM32F4xx_HAL_Driver/Src/stm32f4xx_hal_tim.o
                0x0000000008004ea8                TIM_OC2_SetConfig
 .text.HAL_TIM_PWM_ConfigChannel
                0x0000000008004f14       0xb2 ./Drivers/STM32F4xx_HAL_Driver/Src/stm32f4xx_hal_tim.o
                0x0000000008004f14                HAL_TIM_PWM_ConfigChannel
 *fill*         0x0000000008004fc6        0x2 
 .text.TIM_TI1_SetConfig
                0x0000000008004fc8       0x74 ./Drivers/STM32F4xx_HAL_Driver/Src/stm32f4xx_hal_tim.o
                0x0000000008004fc8                TIM_TI1_SetConfig
 .text.HAL_TIM_IC_ConfigChannel
                0x000000000800503c      0x12a ./Drivers/STM32F4xx_HAL_Driver/Src/stm32f4xx_hal_tim.o
                0x000000000800503c                HAL_TIM_IC_ConfigChannel
 .text.TIM_ETR_SetConfig
                0x0000000008005166       0x14 ./Drivers/STM32F4xx_HAL_Driver/Src/stm32f4xx_hal_tim.o
                0x0000000008005166                TIM_ETR_SetConfig
 .text.HAL_TIM_ConfigClockSource
                0x000000000800517a      0x132 ./Drivers/STM32F4xx_HAL_Driver/Src/stm32f4xx_hal_tim.o
                0x000000000800517a                HAL_TIM_ConfigClockSource
 .text.TIM_CCxChannelCmd
                0x00000000080052ac       0x1c ./Drivers/STM32F4xx_HAL_Driver/Src/stm32f4xx_hal_tim.o
                0x00000000080052ac                TIM_CCxChannelCmd
 .text.HAL_TIM_OC_Start
                0x00000000080052c8       0xcc ./Drivers/STM32F4xx_HAL_Driver/Src/stm32f4xx_hal_tim.o
                0x00000000080052c8                HAL_TIM_OC_Start
 .text.HAL_TIM_PWM_Start
                0x0000000008005394        0x4 ./Drivers/STM32F4xx_HAL_Driver/Src/stm32f4xx_hal_tim.o
                0x0000000008005394                HAL_TIM_PWM_Start
 .text.HAL_TIM_IC_Start_IT
                0x0000000008005398      0x104 ./Drivers/STM32F4xx_HAL_Driver/Src/stm32f4xx_hal_tim.o
                0x0000000008005398                HAL_TIM_IC_Start_IT
 .text.HAL_TIMEx_MasterConfigSynchronization
                0x000000000800549c       0x7c ./Drivers/STM32F4xx_HAL_Driver/Src/stm32f4xx_hal_tim_ex.o
                0x000000000800549c                HAL_TIMEx_MasterConfigSynchronization
 .text.HAL_TIMEx_ConfigBreakDeadTime
                0x0000000008005518       0x4c ./Drivers/STM32F4xx_HAL_Driver/Src/stm32f4xx_hal_tim_ex.o
                0x0000000008005518                HAL_TIMEx_ConfigBreakDeadTime
 .text.HAL_TIMEx_CommutCallback
                0x0000000008005564        0x2 ./Drivers/STM32F4xx_HAL_Driver/Src/stm32f4xx_hal_tim_ex.o
                0x0000000008005564                HAL_TIMEx_CommutCallback
 .text.HAL_TIMEx_BreakCallback
                0x0000000008005566        0x2 ./Drivers/STM32F4xx_HAL_Driver/Src/stm32f4xx_hal_tim_ex.o
                0x0000000008005566                HAL_TIMEx_BreakCallback
 .text.UART_EndRxTransfer
                0x0000000008005568       0x5c ./Drivers/STM32F4xx_HAL_Driver/Src/stm32f4xx_hal_uart.o
 .text.UART_SetConfig
                0x00000000080055c4       0xbc ./Drivers/STM32F4xx_HAL_Driver/Src/stm32f4xx_hal_uart.o
 .text.UART_WaitOnFlagUntilTimeout.constprop.0
                0x0000000008005680       0x6c ./Drivers/STM32F4xx_HAL_Driver/Src/stm32f4xx_hal_uart.o
 .text.HAL_UART_Init
                0x00000000080056ec       0x5c ./Drivers/STM32F4xx_HAL_Driver/Src/stm32f4xx_hal_uart.o
                0x00000000080056ec                HAL_UART_Init
 .text.HAL_UART_Transmit
                0x0000000008005748       0xaa ./Drivers/STM32F4xx_HAL_Driver/Src/stm32f4xx_hal_uart.o
                0x0000000008005748                HAL_UART_Transmit
 .text.HAL_UART_TxCpltCallback
                0x00000000080057f2        0x2 ./Drivers/STM32F4xx_HAL_Driver/Src/stm32f4xx_hal_uart.o
                0x00000000080057f2                HAL_UART_TxCpltCallback
 .text.HAL_UART_RxCpltCallback
                0x00000000080057f4        0x2 ./Drivers/STM32F4xx_HAL_Driver/Src/stm32f4xx_hal_uart.o
                0x00000000080057f4                HAL_UART_RxCpltCallback
 .text.HAL_UART_RxHalfCpltCallback
                0x00000000080057f6        0x2 ./Drivers/STM32F4xx_HAL_Driver/Src/stm32f4xx_hal_uart.o
                0x00000000080057f6                HAL_UART_RxHalfCpltCallback
 .text.HAL_UART_ErrorCallback
                0x00000000080057f8        0x2 ./Drivers/STM32F4xx_HAL_Driver/Src/stm32f4xx_hal_uart.o
                0x00000000080057f8                HAL_UART_ErrorCallback
 .text.UART_DMAError
                0x00000000080057fa       0x5a ./Drivers/STM32F4xx_HAL_Driver/Src/stm32f4xx_hal_uart.o
 .text.UART_DMAAbortOnError
                0x0000000008005854       0x10 ./Drivers/STM32F4xx_HAL_Driver/Src/stm32f4xx_hal_uart.o
 .text.HAL_UARTEx_RxEventCallback
                0x0000000008005864        0x2 ./Drivers/STM32F4xx_HAL_Driver/Src/stm32f4xx_hal_uart.o
                0x0000000008005864                HAL_UARTEx_RxEventCallback
 .text.UART_DMARxHalfCplt
                0x0000000008005866       0x1a ./Drivers/STM32F4xx_HAL_Driver/Src/stm32f4xx_hal_uart.o
 .text.UART_DMAReceiveCplt
                0x0000000008005880       0x94 ./Drivers/STM32F4xx_HAL_Driver/Src/stm32f4xx_hal_uart.o
 .text.UART_Receive_IT.isra.0
                0x0000000008005914       0xb4 ./Drivers/STM32F4xx_HAL_Driver/Src/stm32f4xx_hal_uart.o
 .text.HAL_UART_IRQHandler
                0x00000000080059c8      0x28c ./Drivers/STM32F4xx_HAL_Driver/Src/stm32f4xx_hal_uart.o
                0x00000000080059c8                HAL_UART_IRQHandler
 .text.UART_Start_Receive_DMA
                0x0000000008005c54       0x98 ./Drivers/STM32F4xx_HAL_Driver/Src/stm32f4xx_hal_uart.o
                0x0000000008005c54                UART_Start_Receive_DMA
 .text.HAL_UART_Receive_DMA
                0x0000000008005cec       0x30 ./Drivers/STM32F4xx_HAL_Driver/Src/stm32f4xx_hal_uart.o
                0x0000000008005cec                HAL_UART_Receive_DMA
 .text.osKernelInitialize
                0x0000000008005d1c       0x24 ./Middlewares/Third_Party/FreeRTOS/Source/CMSIS_RTOS_V2/cmsis_os2.o
                0x0000000008005d1c                osKernelInitialize
 .text.osKernelStart
                0x0000000008005d40       0x34 ./Middlewares/Third_Party/FreeRTOS/Source/CMSIS_RTOS_V2/cmsis_os2.o
                0x0000000008005d40                osKernelStart
 .text.osThreadNew
                0x0000000008005d74       0x8e ./Middlewares/Third_Party/FreeRTOS/Source/CMSIS_RTOS_V2/cmsis_os2.o
                0x0000000008005d74                osThreadNew
 .text.osDelay  0x0000000008005e02       0x18 ./Middlewares/Third_Party/FreeRTOS/Source/CMSIS_RTOS_V2/cmsis_os2.o
                0x0000000008005e02                osDelay
 .text.osDelayUntil
                0x0000000008005e1a       0x2e ./Middlewares/Third_Party/FreeRTOS/Source/CMSIS_RTOS_V2/cmsis_os2.o
                0x0000000008005e1a                osDelayUntil
 .text.vApplicationGetIdleTaskMemory
                0x0000000008005e48       0x18 ./Middlewares/Third_Party/FreeRTOS/Source/CMSIS_RTOS_V2/cmsis_os2.o
                0x0000000008005e48                vApplicationGetIdleTaskMemory
 .text.vApplicationGetTimerTaskMemory
                0x0000000008005e60       0x18 ./Middlewares/Third_Party/FreeRTOS/Source/CMSIS_RTOS_V2/cmsis_os2.o
                0x0000000008005e60                vApplicationGetTimerTaskMemory
 .text.vListInitialise
                0x0000000008005e78       0x16 ./Middlewares/Third_Party/FreeRTOS/Source/list.o
                0x0000000008005e78                vListInitialise
 .text.vListInitialiseItem
                0x0000000008005e8e        0x6 ./Middlewares/Third_Party/FreeRTOS/Source/list.o
                0x0000000008005e8e                vListInitialiseItem
 .text.vListInsertEnd
                0x0000000008005e94       0x18 ./Middlewares/Third_Party/FreeRTOS/Source/list.o
                0x0000000008005e94                vListInsertEnd
 .text.vListInsert
                0x0000000008005eac       0x2e ./Middlewares/Third_Party/FreeRTOS/Source/list.o
                0x0000000008005eac                vListInsert
 .text.uxListRemove
                0x0000000008005eda       0x20 ./Middlewares/Third_Party/FreeRTOS/Source/list.o
                0x0000000008005eda                uxListRemove
 .text.prvIsQueueEmpty
                0x0000000008005efa       0x16 ./Middlewares/Third_Party/FreeRTOS/Source/queue.o
 .text.prvCopyDataToQueue
                0x0000000008005f10       0x6a ./Middlewares/Third_Party/FreeRTOS/Source/queue.o
 .text.prvCopyDataFromQueue
                0x0000000008005f7a       0x2c ./Middlewares/Third_Party/FreeRTOS/Source/queue.o
 .text.prvUnlockQueue
                0x0000000008005fa6       0x70 ./Middlewares/Third_Party/FreeRTOS/Source/queue.o
 .text.xQueueGenericReset
                0x0000000008006016       0x7e ./Middlewares/Third_Party/FreeRTOS/Source/queue.o
                0x0000000008006016                xQueueGenericReset
 .text.xQueueGenericCreateStatic
                0x0000000008006094       0x9c ./Middlewares/Third_Party/FreeRTOS/Source/queue.o
                0x0000000008006094                xQueueGenericCreateStatic
 .text.xQueueGenericSend
                0x0000000008006130      0x166 ./Middlewares/Third_Party/FreeRTOS/Source/queue.o
                0x0000000008006130                xQueueGenericSend
 .text.xQueueGenericSendFromISR
                0x0000000008006296       0xc4 ./Middlewares/Third_Party/FreeRTOS/Source/queue.o
                0x0000000008006296                xQueueGenericSendFromISR
 .text.xQueueReceive
                0x000000000800635a      0x13e ./Middlewares/Third_Party/FreeRTOS/Source/queue.o
                0x000000000800635a                xQueueReceive
 .text.vQueueAddToRegistry
                0x0000000008006498       0x24 ./Middlewares/Third_Party/FreeRTOS/Source/queue.o
                0x0000000008006498                vQueueAddToRegistry
 .text.vQueueWaitForMessageRestricted
                0x00000000080064bc       0x46 ./Middlewares/Third_Party/FreeRTOS/Source/queue.o
                0x00000000080064bc                vQueueWaitForMessageRestricted
 *fill*         0x0000000008006502        0x2 
 .text.prvAddNewTaskToReadyList
                0x0000000008006504      0x100 ./Middlewares/Third_Party/FreeRTOS/Source/tasks.o
 .text.prvAddCurrentTaskToDelayedList
                0x0000000008006604       0x70 ./Middlewares/Third_Party/FreeRTOS/Source/tasks.o
 .text.prvResetNextTaskUnblockTime
                0x0000000008006674       0x24 ./Middlewares/Third_Party/FreeRTOS/Source/tasks.o
 .text.prvDeleteTCB
                0x0000000008006698       0x36 ./Middlewares/Third_Party/FreeRTOS/Source/tasks.o
 *fill*         0x00000000080066ce        0x2 
 .text.prvIdleTask
                0x00000000080066d0       0x60 ./Middlewares/Third_Party/FreeRTOS/Source/tasks.o
 .text.prvInitialiseNewTask.constprop.0
                0x0000000008006730       0x9a ./Middlewares/Third_Party/FreeRTOS/Source/tasks.o
 .text.xTaskCreateStatic
                0x00000000080067ca       0x70 ./Middlewares/Third_Party/FreeRTOS/Source/tasks.o
                0x00000000080067ca                xTaskCreateStatic
 .text.xTaskCreate
                0x000000000800683a       0x5a ./Middlewares/Third_Party/FreeRTOS/Source/tasks.o
                0x000000000800683a                xTaskCreate
 .text.vTaskStartScheduler
                0x0000000008006894       0x8c ./Middlewares/Third_Party/FreeRTOS/Source/tasks.o
                0x0000000008006894                vTaskStartScheduler
 .text.vTaskSuspendAll
                0x0000000008006920       0x10 ./Middlewares/Third_Party/FreeRTOS/Source/tasks.o
                0x0000000008006920                vTaskSuspendAll
 .text.xTaskGetTickCount
                0x0000000008006930        0xc ./Middlewares/Third_Party/FreeRTOS/Source/tasks.o
                0x0000000008006930                xTaskGetTickCount
 .text.xTaskIncrementTick
                0x000000000800693c      0x12c ./Middlewares/Third_Party/FreeRTOS/Source/tasks.o
                0x000000000800693c                xTaskIncrementTick
 .text.xTaskResumeAll
                0x0000000008006a68       0xe8 ./Middlewares/Third_Party/FreeRTOS/Source/tasks.o
                0x0000000008006a68                xTaskResumeAll
 .text.vTaskDelayUntil
                0x0000000008006b50       0x94 ./Middlewares/Third_Party/FreeRTOS/Source/tasks.o
                0x0000000008006b50                vTaskDelayUntil
 .text.vTaskDelay
                0x0000000008006be4       0x48 ./Middlewares/Third_Party/FreeRTOS/Source/tasks.o
                0x0000000008006be4                vTaskDelay
 .text.vTaskSwitchContext
                0x0000000008006c2c       0x74 ./Middlewares/Third_Party/FreeRTOS/Source/tasks.o
                0x0000000008006c2c                vTaskSwitchContext
 .text.vTaskPlaceOnEventList
                0x0000000008006ca0       0x34 ./Middlewares/Third_Party/FreeRTOS/Source/tasks.o
                0x0000000008006ca0                vTaskPlaceOnEventList
 .text.vTaskPlaceOnEventListRestricted
                0x0000000008006cd4       0x3c ./Middlewares/Third_Party/FreeRTOS/Source/tasks.o
                0x0000000008006cd4                vTaskPlaceOnEventListRestricted
 .text.xTaskRemoveFromEventList
                0x0000000008006d10       0x88 ./Middlewares/Third_Party/FreeRTOS/Source/tasks.o
                0x0000000008006d10                xTaskRemoveFromEventList
 .text.vTaskInternalSetTimeOutState
                0x0000000008006d98       0x18 ./Middlewares/Third_Party/FreeRTOS/Source/tasks.o
                0x0000000008006d98                vTaskInternalSetTimeOutState
 .text.xTaskCheckForTimeOut
                0x0000000008006db0       0x78 ./Middlewares/Third_Party/FreeRTOS/Source/tasks.o
                0x0000000008006db0                xTaskCheckForTimeOut
 .text.vTaskMissedYield
                0x0000000008006e28        0xc ./Middlewares/Third_Party/FreeRTOS/Source/tasks.o
                0x0000000008006e28                vTaskMissedYield
 .text.xTaskGetSchedulerState
                0x0000000008006e34       0x20 ./Middlewares/Third_Party/FreeRTOS/Source/tasks.o
                0x0000000008006e34                xTaskGetSchedulerState
 .text.xTaskPriorityDisinherit
                0x0000000008006e54       0x88 ./Middlewares/Third_Party/FreeRTOS/Source/tasks.o
                0x0000000008006e54                xTaskPriorityDisinherit
 .text.prvCheckForValidListAndQueue
                0x0000000008006edc       0x68 ./Middlewares/Third_Party/FreeRTOS/Source/timers.o
 .text.prvInsertTimerInActiveList
                0x0000000008006f44       0x3c ./Middlewares/Third_Party/FreeRTOS/Source/timers.o
 .text.xTimerCreateTimerTask
                0x0000000008006f80       0x64 ./Middlewares/Third_Party/FreeRTOS/Source/timers.o
                0x0000000008006f80                xTimerCreateTimerTask
 .text.xTimerGenericCommand
                0x0000000008006fe4       0x58 ./Middlewares/Third_Party/FreeRTOS/Source/timers.o
                0x0000000008006fe4                xTimerGenericCommand
 .text.prvSampleTimeNow
                0x000000000800703c       0xac ./Middlewares/Third_Party/FreeRTOS/Source/timers.o
 .text.prvTimerTask
                0x00000000080070e8      0x1cc ./Middlewares/Third_Party/FreeRTOS/Source/timers.o
 .text.prvPortStartFirstTask
                0x00000000080072b4       0x28 ./Middlewares/Third_Party/FreeRTOS/Source/portable/GCC/ARM_CM4F/port.o
 .text.vPortEnableVFP
                0x00000000080072dc       0x14 ./Middlewares/Third_Party/FreeRTOS/Source/portable/GCC/ARM_CM4F/port.o
 .text.prvTaskExitError
                0x00000000080072f0       0x40 ./Middlewares/Third_Party/FreeRTOS/Source/portable/GCC/ARM_CM4F/port.o
 .text.pxPortInitialiseStack
                0x0000000008007330       0x2c ./Middlewares/Third_Party/FreeRTOS/Source/portable/GCC/ARM_CM4F/port.o
                0x0000000008007330                pxPortInitialiseStack
 *fill*         0x000000000800735c        0x4 
 .text.SVC_Handler
                0x0000000008007360       0x24 ./Middlewares/Third_Party/FreeRTOS/Source/portable/GCC/ARM_CM4F/port.o
                0x0000000008007360                SVC_Handler
 .text.vPortEnterCritical
                0x0000000008007384       0x40 ./Middlewares/Third_Party/FreeRTOS/Source/portable/GCC/ARM_CM4F/port.o
                0x0000000008007384                vPortEnterCritical
 .text.vPortExitCritical
                0x00000000080073c4       0x28 ./Middlewares/Third_Party/FreeRTOS/Source/portable/GCC/ARM_CM4F/port.o
                0x00000000080073c4                vPortExitCritical
 *fill*         0x00000000080073ec        0x4 
 .text.PendSV_Handler
                0x00000000080073f0       0x64 ./Middlewares/Third_Party/FreeRTOS/Source/portable/GCC/ARM_CM4F/port.o
                0x00000000080073f0                PendSV_Handler
 .text.xPortSysTickHandler
                0x0000000008007454       0x2c ./Middlewares/Third_Party/FreeRTOS/Source/portable/GCC/ARM_CM4F/port.o
                0x0000000008007454                xPortSysTickHandler
 .text.vPortSetupTimerInterrupt
                0x0000000008007480       0x24 ./Middlewares/Third_Party/FreeRTOS/Source/portable/GCC/ARM_CM4F/port.o
                0x0000000008007480                vPortSetupTimerInterrupt
 .text.xPortStartScheduler
                0x00000000080074a4      0x10c ./Middlewares/Third_Party/FreeRTOS/Source/portable/GCC/ARM_CM4F/port.o
                0x00000000080074a4                xPortStartScheduler
 .text.vPortValidateInterruptPriority
                0x00000000080075b0       0x5c ./Middlewares/Third_Party/FreeRTOS/Source/portable/GCC/ARM_CM4F/port.o
                0x00000000080075b0                vPortValidateInterruptPriority
 .text.prvInsertBlockIntoFreeList
                0x000000000800760c       0x4c ./Middlewares/Third_Party/FreeRTOS/Source/portable/MemMang/heap_4.o
 .text.pvPortMalloc
                0x0000000008007658      0x130 ./Middlewares/Third_Party/FreeRTOS/Source/portable/MemMang/heap_4.o
                0x0000000008007658                pvPortMalloc
 .text.vPortFree
                0x0000000008007788       0x7c ./Middlewares/Third_Party/FreeRTOS/Source/portable/MemMang/heap_4.o
                0x0000000008007788                vPortFree
 .text.sprintf  0x0000000008007804       0x40 C:/ST/STM32CubeIDE_1.14.1/STM32CubeIDE/plugins/com.st.stm32cube.ide.mcu.externaltools.gnu-tools-for-stm32.11.3.rel1.win32_1.1.100.202309141235/tools/bin/../lib/gcc/arm-none-eabi/11.3.1/../../../../arm-none-eabi/lib/thumb/v7e-m+fp/hard\libc_nano.a(libc_a-sprintf.o)
                0x0000000008007804                siprintf
                0x0000000008007804                sprintf
 .text.memset   0x0000000008007844       0x10 C:/ST/STM32CubeIDE_1.14.1/STM32CubeIDE/plugins/com.st.stm32cube.ide.mcu.externaltools.gnu-tools-for-stm32.11.3.rel1.win32_1.1.100.202309141235/tools/bin/../lib/gcc/arm-none-eabi/11.3.1/../../../../arm-none-eabi/lib/thumb/v7e-m+fp/hard\libc_nano.a(libc_a-memset.o)
                0x0000000008007844                memset
 .text.__errno  0x0000000008007854        0xc C:/ST/STM32CubeIDE_1.14.1/STM32CubeIDE/plugins/com.st.stm32cube.ide.mcu.externaltools.gnu-tools-for-stm32.11.3.rel1.win32_1.1.100.202309141235/tools/bin/../lib/gcc/arm-none-eabi/11.3.1/../../../../arm-none-eabi/lib/thumb/v7e-m+fp/hard\libc_nano.a(libc_a-errno.o)
                0x0000000008007854                __errno
 .text.__libc_init_array
                0x0000000008007860       0x48 C:/ST/STM32CubeIDE_1.14.1/STM32CubeIDE/plugins/com.st.stm32cube.ide.mcu.externaltools.gnu-tools-for-stm32.11.3.rel1.win32_1.1.100.202309141235/tools/bin/../lib/gcc/arm-none-eabi/11.3.1/../../../../arm-none-eabi/lib/thumb/v7e-m+fp/hard\libc_nano.a(libc_a-init.o)
                0x0000000008007860                __libc_init_array
 .text.__retarget_lock_acquire_recursive
                0x00000000080078a8        0x2 C:/ST/STM32CubeIDE_1.14.1/STM32CubeIDE/plugins/com.st.stm32cube.ide.mcu.externaltools.gnu-tools-for-stm32.11.3.rel1.win32_1.1.100.202309141235/tools/bin/../lib/gcc/arm-none-eabi/11.3.1/../../../../arm-none-eabi/lib/thumb/v7e-m+fp/hard\libc_nano.a(libc_a-lock.o)
                0x00000000080078a8                __retarget_lock_acquire_recursive
 .text.__retarget_lock_release_recursive
                0x00000000080078aa        0x2 C:/ST/STM32CubeIDE_1.14.1/STM32CubeIDE/plugins/com.st.stm32cube.ide.mcu.externaltools.gnu-tools-for-stm32.11.3.rel1.win32_1.1.100.202309141235/tools/bin/../lib/gcc/arm-none-eabi/11.3.1/../../../../arm-none-eabi/lib/thumb/v7e-m+fp/hard\libc_nano.a(libc_a-lock.o)
                0x00000000080078aa                __retarget_lock_release_recursive
 .text.strcpy   0x00000000080078ac       0x10 C:/ST/STM32CubeIDE_1.14.1/STM32CubeIDE/plugins/com.st.stm32cube.ide.mcu.externaltools.gnu-tools-for-stm32.11.3.rel1.win32_1.1.100.202309141235/tools/bin/../lib/gcc/arm-none-eabi/11.3.1/../../../../arm-none-eabi/lib/thumb/v7e-m+fp/hard\libc_nano.a(libc_a-strcpy.o)
                0x00000000080078ac                strcpy
 .text.memcpy   0x00000000080078bc       0x1c C:/ST/STM32CubeIDE_1.14.1/STM32CubeIDE/plugins/com.st.stm32cube.ide.mcu.externaltools.gnu-tools-for-stm32.11.3.rel1.win32_1.1.100.202309141235/tools/bin/../lib/gcc/arm-none-eabi/11.3.1/../../../../arm-none-eabi/lib/thumb/v7e-m+fp/hard\libc_nano.a(libc_a-memcpy-stub.o)
                0x00000000080078bc                memcpy
 .text._free_r  0x00000000080078d8       0x98 C:/ST/STM32CubeIDE_1.14.1/STM32CubeIDE/plugins/com.st.stm32cube.ide.mcu.externaltools.gnu-tools-for-stm32.11.3.rel1.win32_1.1.100.202309141235/tools/bin/../lib/gcc/arm-none-eabi/11.3.1/../../../../arm-none-eabi/lib/thumb/v7e-m+fp/hard\libc_nano.a(libc_a-freer.o)
                0x00000000080078d8                _free_r
 .text.sbrk_aligned
                0x0000000008007970       0x40 C:/ST/STM32CubeIDE_1.14.1/STM32CubeIDE/plugins/com.st.stm32cube.ide.mcu.externaltools.gnu-tools-for-stm32.11.3.rel1.win32_1.1.100.202309141235/tools/bin/../lib/gcc/arm-none-eabi/11.3.1/../../../../arm-none-eabi/lib/thumb/v7e-m+fp/hard\libc_nano.a(libc_a-mallocr.o)
 .text._malloc_r
                0x00000000080079b0      0x100 C:/ST/STM32CubeIDE_1.14.1/STM32CubeIDE/plugins/com.st.stm32cube.ide.mcu.externaltools.gnu-tools-for-stm32.11.3.rel1.win32_1.1.100.202309141235/tools/bin/../lib/gcc/arm-none-eabi/11.3.1/../../../../arm-none-eabi/lib/thumb/v7e-m+fp/hard\libc_nano.a(libc_a-mallocr.o)
                0x00000000080079b0                _malloc_r
 .text.__malloc_lock
                0x0000000008007ab0        0xc C:/ST/STM32CubeIDE_1.14.1/STM32CubeIDE/plugins/com.st.stm32cube.ide.mcu.externaltools.gnu-tools-for-stm32.11.3.rel1.win32_1.1.100.202309141235/tools/bin/../lib/gcc/arm-none-eabi/11.3.1/../../../../arm-none-eabi/lib/thumb/v7e-m+fp/hard\libc_nano.a(libc_a-mlock.o)
                0x0000000008007ab0                __malloc_lock
 .text.__malloc_unlock
                0x0000000008007abc        0xc C:/ST/STM32CubeIDE_1.14.1/STM32CubeIDE/plugins/com.st.stm32cube.ide.mcu.externaltools.gnu-tools-for-stm32.11.3.rel1.win32_1.1.100.202309141235/tools/bin/../lib/gcc/arm-none-eabi/11.3.1/../../../../arm-none-eabi/lib/thumb/v7e-m+fp/hard\libc_nano.a(libc_a-mlock.o)
                0x0000000008007abc                __malloc_unlock
 .text.__ssputs_r
                0x0000000008007ac8       0xb4 C:/ST/STM32CubeIDE_1.14.1/STM32CubeIDE/plugins/com.st.stm32cube.ide.mcu.externaltools.gnu-tools-for-stm32.11.3.rel1.win32_1.1.100.202309141235/tools/bin/../lib/gcc/arm-none-eabi/11.3.1/../../../../arm-none-eabi/lib/thumb/v7e-m+fp/hard\libc_nano.a(libc_a-nano-svfprintf.o)
                0x0000000008007ac8                __ssputs_r
 .text._svfprintf_r
                0x0000000008007b7c      0x1fc C:/ST/STM32CubeIDE_1.14.1/STM32CubeIDE/plugins/com.st.stm32cube.ide.mcu.externaltools.gnu-tools-for-stm32.11.3.rel1.win32_1.1.100.202309141235/tools/bin/../lib/gcc/arm-none-eabi/11.3.1/../../../../arm-none-eabi/lib/thumb/v7e-m+fp/hard\libc_nano.a(libc_a-nano-svfprintf.o)
                0x0000000008007b7c                _svfiprintf_r
                0x0000000008007b7c                _svfprintf_r
 .text._printf_common
                0x0000000008007d78       0xda C:/ST/STM32CubeIDE_1.14.1/STM32CubeIDE/plugins/com.st.stm32cube.ide.mcu.externaltools.gnu-tools-for-stm32.11.3.rel1.win32_1.1.100.202309141235/tools/bin/../lib/gcc/arm-none-eabi/11.3.1/../../../../arm-none-eabi/lib/thumb/v7e-m+fp/hard\libc_nano.a(libc_a-nano-vfprintf_i.o)
                0x0000000008007d78                _printf_common
 *fill*         0x0000000008007e52        0x2 
 .text._printf_i
                0x0000000008007e54      0x244 C:/ST/STM32CubeIDE_1.14.1/STM32CubeIDE/plugins/com.st.stm32cube.ide.mcu.externaltools.gnu-tools-for-stm32.11.3.rel1.win32_1.1.100.202309141235/tools/bin/../lib/gcc/arm-none-eabi/11.3.1/../../../../arm-none-eabi/lib/thumb/v7e-m+fp/hard\libc_nano.a(libc_a-nano-vfprintf_i.o)
                0x0000000008007e54                _printf_i
 .text.memmove  0x0000000008008098       0x34 C:/ST/STM32CubeIDE_1.14.1/STM32CubeIDE/plugins/com.st.stm32cube.ide.mcu.externaltools.gnu-tools-for-stm32.11.3.rel1.win32_1.1.100.202309141235/tools/bin/../lib/gcc/arm-none-eabi/11.3.1/../../../../arm-none-eabi/lib/thumb/v7e-m+fp/hard\libc_nano.a(libc_a-memmove.o)
                0x0000000008008098                memmove
 .text._sbrk_r  0x00000000080080cc       0x20 C:/ST/STM32CubeIDE_1.14.1/STM32CubeIDE/plugins/com.st.stm32cube.ide.mcu.externaltools.gnu-tools-for-stm32.11.3.rel1.win32_1.1.100.202309141235/tools/bin/../lib/gcc/arm-none-eabi/11.3.1/../../../../arm-none-eabi/lib/thumb/v7e-m+fp/hard\libc_nano.a(libc_a-sbrkr.o)
                0x00000000080080cc                _sbrk_r
 .text._realloc_r
                0x00000000080080ec       0x5e C:/ST/STM32CubeIDE_1.14.1/STM32CubeIDE/plugins/com.st.stm32cube.ide.mcu.externaltools.gnu-tools-for-stm32.11.3.rel1.win32_1.1.100.202309141235/tools/bin/../lib/gcc/arm-none-eabi/11.3.1/../../../../arm-none-eabi/lib/thumb/v7e-m+fp/hard\libc_nano.a(libc_a-reallocr.o)
                0x00000000080080ec                _realloc_r
 .text._malloc_usable_size_r
                0x000000000800814a       0x10 C:/ST/STM32CubeIDE_1.14.1/STM32CubeIDE/plugins/com.st.stm32cube.ide.mcu.externaltools.gnu-tools-for-stm32.11.3.rel1.win32_1.1.100.202309141235/tools/bin/../lib/gcc/arm-none-eabi/11.3.1/../../../../arm-none-eabi/lib/thumb/v7e-m+fp/hard\libc_nano.a(libc_a-msizer.o)
                0x000000000800814a                _malloc_usable_size_r
 *(.glue_7)
 .glue_7        0x000000000800815a        0x0 linker stubs
 *(.glue_7t)
 .glue_7t       0x000000000800815a        0x0 linker stubs
 *(.eh_frame)
 *fill*         0x000000000800815a        0x2 
 .eh_frame      0x000000000800815c        0x0 C:/ST/STM32CubeIDE_1.14.1/STM32CubeIDE/plugins/com.st.stm32cube.ide.mcu.externaltools.gnu-tools-for-stm32.11.3.rel1.win32_1.1.100.202309141235/tools/bin/../lib/gcc/arm-none-eabi/11.3.1/thumb/v7e-m+fp/hard/crtbegin.o
 *(.init)
 .init          0x000000000800815c        0x4 C:/ST/STM32CubeIDE_1.14.1/STM32CubeIDE/plugins/com.st.stm32cube.ide.mcu.externaltools.gnu-tools-for-stm32.11.3.rel1.win32_1.1.100.202309141235/tools/bin/../lib/gcc/arm-none-eabi/11.3.1/thumb/v7e-m+fp/hard/crti.o
                0x000000000800815c                _init
 .init          0x0000000008008160        0x8 C:/ST/STM32CubeIDE_1.14.1/STM32CubeIDE/plugins/com.st.stm32cube.ide.mcu.externaltools.gnu-tools-for-stm32.11.3.rel1.win32_1.1.100.202309141235/tools/bin/../lib/gcc/arm-none-eabi/11.3.1/thumb/v7e-m+fp/hard/crtn.o
 *(.fini)
 .fini          0x0000000008008168        0x4 C:/ST/STM32CubeIDE_1.14.1/STM32CubeIDE/plugins/com.st.stm32cube.ide.mcu.externaltools.gnu-tools-for-stm32.11.3.rel1.win32_1.1.100.202309141235/tools/bin/../lib/gcc/arm-none-eabi/11.3.1/thumb/v7e-m+fp/hard/crti.o
                0x0000000008008168                _fini
 .fini          0x000000000800816c        0x8 C:/ST/STM32CubeIDE_1.14.1/STM32CubeIDE/plugins/com.st.stm32cube.ide.mcu.externaltools.gnu-tools-for-stm32.11.3.rel1.win32_1.1.100.202309141235/tools/bin/../lib/gcc/arm-none-eabi/11.3.1/thumb/v7e-m+fp/hard/crtn.o
                0x0000000008008174                . = ALIGN (0x4)
                0x0000000008008174                _etext = .

.vfp11_veneer   0x0000000008008174        0x0
 .vfp11_veneer  0x0000000008008174        0x0 linker stubs

.v4_bx          0x0000000008008174        0x0
 .v4_bx         0x0000000008008174        0x0 linker stubs

.iplt           0x0000000008008174        0x0
 .iplt          0x0000000008008174        0x0 C:/ST/STM32CubeIDE_1.14.1/STM32CubeIDE/plugins/com.st.stm32cube.ide.mcu.externaltools.gnu-tools-for-stm32.11.3.rel1.win32_1.1.100.202309141235/tools/bin/../lib/gcc/arm-none-eabi/11.3.1/thumb/v7e-m+fp/hard/crtbegin.o

.rodata         0x0000000008008174      0xc90
                0x0000000008008174                . = ALIGN (0x4)
 *(.rodata)
 .rodata        0x0000000008008174       0x14 ./Core/Src/IMU.o
 .rodata        0x0000000008008188        0xe ./Core/Src/main.o
 *(.rodata*)
 .rodata.IMU_Initialise.str1.1
                0x0000000008008196       0x8b ./Core/Src/IMU.o
 .rodata.StartDefaultTask.str1.1
                0x0000000008008221        0x8 ./Core/Src/main.o
 .rodata.Display.str1.1
                0x0000000008008229        0x4 ./Core/Src/main.o
 .rodata.LeftMotor.str1.1
                0x000000000800822d        0x2 ./Core/Src/main.o
 .rodata.GyroFunc.str1.1
                0x000000000800822f       0x1f ./Core/Src/main.o
                                         0x22 (size before relaxing)
 .rodata.str1.1
                0x000000000800824e       0x34 ./Core/Src/main.o
 *fill*         0x0000000008008282        0x2 
 .rodata.DisplayTask_attributes
                0x0000000008008284       0x24 ./Core/Src/main.o
                0x0000000008008284                DisplayTask_attributes
 .rodata.GyroTask_attributes
                0x00000000080082a8       0x24 ./Core/Src/main.o
                0x00000000080082a8                GyroTask_attributes
 .rodata.Motor_L_attributes
                0x00000000080082cc       0x24 ./Core/Src/main.o
                0x00000000080082cc                Motor_L_attributes
 .rodata.Ultrasonic_attributes
                0x00000000080082f0       0x24 ./Core/Src/main.o
                0x00000000080082f0                Ultrasonic_attributes
 .rodata.defaultTask_attributes
                0x0000000008008314       0x24 ./Core/Src/main.o
                0x0000000008008314                defaultTask_attributes
 .rodata.oled_asc2_1206
                0x0000000008008338      0x474 ./Core/Src/oled_SC2104.o
                0x0000000008008338                oled_asc2_1206
 .rodata.oled_asc2_1608
                0x00000000080087ac      0x5f0 ./Core/Src/oled_SC2104.o
                0x00000000080087ac                oled_asc2_1608
 .rodata.AHBPrescTable
                0x0000000008008d9c       0x10 ./Core/Src/system_stm32f4xx.o
                0x0000000008008d9c                AHBPrescTable
 .rodata.APBPrescTable
                0x0000000008008dac        0x8 ./Core/Src/system_stm32f4xx.o
                0x0000000008008dac                APBPrescTable
 .rodata.flagBitshiftOffset.0
                0x0000000008008db4        0x8 ./Drivers/STM32F4xx_HAL_Driver/Src/stm32f4xx_hal_dma.o
 .rodata.vTaskStartScheduler.str1.1
                0x0000000008008dbc        0x5 ./Middlewares/Third_Party/FreeRTOS/Source/tasks.o
 .rodata.prvCheckForValidListAndQueue.str1.1
                0x0000000008008dc1        0x5 ./Middlewares/Third_Party/FreeRTOS/Source/timers.o
 .rodata.xTimerCreateTimerTask.str1.1
                0x0000000008008dc6        0x8 ./Middlewares/Third_Party/FreeRTOS/Source/timers.o
 .rodata._svfprintf_r.str1.1
                0x0000000008008dce       0x11 C:/ST/STM32CubeIDE_1.14.1/STM32CubeIDE/plugins/com.st.stm32cube.ide.mcu.externaltools.gnu-tools-for-stm32.11.3.rel1.win32_1.1.100.202309141235/tools/bin/../lib/gcc/arm-none-eabi/11.3.1/../../../../arm-none-eabi/lib/thumb/v7e-m+fp/hard\libc_nano.a(libc_a-nano-svfprintf.o)
 .rodata._printf_i.str1.1
                0x0000000008008ddf       0x22 C:/ST/STM32CubeIDE_1.14.1/STM32CubeIDE/plugins/com.st.stm32cube.ide.mcu.externaltools.gnu-tools-for-stm32.11.3.rel1.win32_1.1.100.202309141235/tools/bin/../lib/gcc/arm-none-eabi/11.3.1/../../../../arm-none-eabi/lib/thumb/v7e-m+fp/hard\libc_nano.a(libc_a-nano-vfprintf_i.o)
                0x0000000008008e04                . = ALIGN (0x4)
 *fill*         0x0000000008008e01        0x3 

.ARM.extab      0x0000000008008e04        0x0
                0x0000000008008e04                . = ALIGN (0x4)
 *(.ARM.extab* .gnu.linkonce.armextab.*)
                0x0000000008008e04                . = ALIGN (0x4)

.ARM            0x0000000008008e04        0x8
                0x0000000008008e04                . = ALIGN (0x4)
                0x0000000008008e04                __exidx_start = .
 *(.ARM.exidx*)
 .ARM.exidx     0x0000000008008e04        0x8 C:/ST/STM32CubeIDE_1.14.1/STM32CubeIDE/plugins/com.st.stm32cube.ide.mcu.externaltools.gnu-tools-for-stm32.11.3.rel1.win32_1.1.100.202309141235/tools/bin/../lib/gcc/arm-none-eabi/11.3.1/thumb/v7e-m+fp/hard\libgcc.a(_udivmoddi4.o)
                0x0000000008008e0c                __exidx_end = .
                0x0000000008008e0c                . = ALIGN (0x4)

.rel.dyn        0x0000000008008e0c        0x0
 .rel.iplt      0x0000000008008e0c        0x0 C:/ST/STM32CubeIDE_1.14.1/STM32CubeIDE/plugins/com.st.stm32cube.ide.mcu.externaltools.gnu-tools-for-stm32.11.3.rel1.win32_1.1.100.202309141235/tools/bin/../lib/gcc/arm-none-eabi/11.3.1/thumb/v7e-m+fp/hard/crtbegin.o

.preinit_array  0x0000000008008e0c        0x0
                0x0000000008008e0c                . = ALIGN (0x4)
                0x0000000008008e0c                PROVIDE (__preinit_array_start = .)
 *(.preinit_array*)
                0x0000000008008e0c                PROVIDE (__preinit_array_end = .)
                0x0000000008008e0c                . = ALIGN (0x4)

.init_array     0x0000000008008e0c        0x4
                0x0000000008008e0c                . = ALIGN (0x4)
                0x0000000008008e0c                PROVIDE (__init_array_start = .)
 *(SORT_BY_NAME(.init_array.*))
 *(.init_array*)
 .init_array    0x0000000008008e0c        0x4 C:/ST/STM32CubeIDE_1.14.1/STM32CubeIDE/plugins/com.st.stm32cube.ide.mcu.externaltools.gnu-tools-for-stm32.11.3.rel1.win32_1.1.100.202309141235/tools/bin/../lib/gcc/arm-none-eabi/11.3.1/thumb/v7e-m+fp/hard/crtbegin.o
                0x0000000008008e10                PROVIDE (__init_array_end = .)
                0x0000000008008e10                . = ALIGN (0x4)

.fini_array     0x0000000008008e10        0x4
                0x0000000008008e10                . = ALIGN (0x4)
                [!provide]                        PROVIDE (__fini_array_start = .)
 *(SORT_BY_NAME(.fini_array.*))
 *(.fini_array*)
 .fini_array    0x0000000008008e10        0x4 C:/ST/STM32CubeIDE_1.14.1/STM32CubeIDE/plugins/com.st.stm32cube.ide.mcu.externaltools.gnu-tools-for-stm32.11.3.rel1.win32_1.1.100.202309141235/tools/bin/../lib/gcc/arm-none-eabi/11.3.1/thumb/v7e-m+fp/hard/crtbegin.o
                [!provide]                        PROVIDE (__fini_array_end = .)
                0x0000000008008e14                . = ALIGN (0x4)
                0x0000000008008e14                _sidata = LOADADDR (.data)

.data           0x0000000020000000       0x90 load address 0x0000000008008e14
                0x0000000020000000                . = ALIGN (0x4)
                0x0000000020000000                _sdata = .
 *(.data)
 *(.data*)
 .data.left_ratio
                0x0000000020000000        0x8 ./Core/Src/main.o
                0x0000000020000000                left_ratio
 .data.max_pwm_dif
                0x0000000020000008        0x8 ./Core/Src/main.o
                0x0000000020000008                max_pwm_dif
 .data.min_pwm_ratio
                0x0000000020000010        0x8 ./Core/Src/main.o
                0x0000000020000010                min_pwm_ratio
 .data.min_pwm_turn
                0x0000000020000018        0x8 ./Core/Src/main.o
                0x0000000020000018                min_pwm_turn
 .data.prevTurn
                0x0000000020000020        0x1 ./Core/Src/main.o
                0x0000000020000020                prevTurn
 *fill*         0x0000000020000021        0x1 
 .data.pwmVal   0x0000000020000022        0x2 ./Core/Src/main.o
                0x0000000020000022                pwmVal
 .data.pwmVal_Turn
                0x0000000020000024        0x2 ./Core/Src/main.o
                0x0000000020000024                pwmVal_Turn
 *fill*         0x0000000020000026        0x2 
 .data.right_ratio
                0x0000000020000028        0x8 ./Core/Src/main.o
                0x0000000020000028                right_ratio
 .data.SystemCoreClock
                0x0000000020000030        0x4 ./Core/Src/system_stm32f4xx.o
                0x0000000020000030                SystemCoreClock
 .data.uwTickFreq
                0x0000000020000034        0x1 ./Drivers/STM32F4xx_HAL_Driver/Src/stm32f4xx_hal.o
                0x0000000020000034                uwTickFreq
 *fill*         0x0000000020000035        0x3 
 .data.uwTickPrio
                0x0000000020000038        0x4 ./Drivers/STM32F4xx_HAL_Driver/Src/stm32f4xx_hal.o
                0x0000000020000038                uwTickPrio
 .data.uxCriticalNesting
                0x000000002000003c        0x4 ./Middlewares/Third_Party/FreeRTOS/Source/portable/GCC/ARM_CM4F/port.o
 .data._impure_data
                0x0000000020000040       0x4c C:/ST/STM32CubeIDE_1.14.1/STM32CubeIDE/plugins/com.st.stm32cube.ide.mcu.externaltools.gnu-tools-for-stm32.11.3.rel1.win32_1.1.100.202309141235/tools/bin/../lib/gcc/arm-none-eabi/11.3.1/../../../../arm-none-eabi/lib/thumb/v7e-m+fp/hard\libc_nano.a(libc_a-impure.o)
                0x0000000020000040                _impure_data
 .data._impure_ptr
                0x000000002000008c        0x4 C:/ST/STM32CubeIDE_1.14.1/STM32CubeIDE/plugins/com.st.stm32cube.ide.mcu.externaltools.gnu-tools-for-stm32.11.3.rel1.win32_1.1.100.202309141235/tools/bin/../lib/gcc/arm-none-eabi/11.3.1/../../../../arm-none-eabi/lib/thumb/v7e-m+fp/hard\libc_nano.a(libc_a-impure.o)
                0x000000002000008c                _impure_ptr
 *(.RamFunc)
 *(.RamFunc*)
                0x0000000020000090                . = ALIGN (0x4)
                0x0000000020000090                _edata = .
                0x0000000008008ea4                _siccmram = LOADADDR (.ccmram)

.igot.plt       0x0000000020000090        0x0 load address 0x0000000008008ea4
 .igot.plt      0x0000000020000090        0x0 C:/ST/STM32CubeIDE_1.14.1/STM32CubeIDE/plugins/com.st.stm32cube.ide.mcu.externaltools.gnu-tools-for-stm32.11.3.rel1.win32_1.1.100.202309141235/tools/bin/../lib/gcc/arm-none-eabi/11.3.1/thumb/v7e-m+fp/hard/crtbegin.o

.ccmram         0x0000000010000000        0x0 load address 0x0000000008008ea4
                0x0000000010000000                . = ALIGN (0x4)
                0x0000000010000000                _sccmram = .
 *(.ccmram)
 *(.ccmram*)
                0x0000000010000000                . = ALIGN (0x4)
                0x0000000010000000                _eccmram = .
                0x0000000010000000                . = ALIGN (0x4)

.bss            0x0000000020000090     0x533c
                0x0000000020000090                _sbss = .
                0x0000000020000090                __bss_start__ = _sbss
 *(.bss)
 .bss           0x0000000020000090       0x1c C:/ST/STM32CubeIDE_1.14.1/STM32CubeIDE/plugins/com.st.stm32cube.ide.mcu.externaltools.gnu-tools-for-stm32.11.3.rel1.win32_1.1.100.202309141235/tools/bin/../lib/gcc/arm-none-eabi/11.3.1/thumb/v7e-m+fp/hard/crtbegin.o
 *(.bss*)
 .bss.gyroNegOld
                0x00000000200000ac        0xc ./Core/Src/IMU.o
                0x00000000200000ac                gyroNegOld
 .bss.gyroPosOld
                0x00000000200000b8        0xc ./Core/Src/IMU.o
                0x00000000200000b8                gyroPosOld
 .bss.gyro_offset
                0x00000000200000c4        0x6 ./Core/Src/IMU.o
                0x00000000200000c4                gyro_offset
 *fill*         0x00000000200000ca        0x2 
 .bss.gyro_offset_f
                0x00000000200000cc        0x4 ./Core/Src/IMU.o
                0x00000000200000cc                gyro_offset_f
 .bss.prevTick  0x00000000200000d0        0x4 ./Core/Src/IMU.o
                0x00000000200000d0                prevTick
 .bss.ret       0x00000000200000d4        0x1 ./Core/Src/IMU.o
                0x00000000200000d4                ret
 .bss.Buffer    0x00000000200000d5        0x5 ./Core/Src/main.o
                0x00000000200000d5                Buffer
 *fill*         0x00000000200000da        0x2 
 .bss.Difference
                0x00000000200000dc        0x4 ./Core/Src/main.o
                0x00000000200000dc                Difference
 .bss.DisplayTaskHandle
                0x00000000200000e0        0x4 ./Core/Src/main.o
                0x00000000200000e0                DisplayTaskHandle
 .bss.Distance  0x00000000200000e4        0x4 ./Core/Src/main.o
                0x00000000200000e4                Distance
 .bss.GyroTaskHandle
                0x00000000200000e8        0x4 ./Core/Src/main.o
                0x00000000200000e8                GyroTaskHandle
 .bss.IC_Val1   0x00000000200000ec        0x4 ./Core/Src/main.o
                0x00000000200000ec                IC_Val1
 .bss.IC_Val2   0x00000000200000f0        0x4 ./Core/Src/main.o
                0x00000000200000f0                IC_Val2
 .bss.Is_First_Captured
                0x00000000200000f4        0x1 ./Core/Src/main.o
                0x00000000200000f4                Is_First_Captured
 *fill*         0x00000000200000f5        0x3 
 .bss.Motor_LHandle
                0x00000000200000f8        0x4 ./Core/Src/main.o
                0x00000000200000f8                Motor_LHandle
 *fill*         0x00000000200000fc        0x4 
 .bss.PID_out   0x0000000020000100        0x8 ./Core/Src/main.o
                0x0000000020000100                PID_out
 .bss.StraightErr_PID
                0x0000000020000108       0x70 ./Core/Src/main.o
                0x0000000020000108                StraightErr_PID
 .bss.Straight_PID
                0x0000000020000178       0x70 ./Core/Src/main.o
                0x0000000020000178                Straight_PID
 .bss.Turning_PID
                0x00000000200001e8       0x70 ./Core/Src/main.o
                0x00000000200001e8                Turning_PID
 .bss.UltrasonicHandle
                0x0000000020000258        0x4 ./Core/Src/main.o
                0x0000000020000258                UltrasonicHandle
 *fill*         0x000000002000025c        0x4 
 .bss.current_angle
                0x0000000020000260        0x8 ./Core/Src/main.o
                0x0000000020000260                current_angle
 .bss.current_gyro
                0x0000000020000268        0x8 ./Core/Src/main.o
                0x0000000020000268                current_gyro
 .bss.defaultTaskHandle
                0x0000000020000270        0x4 ./Core/Src/main.o
                0x0000000020000270                defaultTaskHandle
 .bss.encoder_position
                0x0000000020000274        0x4 ./Core/Src/main.o
                0x0000000020000274                encoder_position
 .bss.hdma_usart3_rx
                0x0000000020000278       0x60 ./Core/Src/main.o
                0x0000000020000278                hdma_usart3_rx
 .bss.hi2c1     0x00000000200002d8       0x54 ./Core/Src/main.o
                0x00000000200002d8                hi2c1
 .bss.htim1     0x000000002000032c       0x48 ./Core/Src/main.o
                0x000000002000032c                htim1
 .bss.htim2     0x0000000020000374       0x48 ./Core/Src/main.o
                0x0000000020000374                htim2
 .bss.htim3     0x00000000200003bc       0x48 ./Core/Src/main.o
                0x00000000200003bc                htim3
 .bss.htim4     0x0000000020000404       0x48 ./Core/Src/main.o
                0x0000000020000404                htim4
 .bss.htim8     0x000000002000044c       0x48 ./Core/Src/main.o
                0x000000002000044c                htim8
 .bss.huart3    0x0000000020000494       0x44 ./Core/Src/main.o
                0x0000000020000494                huart3
 .bss.imu       0x00000000200004d8       0x24 ./Core/Src/main.o
                0x00000000200004d8                imu
 .bss.is_calibrated
                0x00000000200004fc        0x1 ./Core/Src/main.o
                0x00000000200004fc                is_calibrated
 *fill*         0x00000000200004fd        0x3 
 .bss.prevDistance
                0x0000000020000500       0x10 ./Core/Src/main.o
                0x0000000020000500                prevDistance
 .bss.savedDistances
                0x0000000020000510       0x14 ./Core/Src/main.o
                0x0000000020000510                savedDistances
 .bss.t_heading
                0x0000000020000524        0x4 ./Core/Src/main.o
                0x0000000020000524                t_heading
 .bss.travel_dist
                0x0000000020000528        0x8 ./Core/Src/main.o
                0x0000000020000528                travel_dist
 .bss.OLED_GRAM
                0x0000000020000530      0x400 ./Core/Src/oled_SC2104.o
                0x0000000020000530                OLED_GRAM
 .bss.__sbrk_heap_end
                0x0000000020000930        0x4 ./Core/Src/sysmem.o
 .bss.uwTick    0x0000000020000934        0x4 ./Drivers/STM32F4xx_HAL_Driver/Src/stm32f4xx_hal.o
                0x0000000020000934                uwTick
 .bss.Idle_Stack.2
                0x0000000020000938      0x200 ./Middlewares/Third_Party/FreeRTOS/Source/CMSIS_RTOS_V2/cmsis_os2.o
 .bss.Idle_TCB.3
                0x0000000020000b38       0x5c ./Middlewares/Third_Party/FreeRTOS/Source/CMSIS_RTOS_V2/cmsis_os2.o
 .bss.KernelState
                0x0000000020000b94        0x4 ./Middlewares/Third_Party/FreeRTOS/Source/CMSIS_RTOS_V2/cmsis_os2.o
 .bss.Timer_Stack.0
                0x0000000020000b98      0x400 ./Middlewares/Third_Party/FreeRTOS/Source/CMSIS_RTOS_V2/cmsis_os2.o
 .bss.Timer_TCB.1
                0x0000000020000f98       0x5c ./Middlewares/Third_Party/FreeRTOS/Source/CMSIS_RTOS_V2/cmsis_os2.o
 .bss.xQueueRegistry
                0x0000000020000ff4       0x40 ./Middlewares/Third_Party/FreeRTOS/Source/queue.o
                0x0000000020000ff4                xQueueRegistry
 .bss.pxCurrentTCB
                0x0000000020001034        0x4 ./Middlewares/Third_Party/FreeRTOS/Source/tasks.o
                0x0000000020001034                pxCurrentTCB
 .bss.pxDelayedTaskList
                0x0000000020001038        0x4 ./Middlewares/Third_Party/FreeRTOS/Source/tasks.o
 .bss.pxOverflowDelayedTaskList
                0x000000002000103c        0x4 ./Middlewares/Third_Party/FreeRTOS/Source/tasks.o
 .bss.pxReadyTasksLists
                0x0000000020001040      0x460 ./Middlewares/Third_Party/FreeRTOS/Source/tasks.o
 .bss.uxCurrentNumberOfTasks
                0x00000000200014a0        0x4 ./Middlewares/Third_Party/FreeRTOS/Source/tasks.o
 .bss.uxDeletedTasksWaitingCleanUp
                0x00000000200014a4        0x4 ./Middlewares/Third_Party/FreeRTOS/Source/tasks.o
 .bss.uxSchedulerSuspended
                0x00000000200014a8        0x4 ./Middlewares/Third_Party/FreeRTOS/Source/tasks.o
 .bss.uxTaskNumber
                0x00000000200014ac        0x4 ./Middlewares/Third_Party/FreeRTOS/Source/tasks.o
 .bss.uxTopReadyPriority
                0x00000000200014b0        0x4 ./Middlewares/Third_Party/FreeRTOS/Source/tasks.o
 .bss.xDelayedTaskList1
                0x00000000200014b4       0x14 ./Middlewares/Third_Party/FreeRTOS/Source/tasks.o
 .bss.xDelayedTaskList2
                0x00000000200014c8       0x14 ./Middlewares/Third_Party/FreeRTOS/Source/tasks.o
 .bss.xNextTaskUnblockTime
                0x00000000200014dc        0x4 ./Middlewares/Third_Party/FreeRTOS/Source/tasks.o
 .bss.xNumOfOverflows
                0x00000000200014e0        0x4 ./Middlewares/Third_Party/FreeRTOS/Source/tasks.o
 .bss.xPendedTicks
                0x00000000200014e4        0x4 ./Middlewares/Third_Party/FreeRTOS/Source/tasks.o
 .bss.xPendingReadyList
                0x00000000200014e8       0x14 ./Middlewares/Third_Party/FreeRTOS/Source/tasks.o
 .bss.xSchedulerRunning
                0x00000000200014fc        0x4 ./Middlewares/Third_Party/FreeRTOS/Source/tasks.o
 .bss.xSuspendedTaskList
                0x0000000020001500       0x14 ./Middlewares/Third_Party/FreeRTOS/Source/tasks.o
 .bss.xTasksWaitingTermination
                0x0000000020001514       0x14 ./Middlewares/Third_Party/FreeRTOS/Source/tasks.o
 .bss.xTickCount
                0x0000000020001528        0x4 ./Middlewares/Third_Party/FreeRTOS/Source/tasks.o
 .bss.xYieldPending
                0x000000002000152c        0x4 ./Middlewares/Third_Party/FreeRTOS/Source/tasks.o
 .bss.pxCurrentTimerList
                0x0000000020001530        0x4 ./Middlewares/Third_Party/FreeRTOS/Source/timers.o
 .bss.pxOverflowTimerList
                0x0000000020001534        0x4 ./Middlewares/Third_Party/FreeRTOS/Source/timers.o
 .bss.ucStaticTimerQueueStorage.1
                0x0000000020001538       0xa0 ./Middlewares/Third_Party/FreeRTOS/Source/timers.o
 .bss.xActiveTimerList1
                0x00000000200015d8       0x14 ./Middlewares/Third_Party/FreeRTOS/Source/timers.o
 .bss.xActiveTimerList2
                0x00000000200015ec       0x14 ./Middlewares/Third_Party/FreeRTOS/Source/timers.o
 .bss.xLastTime.2
                0x0000000020001600        0x4 ./Middlewares/Third_Party/FreeRTOS/Source/timers.o
 .bss.xStaticTimerQueue.0
                0x0000000020001604       0x50 ./Middlewares/Third_Party/FreeRTOS/Source/timers.o
 .bss.xTimerQueue
                0x0000000020001654        0x4 ./Middlewares/Third_Party/FreeRTOS/Source/timers.o
 .bss.xTimerTaskHandle
                0x0000000020001658        0x4 ./Middlewares/Third_Party/FreeRTOS/Source/timers.o
 .bss.ucMaxSysCallPriority
                0x000000002000165c        0x1 ./Middlewares/Third_Party/FreeRTOS/Source/portable/GCC/ARM_CM4F/port.o
 *fill*         0x000000002000165d        0x3 
 .bss.ulMaxPRIGROUPValue
                0x0000000020001660        0x4 ./Middlewares/Third_Party/FreeRTOS/Source/portable/GCC/ARM_CM4F/port.o
 .bss.pxEnd     0x0000000020001664        0x4 ./Middlewares/Third_Party/FreeRTOS/Source/portable/MemMang/heap_4.o
 .bss.ucHeap    0x0000000020001668     0x3c00 ./Middlewares/Third_Party/FreeRTOS/Source/portable/MemMang/heap_4.o
 .bss.xBlockAllocatedBit
                0x0000000020005268        0x4 ./Middlewares/Third_Party/FreeRTOS/Source/portable/MemMang/heap_4.o
 .bss.xFreeBytesRemaining
                0x000000002000526c        0x4 ./Middlewares/Third_Party/FreeRTOS/Source/portable/MemMang/heap_4.o
 .bss.xMinimumEverFreeBytesRemaining
                0x0000000020005270        0x4 ./Middlewares/Third_Party/FreeRTOS/Source/portable/MemMang/heap_4.o
 .bss.xNumberOfSuccessfulAllocations
                0x0000000020005274        0x4 ./Middlewares/Third_Party/FreeRTOS/Source/portable/MemMang/heap_4.o
 .bss.xNumberOfSuccessfulFrees
                0x0000000020005278        0x4 ./Middlewares/Third_Party/FreeRTOS/Source/portable/MemMang/heap_4.o
 .bss.xStart    0x000000002000527c        0x8 ./Middlewares/Third_Party/FreeRTOS/Source/portable/MemMang/heap_4.o
 .bss.__sf      0x0000000020005284      0x138 C:/ST/STM32CubeIDE_1.14.1/STM32CubeIDE/plugins/com.st.stm32cube.ide.mcu.externaltools.gnu-tools-for-stm32.11.3.rel1.win32_1.1.100.202309141235/tools/bin/../lib/gcc/arm-none-eabi/11.3.1/../../../../arm-none-eabi/lib/thumb/v7e-m+fp/hard\libc_nano.a(libc_a-findfp.o)
                0x0000000020005284                __sf
 .bss.errno     0x00000000200053bc        0x4 C:/ST/STM32CubeIDE_1.14.1/STM32CubeIDE/plugins/com.st.stm32cube.ide.mcu.externaltools.gnu-tools-for-stm32.11.3.rel1.win32_1.1.100.202309141235/tools/bin/../lib/gcc/arm-none-eabi/11.3.1/../../../../arm-none-eabi/lib/thumb/v7e-m+fp/hard\libc_nano.a(libc_a-reent.o)
                0x00000000200053bc                errno
 .bss.__lock___malloc_recursive_mutex
                0x00000000200053c0        0x1 C:/ST/STM32CubeIDE_1.14.1/STM32CubeIDE/plugins/com.st.stm32cube.ide.mcu.externaltools.gnu-tools-for-stm32.11.3.rel1.win32_1.1.100.202309141235/tools/bin/../lib/gcc/arm-none-eabi/11.3.1/../../../../arm-none-eabi/lib/thumb/v7e-m+fp/hard\libc_nano.a(libc_a-lock.o)
                0x00000000200053c0                __lock___malloc_recursive_mutex
 *fill*         0x00000000200053c1        0x3 
 .bss.__malloc_free_list
                0x00000000200053c4        0x4 C:/ST/STM32CubeIDE_1.14.1/STM32CubeIDE/plugins/com.st.stm32cube.ide.mcu.externaltools.gnu-tools-for-stm32.11.3.rel1.win32_1.1.100.202309141235/tools/bin/../lib/gcc/arm-none-eabi/11.3.1/../../../../arm-none-eabi/lib/thumb/v7e-m+fp/hard\libc_nano.a(libc_a-mallocr.o)
                0x00000000200053c4                __malloc_free_list
 .bss.__malloc_sbrk_start
                0x00000000200053c8        0x4 C:/ST/STM32CubeIDE_1.14.1/STM32CubeIDE/plugins/com.st.stm32cube.ide.mcu.externaltools.gnu-tools-for-stm32.11.3.rel1.win32_1.1.100.202309141235/tools/bin/../lib/gcc/arm-none-eabi/11.3.1/../../../../arm-none-eabi/lib/thumb/v7e-m+fp/hard\libc_nano.a(libc_a-mallocr.o)
                0x00000000200053c8                __malloc_sbrk_start
 *(COMMON)
                0x00000000200053cc                . = ALIGN (0x4)
                0x00000000200053cc                _ebss = .
                0x00000000200053cc                __bss_end__ = _ebss

._user_heap_stack
                0x00000000200053cc      0x604
                0x00000000200053d0                . = ALIGN (0x8)
 *fill*         0x00000000200053cc        0x4 
                [!provide]                        PROVIDE (end = .)
                0x00000000200053d0                PROVIDE (_end = .)
                0x00000000200055d0                . = (. + _Min_Heap_Size)
 *fill*         0x00000000200053d0      0x200 
                0x00000000200059d0                . = (. + _Min_Stack_Size)
 *fill*         0x00000000200055d0      0x400 
                0x00000000200059d0                . = ALIGN (0x8)

/DISCARD/
 libc.a(*)
 libm.a(*)
 libgcc.a(*)

.ARM.attributes
                0x0000000000000000       0x30
 *(.ARM.attributes)
 .ARM.attributes
                0x0000000000000000       0x1e C:/ST/STM32CubeIDE_1.14.1/STM32CubeIDE/plugins/com.st.stm32cube.ide.mcu.externaltools.gnu-tools-for-stm32.11.3.rel1.win32_1.1.100.202309141235/tools/bin/../lib/gcc/arm-none-eabi/11.3.1/thumb/v7e-m+fp/hard/crti.o
 .ARM.attributes
                0x000000000000001e       0x34 C:/ST/STM32CubeIDE_1.14.1/STM32CubeIDE/plugins/com.st.stm32cube.ide.mcu.externaltools.gnu-tools-for-stm32.11.3.rel1.win32_1.1.100.202309141235/tools/bin/../lib/gcc/arm-none-eabi/11.3.1/thumb/v7e-m+fp/hard/crtbegin.o
 .ARM.attributes
                0x0000000000000052       0x34 ./Core/Src/IMU.o
 .ARM.attributes
                0x0000000000000086       0x34 ./Core/Src/main.o
 .ARM.attributes
                0x00000000000000ba       0x34 ./Core/Src/oled_SC2104.o
 .ARM.attributes
                0x00000000000000ee       0x34 ./Core/Src/pid.o
 .ARM.attributes
                0x0000000000000122       0x34 ./Core/Src/stm32f4xx_hal_msp.o
 .ARM.attributes
                0x0000000000000156       0x34 ./Core/Src/stm32f4xx_it.o
 .ARM.attributes
                0x000000000000018a       0x34 ./Core/Src/sysmem.o
 .ARM.attributes
                0x00000000000001be       0x34 ./Core/Src/system_stm32f4xx.o
 .ARM.attributes
                0x00000000000001f2       0x21 ./Core/Startup/startup_stm32f407vetx.o
 .ARM.attributes
                0x0000000000000213       0x34 ./Drivers/STM32F4xx_HAL_Driver/Src/stm32f4xx_hal.o
 .ARM.attributes
                0x0000000000000247       0x34 ./Drivers/STM32F4xx_HAL_Driver/Src/stm32f4xx_hal_cortex.o
 .ARM.attributes
                0x000000000000027b       0x34 ./Drivers/STM32F4xx_HAL_Driver/Src/stm32f4xx_hal_dma.o
 .ARM.attributes
                0x00000000000002af       0x34 ./Drivers/STM32F4xx_HAL_Driver/Src/stm32f4xx_hal_gpio.o
 .ARM.attributes
                0x00000000000002e3       0x34 ./Drivers/STM32F4xx_HAL_Driver/Src/stm32f4xx_hal_i2c.o
 .ARM.attributes
                0x0000000000000317       0x34 ./Drivers/STM32F4xx_HAL_Driver/Src/stm32f4xx_hal_pwr.o
 .ARM.attributes
                0x000000000000034b       0x34 ./Drivers/STM32F4xx_HAL_Driver/Src/stm32f4xx_hal_rcc.o
 .ARM.attributes
                0x000000000000037f       0x34 ./Drivers/STM32F4xx_HAL_Driver/Src/stm32f4xx_hal_tim.o
 .ARM.attributes
                0x00000000000003b3       0x34 ./Drivers/STM32F4xx_HAL_Driver/Src/stm32f4xx_hal_tim_ex.o
 .ARM.attributes
                0x00000000000003e7       0x34 ./Drivers/STM32F4xx_HAL_Driver/Src/stm32f4xx_hal_uart.o
 .ARM.attributes
                0x000000000000041b       0x34 ./Middlewares/Third_Party/FreeRTOS/Source/CMSIS_RTOS_V2/cmsis_os2.o
 .ARM.attributes
                0x000000000000044f       0x34 ./Middlewares/Third_Party/FreeRTOS/Source/list.o
 .ARM.attributes
                0x0000000000000483       0x34 ./Middlewares/Third_Party/FreeRTOS/Source/queue.o
 .ARM.attributes
                0x00000000000004b7       0x34 ./Middlewares/Third_Party/FreeRTOS/Source/tasks.o
 .ARM.attributes
                0x00000000000004eb       0x34 ./Middlewares/Third_Party/FreeRTOS/Source/timers.o
 .ARM.attributes
                0x000000000000051f       0x34 ./Middlewares/Third_Party/FreeRTOS/Source/portable/GCC/ARM_CM4F/port.o
 .ARM.attributes
                0x0000000000000553       0x34 ./Middlewares/Third_Party/FreeRTOS/Source/portable/MemMang/heap_4.o
 .ARM.attributes
                0x0000000000000587       0x34 C:/ST/STM32CubeIDE_1.14.1/STM32CubeIDE/plugins/com.st.stm32cube.ide.mcu.externaltools.gnu-tools-for-stm32.11.3.rel1.win32_1.1.100.202309141235/tools/bin/../lib/gcc/arm-none-eabi/11.3.1/../../../../arm-none-eabi/lib/thumb/v7e-m+fp/hard\libc_nano.a(libc_a-findfp.o)
 .ARM.attributes