../Core/Src/main.c:148:6:delay	16	static
../Core/Src/main.c:154:6:HAL_TIM_IC_CaptureCallback	16	static
../Core/Src/main.c:203:6:HCSR04_Read	8	static
../Core/Src/main.c:217:5:main	8	static
../Core/Src/main.c:325:6:SystemClock_Config	88	static
../Core/Src/main.c:365:13:MX_I2C1_Init	8	static
../Core/Src/main.c:399:13:MX_TIM1_Init	96	static
../Core/Src/main.c:472:13:MX_TIM2_Init	56	static
../Core/Src/main.c:521:13:MX_TIM3_Init	56	static
../Core/Src/main.c:570:13:MX_TIM4_Init	32	static
../Core/Src/main.c:618:13:MX_TIM8_Init	96	static
../Core/Src/main.c:696:13:MX_USART3_UART_Init	8	static
../Core/Src/main.c:727:13:MX_DMA_Init	16	static
../Core/Src/main.c:745:13:MX_GPIO_Init	56	static
../Core/Src/main.c:799:9:is_right	16	static
../Core/Src/main.c:814:6:StartDefaultTask	40	static
../Core/Src/main.c:838:6:Display	40	static
../Core/Src/main.c:863:6:LeftMotor	176	static
../Core/Src/main.c:1635:6:GyroFunc	64	static
../Core/Src/main.c:1754:6:sonic_sensor	40	static
../Core/Src/main.c:1773:6:Error_Handler	4	static,ignoring_inline_asm
